00000625 A __fixup_entries
00000a50 A __got2_entries
eff40000 T _start
eff40004 T version_string
eff40040 T _start_cont
eff400a8 T _start_of_vectors
eff400b0 t CriticalInput
eff40160 t MachineCheck
eff40210 t DataStorage
eff402c0 t InstStorage
eff40370 t ExtInterrupt
eff4041c t Alignment
eff404dc t ProgramCheck
eff40590 t FPUnavailable
eff40640 t SystemCall
eff406f0 t Decrementer
eff407a0 t IntervalTimer
eff40850 t WatchdogTimer
eff40900 t DataTLBError
eff409b0 t InstructionTLBError
eff40a60 t DebugBreakpoint
eff40b0c T _end_of_vectors
eff40c00 T transfer_to_handler
eff40c6c t int_return
eff40d4c T flush_icache
eff40d4c T invalidate_icache
eff40d68 T invalidate_dcache
eff40d84 T icache_enable
eff40dac T icache_disable
eff40dc8 T icache_status
eff40dd4 T dcache_enable
eff40e04 T dcache_disable
eff40e20 T dcache_status
eff40e2c T in8
eff40e34 T out8
eff40e40 T out16
eff40e4c T out16r
eff40e58 T out32
eff40e64 T out32r
eff40e70 T in16
eff40e78 T in16r
eff40e80 T in32
eff40e88 T in32r
eff40e90 T write_tlb
eff40ebc T relocate_code
eff40fa4 T in_ram
eff4100c t clear_bss
eff4103c T trap_init
eff410cc T unlock_ram_in_cache
eff41124 T flush_dcache
eff41198 T identify_cpu
eff41200 W cpu_mask
eff41274 W cpu_numcores
eff4131c T is_core_valid
eff41360 T arch_cpu_init
eff413ac T fixup_cpu
eff413f8 T cpu_eth_init
eff41428 T ft_fixup_num_cores
eff4156c W lbc_sdram_init
eff4156c t __lbc_sdram_init
eff41570 T print_lbc_regs
eff41620 T init_early_memctl_regs
eff416e0 T set_law
eff41750 T disable_law
eff4179c T set_next_law
eff4180c T set_last_law
eff4187c T print_laws
eff41940 T set_ddr_laws
eff41c64 T disable_non_ddr_laws
eff41ce8 T init_laws
eff42000 T __secondary_start_page
eff42140 T __bootpg_addr
eff42144 T __spin_table_addr
eff42160 T enable_cpu_a011_workaround
eff42164 t __secondary_start_code_end
eff42ffc t __secondary_reset_vector
eff43000 T __second_half_boot_page
eff43100 T __spin_table
eff43180 T spin_table_compat
eff43184 t __spin_table_end
eff44100 T ft_fixup_cpu
eff44378 T fdt_add_enet_stashing
eff4444c T ft_cpu_setup
eff44a5c T ft_verify_fdt
eff44c00 T get_my_id
eff44c08 T hold_cores_in_reset
eff44c68 T cpu_reset
eff44ca8 T cpu_disable
eff44d3c T is_core_disabled
eff44db0 T cpu_status
eff44e78 T cpu_release
eff44f64 T determine_mp_bootpg
eff44fb4 T get_spin_phys_addr
eff44fe4 T cpu_mp_lmb_reserve
eff45030 T setup_mp
eff45290 T fsl_serdes_init
eff45320 T is_serdes_configured
eff45374 W board_reset
eff45374 t __board_reset
eff45378 T checkcpu
eff45640 T do_reset
eff4568c W get_tbclk
eff4569c T print_reginfo
eff456d0 T dram_init
eff45724 T cpu_init_f
eff45768 T l2cache_init
eff458c4 T cpu_init_r
eff45934 T arch_preboot_os
eff4594c T cpu_secondary_init_r
eff45950 T cpu_init_early_f
eff459bc T interrupt_init_cpu
eff45a50 T irq_install_handler
eff45a54 T irq_free_handler
eff45a58 T timer_interrupt_cpu
eff45a64 T do_irqinfo
eff45a6c T get_sys_info
eff45b24 T get_clocks
eff45ba0 T get_bus_freq
eff45ba8 T get_ddr_freq
eff45bb0 T invalidate_tlb
eff45bd4 W init_tlbs
eff45c38 T read_tlbcam_entry
eff45c84 T print_tlbcam
eff45d40 T init_used_tlb_cams
eff45db0 T find_free_tlbcam
eff45df8 T set_tlb
eff45f14 T disable_tlb
eff45fb4 T find_tlb_idx
eff45ff4 T init_addr_map
eff4609c T tlb_map_range
eff46218 T setup_ddr_tlbs_phys
eff462d4 T setup_ddr_tlbs
eff4630c t print_backtrace
eff463c8 T show_regs
eff46494 T CritcalInputException
eff464bc T MachineCheckException
eff46668 T AlignmentException
eff466a0 T ProgramCheckException
eff46704 T UnknownException
eff4675c T ExtIntException
eff467cc T DebugException
eff4680c T strcpy
eff46828 T strncpy
eff46850 T strcat
eff4687c T strcmp
eff468a0 T strlen
eff468b8 T memset
eff46914 T memmove
eff4691c T memcpy
eff469b8 T backwards_memcpy
eff46a40 T memcmp
eff46a70 T memchr
eff46a98 T ppcDcbf
eff46aa0 T ppcDcbi
eff46aa8 T ppcDcbz
eff46ab0 T ppcSync
eff46ab8 T flush_dcache_range
eff46ae8 T invalidate_dcache_range
eff46b1c T get_ticks
eff46b34 T wait_ticks
eff46b80 T trap_reloc
eff46ba8 t boot_bd_t_linux
eff46c40 T arch_fixup_fdt
eff46c48 T arch_lmb_reserve
eff46d24 T do_bootm_linux
eff46e4c T boot_prep_vxworks
eff46ee4 T boot_jump_vxworks
eff46f40 T flush_cache
eff46f9c T search_exception_table
eff46ffc T enable_interrupts
eff4700c T disable_interrupts
eff47020 T interrupt_init
eff47074 T timer_interrupt
eff470c4 T get_timer
eff470fc W arch_reserve_stacks
eff4711c T usec2ticks
eff47188 T __udelay
eff471b8 T timer_init
eff471cc T board_early_init_f
eff471d4 T checkboard
eff47208 T pci_init_board
eff47238 T board_early_init_r
eff472d0 T board_eth_init
eff473e8 T ft_board_setup
eff474bc T fixed_sdram
eff4760c W do_go_exec
eff4763c t do_go
eff476c0 T do_bootm
eff477c0 T do_bootd
eff477fc t do_imls
eff4790c t image_info
eff47a28 t do_iminfo
eff47ab4 T bootm_maybe_autostart
eff47b38 t do_help
eff47b94 t do_version
eff47be4 T blk_common_cmd
eff47ef0 T source
eff480b0 t do_source
eff48144 t print_num
eff4817c t print_eth
eff481e8 W board_detail
eff481ec T do_bdinfo
eff48320 t do_coninfo
eff483e4 t cnvrt2
eff4842c T mk_date
eff48624 t do_date
eff48770 t do_echo
eff48840 t parse_numeric_param
eff48888 t parse_i2c_bus_addr
eff48920 W eeprom_write_enable
eff48928 T eeprom_init
eff4896c T eeprom_read
eff489fc T eeprom_write
eff48ab0 T do_eeprom
eff48c54 t load_elf_image_shdr
eff48d00 T valid_elf_image
eff48d5c T do_bootelf
eff48f1c T do_bootvx
eff49208 t do_exit
eff49258 T do_ext2load
eff49288 t do_ext2ls
eff492b8 T do_fat_size
eff492e8 T do_fat_fsload
eff49318 t do_fat_ls
eff49348 t do_fat_fsinfo
eff493f0 t fdt_valid
eff494ac t is_printable_string
eff49568 t print_data
eff496dc T set_working_fdt_addr
eff49718 t do_fdt
eff4a57c t flash_fill_sect_ranges
eff4a6e0 t abbrev_spec
eff4a83c t do_flinfo
eff4a8b0 T flash_sect_roundb
eff4a96c t addr_spec
eff4aa4c T flash_sect_erase
eff4aaf8 t do_flerase
eff4ad20 T flash_sect_protect
eff4adfc t do_protect
eff4b138 t do_i2c
eff4b1bc t do_i2c_bus_speed
eff4b248 t do_i2c_reset
eff4b294 t do_i2c_probe
eff4b398 t do_i2c_bus_num
eff4b458 t do_i2c_show_bus
eff4b54c t get_alen.constprop.5
eff4b58c t do_i2c_crc
eff4b6bc t mod_i2c_mem.isra.3
eff4b8c0 t do_i2c_nm
eff4b8c8 t do_i2c_mm
eff4b8d0 t do_i2c_md
eff4baac t do_i2c_read
eff4bb88 t do_i2c_mw
eff4bc9c t do_i2c_write
eff4bdf0 t do_i2c_loop
eff4bef8 W i2c_init_board
eff4befc t do_interrupts
eff4bf58 t evalexp
eff4c02c t evalstr
eff4c0c0 t binary_test
eff4c284 t do_itest
eff4c320 t bin_data_init
eff4c36c t k_data_save
eff4c3d0 t k_data_restore
eff4c434 t getcxmodem
eff4c478 t load_serial_ymodem
eff4c594 t bin_data_char
eff4c5e4 t chk1.constprop.1
eff4c638 t s1_sendpacket.constprop.2
eff4c6a0 t load_serial
eff4c8b4 t do_load_serial
eff4ca58 t do_load_serial_bin
eff4d194 t do_mem_mw
eff4d284 t do_mem_loop
eff4d394 t do_mem_md
eff4d488 t do_mem_cmp
eff4d5f8 t do_mem_base
eff4d654 t do_mem_cp
eff4d764 t do_mem_crc
eff4d7c0 t mod_mem.isra.0
eff4d964 t do_mem_mm
eff4d96c t do_mem_nm
eff4d974 t extract_range
eff4d9e8 t extract_range
eff4da90 t do_mii
eff4e310 t do_mdio
eff4e7c0 t do_sleep
eff4e8ac t do_mmcops
eff4e980 t init_mmc_device
eff4e9fc t do_mmc_rescan
eff4ea3c t do_mmc_hwpartition
eff4ef34 t do_mmc_list
eff4ef68 t do_mmc_dev
eff4f0a8 t do_mmc_read
eff4f1a4 t do_mmc_part
eff4f224 t do_mmc_erase
eff4f320 t do_mmc_write
eff4f434 t do_mmcinfo
eff4f7c0 t do_mmc_setdsr
eff4f870 t cpu_cmd
eff4f9d8 t part_delall
eff4fa30 t memsize_parse
eff4fae0 t mtd_part_info
eff4fb80 t env_get_mtdparts
eff4fbe8 t memsize_format
eff4fc78 t index_partitions
eff4fd44 t current_save
eff4fdf4 t part_sort_add
eff4ff60 t device_del
eff4fffc t generate_mtdparts_save.constprop.7
eff502bc t device_delall.constprop.9
eff50340 t mtd_devices_init
eff50390 t get_mtd_info.constprop.10
eff50420 t part_validate
eff50760 T device_find
eff507cc t device_parse
eff50c88 T mtd_id_parse
eff50da8 T find_dev_and_part
eff50f54 T mtdparts_init
eff515b8 t do_chpart
eff51688 t do_mtdparts
eff51c50 t set_dev
eff51cc4 t nand_print_and_set_info
eff51d9c t do_nand
eff529b8 t nand_load_image
eff52bc0 t do_nandboot
eff52e00 t netboot_common
eff530a0 t do_bootp
eff530ac t do_nfs
eff530b8 T do_tftpb
eff53118 t do_ping
eff531a8 t pci_cfg_write
eff53208 t pci_read_config
eff53264 t pci_show_regs
eff53308 t pci_cfg_modify.isra.1
eff5343c T pci_header_show
eff53500 T pciinfo_header
eff53550 T pci_header_show_brief
eff535e0 T pciinfo
eff53738 t do_pci
eff53b14 t do_reginfo
eff53b44 T sata_remove
eff53b70 T sata_probe
eff53ba0 t do_sata
eff53ca4 t bytes_per_second
eff53d08 t do_spi_flash
eff5451c t substitute
eff5461c t get_arg
eff54698 t regex_sub
eff5499c t do_setexpr
eff54b48 t do_false
eff54b50 t do_true
eff54b58 t do_test
eff54e88 t usb_get_class_desc
eff54f2c t usb_find_device
eff54f88 t usb_show_tree_graph
eff551cc t usb_display_class_sub
eff55314 t usb_display_desc
eff55444 t usb_display_string
eff5549c t usb_display_config
eff556a4 t do_usbboot
eff556d4 t do_usb_start
eff55720 T usb_show_tree
eff55794 t do_usb
eff55b70 T common_diskboot
eff55dfc t do_imgextract
eff56174 t do_env_delete
eff56228 t do_env_exists
eff562a4 t do_env_save
eff562d8 t do_env
eff5635c t env_print
eff5643c t do_env_print
eff56518 t do_env_import
eff56764 t do_env_default
eff56808 t _do_env_set.isra.0
eff569dc t do_env_set
eff569fc T get_env_id
eff56a30 T env_set
eff56aac T env_set_ulong
eff56aec T env_set_hex
eff56b38 t do_env_export
eff56d4c T envmatch
eff56dd8 T env_get_f
eff56ec4 T env_get
eff56f6c T env_get_hex
eff56fc4 T env_get_ulong
eff57014 t do_env_edit.part.2
eff570dc t do_env_edit
eff57104 W show_boot_progress
eff5710c T main_loop
eff5714c t mdelay
eff57190 t dummy
eff57194 T get_version
eff5719c T jumptable_init
eff5734c t hash_finish_crc32
eff57390 t hash_update_crc32
eff573d4 t hash_init_crc32
eff57408 t hash_finish_sha256
eff57460 t hash_update_sha256
eff5749c t hash_init_sha256
eff574e0 t hash_finish_sha1
eff57538 t hash_update_sha1
eff57574 t hash_init_sha1
eff575b8 T hash_lookup_algo
eff57624 T hash_command
eff57804 t b_reset
eff57824 t static_get
eff57844 t file_peek
eff57850 t mapset
eff57898 t syntax_err
eff578c8 t free_pipe_list
eff579ac t xmalloc
eff579ec t new_pipe
eff57a28 t xrealloc
eff57a68 t done_command
eff57b00 t done_pipe
eff57b58 t done_word
eff57ea8 t do_showvar
eff57fc0 t is_assignment
eff5803c t file_get
eff58218 t b_addchr
eff582ac t b_addqchr
eff58324 t static_peek
eff58330 T get_local_var
eff583dc T set_local_var
eff585ac t insert_var_value_sub
eff58884 T parse_string_outer
eff58984 t run_list_real
eff5910c t parse_stream_outer
eff59820 T parse_file_outer
eff59878 T u_boot_hush_start
eff598e0 T bootdelay_process
eff59944 T autoboot_command
eff59a4c t log_init
eff59a54 t log_init
eff59a5c t setup_mon_len
eff59a98 t reserve_round_4k
eff59aac t reserve_uboot
eff59af0 t reserve_malloc
eff59b08 t reserve_global_data
eff59b28 t reserve_fdt
eff59b74 t setup_board_part1
eff59ba0 t setup_board_part2
eff59bbc t initf_dm
eff59bc4 W arch_cpu_init_dm
eff59bcc t jump_to_copy
eff59c10 t setup_reloc
eff59c6c t reloc_fdt
eff59cd0 t reserve_board
eff59d3c t announce_dram_init
eff59d70 t init_func_spi
eff59db0 t init_func_i2c
eff59df0 t init_baud_rate
eff59e38 t initf_bootstage
eff59e6c W reserve_arch
eff59e74 t display_text_info
eff59e7c W dram_init_banksize
eff59e84 W mach_cpu_init
eff59e8c t reserve_video
eff59e94 t reserve_trace
eff59e9c t setup_machine
eff59ea4 t reserve_bootstage
eff59eac t display_new_sp
eff59eb4 t reloc_bootstage
eff59ebc t initf_console_record
eff59ec4 t show_dram_config
eff59f10 W board_get_usable_ram_top
eff59f1c t setup_dest_addr
eff59fa0 t reserve_stacks
eff59fe8 T board_init_f
eff5a020 t bootstage_relocate
eff5a028 t initr_reloc
eff5a03c t initr_barrier
eff5a04c W power_init_board
eff5a054 t initr_spi
eff5a05c t run_main_loop
eff5a084 t initr_net
eff5a0bc t initr_ethaddr
eff5a110 t initr_jumptable
eff5a140 t initr_pci
eff5a170 t initr_env
eff5a1b8 t initr_addr_map
eff5a1e8 t initr_trap
eff5a21c t initr_serial
eff5a24c t initr_bootstage
eff5a280 t initr_malloc
eff5a2c4 t initr_unlock_ram_in_cache
eff5a2f4 t initr_trace
eff5a2fc t initr_console_record
eff5a304 t initr_announce
eff5a30c W board_flash_wp_on
eff5a314 t initr_flash
eff5a394 t initr_secondary_cpu
eff5a3c4 t initr_reloc_global_data
eff5a41c T board_init_r
eff5a458 W show_board_info
eff5a484 T bootm_find_images
eff5a55c T bootm_decomp_image
eff5a6b0 T bootm_disable_interrupts
eff5a6e8 T do_bootm_states
eff5af44 t copy_args
eff5afb8 t do_bootm_rtems
eff5b03c t do_bootm_plan9
eff5b11c t do_bootm_standalone
eff5b198 t do_bootm_qnxelf
eff5b250 t do_bootm_netbsd
eff5b388 T do_bootvx_fdt
eff5b4a0 t do_bootm_vxworks
eff5b508 T boot_selected_os
eff5b584 T bootm_os_get_boot_func
eff5b5bc t of_bus_default_map
eff5b67c T fdt_support_default_count_cells
eff5b6f4 t fdt_fixup_stdout
eff5b7e4 t of_bus_default_translate
eff5b874 T fdt_getprop_u32_default_node
eff5b8dc T fdt_getprop_u32_default
eff5b938 T fdt_find_and_setprop
eff5b9c8 T fdt_find_or_add_subnode
eff5ba40 T fdt_root
eff5bad8 T fdt_initrd
eff5bca4 T fdt_chosen
eff5bd78 T do_fixup_by_path
eff5bdcc T do_fixup_by_prop
eff5bea4 T do_fixup_by_prop_u32
eff5bee4 T do_fixup_by_compat
eff5bfa4 T do_fixup_by_compat_u32
eff5bfe4 T fdt_fixup_memory_banks
eff5c1d0 T fdt_fixup_memory
eff5c218 T fdt_fixup_ethernet
eff5c3dc T fdt_shrink_to_minimum
eff5c4c4 T fdt_pci_dma_ranges
eff5c630 T fdt_translate_address
eff5c8b8 T fdt_node_offset_by_compat_reg
eff5c96c T fdt_verify_alias_address
eff5ca4c T miiphy_get_dev_by_name
eff5cac4 T miiphy_init
eff5cb08 T mdio_alloc
eff5cb58 T mdio_register
eff5cc04 T mdio_list_devices
eff5ccb8 T miiphy_set_current_dev
eff5cd10 t miiphy_get_active_dev
eff5cd88 T mdio_get_current_dev
eff5cdbc T mdio_phydev_for_ethname
eff5ce64 T miiphy_get_current_dev
eff5cea8 T miiphy_read
eff5cf08 T miiphy_write
eff5cf5c T miiphy_listdev
eff5cfdc T miiphy_info
eff5d088 T miiphy_is_1000base_x
eff5d0e4 T miiphy_speed
eff5d214 T miiphy_duplex
eff5d36c t usb_set_maxpacket_ep
eff5d3d0 T usb_stop
eff5d440 T usb_disable_asynch
eff5d484 T usb_control_msg
eff5d570 t usb_get_descriptor
eff5d5dc t get_descriptor_len
eff5d67c t usb_setup_descriptor
eff5d778 t usb_get_string
eff5d80c t usb_string_sub
eff5d930 T usb_bulk_msg
eff5d9cc T usb_maxpacket
eff5d9f8 T usb_clear_halt
eff5daa0 T usb_get_configuration_len
eff5db30 T usb_get_configuration_no
eff5db64 T usb_set_interface
eff5dc3c T usb_string
eff5dd64 T usb_get_dev_index
eff5ddac T usb_alloc_new_device
eff5de5c T usb_free_device
eff5debc W usb_alloc_device
eff5dec4 T usb_select_config
eff5e360 T usb_setup_device
eff5e464 T usb_new_device
eff5e4bc T usb_init
eff5e610 T usb_device_has_child_on_port
eff5e62c T usb_find_usb2_hub_address_port
eff5e6a4 t usb_set_port_feature
eff5e704 t usb_clear_port_feature
eff5e764 t usb_get_hub_descriptor
eff5e7dc W usb_hub_reset_devices
eff5e7e0 T usb_get_port_status
eff5e844 T usb_hub_reset
eff5e888 T usb_hub_port_connect_change
eff5ea80 t usb_hub_configure
eff5f034 T usb_hub_probe
eff5f088 t usb_stor_irq
eff5f0a8 t usb_stor_BBB_reset
eff5f1d8 t usb_stor_CB_reset
eff5f2dc t usb_stor_BBB_clear_endpt_stall.isra.3
eff5f33c t usb_stor_BBB_transport
eff5f600 t usb_stor_CB_comdat
eff5f804 t usb_stor_CBI_get_status.isra.5
eff5f8f8 t usb_stor_CB_transport
eff5fb3c t usb_request_sense.constprop.11
eff5fbd0 t usb_stor_read
eff5fd2c t usb_stor_write
eff5fe88 T usb_stor_info
eff5ff10 T usb_stor_reset
eff5ff48 T usb_storage_probe
eff60178 T usb_stor_get_info
eff604c0 T usb_stor_scan
eff60690 T flash_protect
eff60764 T addr2info
eff607d4 T flash_write
eff6092c T flash_perror
eff60a14 t delete_char.part.0
eff60b00 t cread_add_char
eff60c00 T cli_readline_into_buffer
eff615c8 T cli_readline
eff61604 t hwconfig_parse
eff61750 t __hwconfig
eff6184c T hwconfig_f
eff6187c T hwconfig_sub_f
eff618e0 T hwconfig_subarg_f
eff61944 T hwconfig_subarg_cmp_f
eff619b4 t console_setfile
eff61a84 T fgetc
eff61ad4 T getc
eff61b24 T ftstc
eff61b74 T tstc
eff61bc4 T fputc
eff61c0c T putc
eff61c60 T fputs
eff61ca8 T puts
eff61cfc T ctrlc
eff61d74 T confirm_yesno
eff61e5c T had_ctrlc
eff61e90 T clear_ctrlc
eff61ec8 T search_device
eff61f20 T console_assign
eff61f94 t on_console
eff62068 T console_init_f
eff62078 T stdio_print_current_devices
eff62130 T console_init_r
eff62228 T sbrk
eff622a4 T mem_malloc_init
eff622f4 T malloc_trim
eff623cc T free
eff62648 T malloc
eff62c9c T calloc
eff62d94 T realloc
eff631f8 T memalign
eff63388 T initf_malloc
eff63390 t on_loadaddr
eff633e4 T image_check_hcrc
eff6344c T image_check_dcrc
eff6349c T image_multi_count
eff634bc T image_multi_getimg
eff63558 T env_get_bootm_low
eff635a8 T env_get_bootm_size
eff6363c T env_get_bootm_mapsize
eff63698 T memmove_wd
eff636cc T genimg_print_size
eff63714 T genimg_print_time
eff63764 T get_table_entry
eff63788 T get_table_entry_name
eff637d0 T genimg_get_os_name
eff63808 T genimg_get_arch_name
eff63840 T genimg_get_type_name
eff63878 T genimg_get_comp_name
eff638b0 T image_print_contents
eff63a48 T get_table_entry_id
eff63ab4 T genimg_get_os_id
eff63aec T genimg_get_arch_id
eff63b24 T genimg_get_type_id
eff63b5c T genimg_get_comp_id
eff63b94 T genimg_get_kernel_addr_fit
eff63c28 T genimg_get_format
eff63c78 T genimg_has_config
eff63c88 T boot_get_ramdisk
eff63fc4 T boot_ramdisk_high
eff64138 T boot_get_setup
eff64164 T boot_get_loadable
eff642e0 T boot_get_cmdline
eff64380 T boot_get_kbd
eff64400 T image_setup_linux
eff644a0 t fdt_error
eff644e4 T boot_fdt_add_mem_rsv_regions
eff6459c T boot_relocate_fdt
eff64754 T boot_get_fdt
eff64ae0 T image_setup_libfdt
eff64c3c t fit_image_get_address
eff64cb8 T fit_parse_conf
eff64d38 T fit_parse_subimage
eff64db8 T fit_get_desc
eff64dfc T fit_get_timestamp
eff64e60 T fit_image_get_node
eff64eb4 T fit_image_get_os
eff64f10 T fit_image_get_arch
eff64f6c T fit_image_get_type
eff64fc8 T fit_image_get_comp
eff65024 T fit_image_get_load
eff65058 T fit_image_get_entry
eff6508c T fit_image_get_data
eff650ec T fit_image_hash_get_algo
eff65130 T fit_image_hash_get_value
eff65190 t fit_image_print_data
eff65304 T fit_image_print
eff656a0 T fit_get_end
eff656ac T calculate_hash
eff657b4 T fit_image_verify
eff659e0 T fit_all_image_verify
eff65aec T fit_image_check_os
eff65b40 T fit_image_check_arch
eff65bac T fit_image_check_type
eff65c00 T fit_image_check_comp
eff65c54 T fit_check_format
eff65cd0 T fit_conf_get_node
eff65dbc T fit_conf_get_prop_node_count
eff65de8 T fit_conf_get_prop_node_index
eff65e34 T fit_conf_get_prop_node
eff65e64 T fit_conf_print
eff66024 T fit_print_contents
eff6626c T fit_get_node_from_config
eff662d4 T fit_image_load
eff66840 T boot_get_setup_fit
eff668bc T boot_get_fdt_fit
eff66a38 W get_effective_memsize
eff66a44 t stdio_serial_tstc
eff66a70 t stdio_serial_getc
eff66a9c t stdio_serial_puts
eff66acc t stdio_serial_putc
eff66afc T stdio_get_list
eff66b30 T stdio_get_by_name
eff66ba4 T stdio_clone
eff66c14 T stdio_register_dev
eff66c84 T stdio_register
eff66cb4 T stdio_init_tables
eff66cf4 T stdio_add_devices
eff66d78 T run_command
eff66db8 T run_command_list
eff66e50 T do_run
eff66ed8 T cli_loop
eff66f00 T cli_init
eff66f2c T find_cmd_tbl
eff66ff0 T find_cmd
eff67038 T cmd_usage
eff670a8 T _do_help
eff6725c T cmd_get_data_size
eff672d8 T cmd_process
eff673e0 t hex1_bin
eff67428 t hex2_bin
eff67478 T srec_decode
eff676e4 t CYGACC_COMM_IF_GETC_TIMEOUT.isra.0
eff67750 t xyzModem_flush
eff6777c t xyzModem_get_hdr
eff679f0 T xyzModem_stream_open
eff67c54 T xyzModem_stream_read
eff67ecc T xyzModem_stream_close
eff67f24 T xyzModem_stream_terminate
eff67fd8 T xyzModem_error
eff6806c T dev_print
eff68264 T part_init
eff682d4 T part_print
eff683e8 T part_get_info
eff68470 T part_get_info_whole_disk
eff684d4 T blk_get_device_by_str
eff6863c T blk_get_device_part_str
eff68a08 T part_set_generic_name
eff68a9c t test_block_type
eff68b38 t print_partition_extended
eff68dd0 T part_print_dos
eff68e24 t part_test_dos
eff68ebc t part_get_info_extended.constprop.1
eff69180 T part_get_info_dos
eff69198 T ata_id_n_sectors
eff6920c T ata_id_c_string
eff692c4 T ata_swap_buf_le16
eff692ec t sata_bwrite
eff6931c t sata_bread
eff6934c T __sata_initialize
eff6934c W sata_initialize
eff69428 W __sata_stop
eff69428 W sata_stop
eff69478 t sil_sata_dump_fis
eff69554 t ata_wait_register
eff695c0 t sil_init_port
eff69628 t sil_exec_cmd.constprop.0
eff696fc t sil_read_fis.constprop.1
eff69770 t sil_sata_rw_cmd
eff698dc t sil_sata_rw_lba28
eff69948 t sil_sata_rw_cmd_ext
eff69acc t sil_sata_rw_lba48
eff69b44 T sata_read
eff69b9c T sata_write
eff69c98 T init_sata
eff69e04 T reset_sata
eff69e0c T scan_sata
eff6a4a4 t get_desc
eff6a520 T blk_driver_lookup_type
eff6a57c T blk_get_if_type_name
eff6a5bc T blk_list_part
eff6a674 T blk_print_part_devnum
eff6a6e4 T blk_list_devices
eff6a774 T blk_print_device_num
eff6a7e0 T blk_show_device
eff6a880 T blk_get_devnum_by_type
eff6a8d8 T blk_dselect_hwpart
eff6a940 T blk_get_devnum_by_typename
eff6a9c8 T blk_read_devnum
eff6aa44 T blk_write_devnum
eff6aac0 T blk_select_hwpart_devnum
eff6ab2c T fdt_fixup_crypto_node
eff6ad40 t mmc_set_ios
eff6ad80 t mmc_set_capacity
eff6ae58 W board_mmc_getwp
eff6ae60 T mmc_getwp
eff6aebc W board_mmc_getcd
eff6aec4 T mmc_mode_name
eff6af0c T mmc_send_cmd
eff6af3c t mmc_send_ext_csd
eff6afa0 t mmc_read_and_compare_ext_csd
eff6b064 t mmc_go_idle
eff6b0d0 t mmc_send_op_cond_iter
eff6b160 T mmc_send_status
eff6b23c T mmc_switch
eff6b2c8 t mmc_startup_v4
eff6b674 t mmc_set_card_speed
eff6b728 T mmc_switch_part
eff6b7b0 T mmc_hwpart_config
eff6bbc4 T mmc_getcd
eff6bc20 T sd_select_bus_width
eff6bcd4 T mmc_set_clock
eff6bd10 t mmc_startup
eff6c8fc T mmc_dump_capabilities
eff6c9ac W board_mmc_power_init
eff6c9b0 T mmc_start_init
eff6cc7c T mmc_init
eff6cdd0 T mmc_set_dsr
eff6cddc T find_mmc_device
eff6ce40 t mmc_select_hwpartp
eff6ceb0 t mmc_get_dev
eff6cf04 T mmc_get_blk_desc
eff6cf0c T get_mmc_num
eff6cf40 T print_mmc_devices
eff6d018 t esdhc_set_ios
eff6d1b0 t esdhc_getcd
eff6d220 t esdhc_init
eff6d338 t check_and_invalidate_dcache_range.isra.3
eff6d384 t esdhc_send_cmd
eff6d8bc W esdhc_status_fixup
eff6d8c4 T fdt_fixup_esdhc
eff6d91c T rtc_calc_weekday
eff6da00 T rtc_to_tm
eff6db00 t rtc_read
eff6db34 t rtc_write
eff6db6c T rtc_get
eff6dcb8 T rtc_set
eff6ddec T rtc_reset
eff6de1c T fsl_ddr_get_version
eff6de9c T fsl_ddr_get_intl3r
eff6dea4 T print_ddr_info
eff6e040 W detail_board_ddr_info
eff6e070 T board_add_ram_info
eff6e09c T fsl_ddr_set_memctl_regs
eff6e4bc T i2c_get_adapter
eff6e538 t i2c_init_bus
eff6e5e4 T i2c_get_bus_num
eff6e5ec T i2c_set_bus_num
eff6e6bc T i2c_init_all
eff6e6f0 T i2c_probe
eff6e73c T i2c_read
eff6e7a8 T i2c_write
eff6e814 T i2c_set_bus_speed
eff6e8a8 T i2c_get_bus_speed
eff6e8dc T i2c_reg_read
eff6e918 T i2c_reg_write
eff6e954 W i2c_init
eff6e99c t set_i2c_bus_speed
eff6eaa4 t i2c_wait4bus
eff6eb34 t fsl_i2c_write
eff6ede4 t __i2c_read
eff6f51c t fsl_i2c_read
eff6f568 t fsl_i2c_probe_chip
eff6f5e0 t fsl_i2c_init
eff6f7f0 t fsl_i2c_set_bus_speed
eff6f864 T idr_find
eff6f888 T idr_get_next
eff6f8f0 T idr_alloc
eff6f934 T __mtd_next_device
eff6f96c T __get_mtd_device
eff6f9b8 T get_mtd_device_nm
eff6fa34 T __put_mtd_device
eff6faa0 T put_mtd_device
eff6facc T mtd_erase
eff6fb9c T mtd_read
eff6fc58 T mtd_write
eff6fcfc T mtd_read_oob
eff6fd74 T mtd_unlock
eff6fe0c T add_mtd_device
eff6ff7c T mtd_block_isbad
eff6ffe8 T mtd_block_markbad
eff7006c T mtd_arg_off
eff70198 T mtd_arg_off_size
eff702d8 t part_erase
eff70380 T mtd_erase_callback
eff70420 t flash_get_info
eff70488 t flash_make_cmd
eff704e4 t flash_write_cmd
eff70588 t flash_unlock_seq
eff705d0 t flash_isset
eff70694 t find_sector
eff70778 t cfi_reverse_geometry
eff707c0 t flash_add_byte.isra.3
eff70844 t flash_isequal.constprop.13
eff70900 t flash_status_check
eff70b04 t flash_full_status_check
eff70c84 t flash_write_cfiword
eff70e88 W cfi_flash_bank_addr
eff70e94 W cfi_flash_bank_size
eff70e9c T flash_sector_size
eff70ee4 T flash_erase
eff710ec T flash_print_info
eff71374 T write_buff
eff71b44 W flash_cmd_reset
eff71b44 t __flash_cmd_reset
eff71ba4 T flash_get_size
eff72568 T flash_set_verbose
eff7259c T flash_init
eff72648 t cfi_mtd_sync
eff7264c t cfi_mtd_unlock
eff726b0 t cfi_mtd_lock
eff72714 t cfi_mtd_write
eff72790 t cfi_mtd_read
eff727e0 t cfi_mtd_erase
eff728e4 T cfi_mtd_init
eff72b2c T get_nand_dev_by_index
eff72b80 t check_skip_len
eff72c5c T nand_erase_opts
eff72ff0 T nand_verify_page_oob
eff730cc T nand_verify
eff731d4 T nand_write_skip_bad
eff73480 T nand_read_skip_bad
eff736c0 T spi_flash_probe
eff73754 T spi_flash_free
eff73798 T spi_flash_read_common
eff73818 t read_sr
eff7386c T spi_flash_write_common
eff739ec T spi_flash_cmd_erase_ops
eff73ae0 T spi_flash_cmd_write_ops
eff73be8 W spi_flash_copy_mmap
eff73c14 T spi_flash_cmd_read_ops
eff73d80 T spi_flash_scan
eff741f0 t spi_flash_read_write
eff74274 T spi_flash_cmd_read
eff74284 T spi_flash_cmd
eff742c8 T spi_flash_cmd_write
eff742d4 t e1000_config_collision_dist
eff7432c t e1000_force_mac_fc
eff743ac t e1000_transmit
eff74514 t e1000_is_onboard_nvm_eeprom
eff74568 t e1000_put_hw_eeprom_semaphore
eff745ac t e1000_is_second_port
eff745f8 t e1000_check_phy_reset_block
eff74660 t e1000_set_media_type
eff74734 t e1000_disable
eff747e0 t e1000_get_hw_eeprom_semaphore
eff748dc t e1000_swfw_sync_acquire
eff7499c t e1000_write_kmrn_reg
eff74a20 t e1000_swfw_sync_release
eff74a84 t e1000_raise_mdi_clk.isra.9
eff74adc t e1000_lower_mdi_clk.isra.10
eff74b34 t e1000_shift_out_mdi_bits
eff74bf4 t e1000_read_phy_reg
eff74da0 t e1000_config_mac_to_phy
eff74e50 t e1000_write_phy_reg
eff74f28 t e1000_config_fc_after_link_up
eff75224 t e1000_phy_hw_reset.part.15
eff754d4 t e1000_phy_reset.part.16
eff75634 T e1000_raise_ee_clk
eff75698 T e1000_lower_ee_clk
eff756fc t e1000_shift_out_ee_bits
eff757e4 t e1000_shift_in_ee_bits
eff7589c T e1000_standby_eeprom
eff759e8 T e1000_acquire_eeprom
eff75b38 T e1000_release_eeprom
eff75c4c t e1000_read_eeprom
eff75f40 t e1000_init_eeprom_params
eff76214 T e1000_set_mac_type
eff764e4 T e1000_reset_hw
eff76774 T fill_rx
eff76840 t e1000_poll
eff768ec t e1000_init
eff78998 T e1000_get_bus_type
eff789f0 T e1000_initialize
eff78f28 t tsec_send
eff79030 t tsec_recv
eff7916c t tsec_halt
eff79220 t tsec_init
eff795ec T tsec_eth_init
eff7991c T tsec_standard_init
eff79974 t fsl_pq_mdio_reset
eff799b0 T tsec_local_mdio_write
eff799fc T tsec_phy_write
eff79a30 T tsec_local_mdio_read
eff79aa0 T tsec_phy_read
eff79ad0 T fsl_pq_mdio_init
eff79b4c T genphy_shutdown
eff79b54 T genphy_restart_aneg
eff79bbc T genphy_config_aneg
eff79e1c T genphy_config
eff79f30 T genphy_update_link
eff7a098 T genphy_parse_link
eff7a278 T genphy_startup
eff7a2b8 T phy_init
eff7a2e8 T phy_register
eff7a334 W get_phy_id
eff7a3bc t get_phy_device_by_mask
eff7a5e8 T phy_reset
eff7a6d0 T phy_find_by_mask
eff7a738 T phy_connect_dev
eff7a79c T phy_connect
eff7a808 T phy_startup
eff7a844 W board_phy_config
eff7a880 T phy_config
eff7a8ac T phy_shutdown
eff7a8ec t m88e1xxx_phy_extread
eff7a994 t m88e1xxx_phy_extwrite
eff7aa40 t m88e1680_config
eff7acb0 t m88e1011s_config
eff7add0 t m88e1118_config
eff7aea4 t m88e1121_config
eff7af94 t m88e1145_config
eff7b104 t m88e1310_config
eff7b280 t m88e1xxx_parse_status
eff7b3c0 t m88e1011s_startup
eff7b410 t m88e1118_startup
eff7b484 t m88e1149_config
eff7b564 t m88e1111s_config
eff7b7bc t m88e1145_startup
eff7b82c T m88e1518_phy_writebits
eff7b8c8 t m88e1518_config
eff7bbe4 t m88e1510_config
eff7bca8 T phy_marvell_init
eff7bd2c T pci_hose_read_config_byte
eff7bd54 T pci_hose_read_config_word
eff7bd7c T pci_hose_read_config_dword
eff7bda4 T pci_hose_write_config_byte
eff7bdcc T pci_hose_write_config_word
eff7bdf4 T pci_hose_write_config_dword
eff7be1c T pci_get_hose_head
eff7be64 T pci_register_hose
eff7beb4 T pci_bus_to_hose
eff7bf18 T pci_read_config_byte
eff7bf7c T pci_read_config_word
eff7bfe0 T pci_read_config_dword
eff7c044 T pci_write_config_byte
eff7c0a0 T pci_write_config_word
eff7c0fc T pci_write_config_dword
eff7c158 T find_hose_by_cfg_addr
eff7c1a4 T pci_find_devices
eff7c228 W pci_print_dev
eff7c240 T pci_hose_scan_bus
eff7c3f8 T pci_init
eff7c440 T pci_hose_find_cap_start
eff7c4a4 T pci_find_cap
eff7c550 T pci_hose_find_capability
eff7c5c0 T pciauto_setup_device
eff7c8a8 T pciauto_prescan_setup_bridge
eff7cac8 T pciauto_postscan_setup_bridge
eff7cc1c T pciauto_config_device
eff7cd24 T pciauto_region_init
eff7cd48 T pciauto_region_align
eff7cd84 T pciauto_region_allocate
eff7ce2c T pciauto_config_init
eff7cf94 T pci_class_str
eff7d0a8 W pci_skip_dev
eff7d0c0 T __pci_hose_bus_to_phys
eff7d198 T pci_hose_bus_to_phys
eff7d23c T pci_map_bar
eff7d298 T __pci_hose_phys_to_bus
eff7d35c T pci_hose_phys_to_bus
eff7d400 T pci_hose_find_devices
eff7d518 t set_inbound_window
eff7d5ac T fsl_is_pci_agent
eff7d64c T fsl_setup_hose
eff7d6a0 T fsl_pci_init
eff7e038 T fsl_pci_config_unlock
eff7e134 T fsl_pci_init_port
eff7e2b0 T fsl_configure_pcie
eff7e3ac W board_serdes_name
eff7e3ac t __board_serdes_name
eff7e3f8 T fsl_pcie_init_ctrl
eff7e4a0 T fsl_pcie_init_board
eff7e614 T ft_fsl_pci_setup
eff7e6d4 t indirect_read_config_byte
eff7e734 t indirect_read_config_word
eff7e794 t indirect_read_config_dword
eff7e7ec t indirect_write_config_byte
eff7e840 t indirect_write_config_word
eff7e894 t indirect_write_config_dword
eff7e8e0 T pci_setup_indirect
eff7e944 t serial_stub_start
eff7e970 t serial_stub_stop
eff7e99c t serial_stub_putc
eff7e9cc t serial_stub_puts
eff7e9fc t serial_stub_getc
eff7ea28 t serial_stub_tstc
eff7ea54 t get_current
eff7eaac W amirix_serial_initialize
eff7eaac W arc_serial_initialize
eff7eaac W arm_dcc_initialize
eff7eaac W asc_serial_initialize
eff7eaac W atmel_serial_initialize
eff7eaac W au1x00_serial_initialize
eff7eaac W bfin_jtag_initialize
eff7eaac W bfin_serial_initialize
eff7eaac W bmw_serial_initialize
eff7eaac W clps7111_serial_initialize
eff7eaac W cogent_serial_initialize
eff7eaac W cpci750_serial_initialize
eff7eaac W evb64260_serial_initialize
eff7eaac W imx_serial_initialize
eff7eaac W iop480_serial_initialize
eff7eaac W jz_serial_initialize
eff7eaac W leon2_serial_initialize
eff7eaac W leon3_serial_initialize
eff7eaac W lh7a40x_serial_initialize
eff7eaac W lpc32xx_serial_initialize
eff7eaac W marvell_serial_initialize
eff7eaac W max3100_serial_initialize
eff7eaac W mcf_serial_initialize
eff7eaac W ml2_serial_initialize
eff7eaac W mpc85xx_serial_initialize
eff7eaac W mpc8xx_serial_initialize
eff7eaac W mxc_serial_initialize
eff7eaac W mxs_auart_initialize
eff7eaac W oc_serial_initialize
eff7eaac W p3mx_serial_initialize
eff7eaac W pl01x_serial_initialize
eff7eaac W pxa_serial_initialize
eff7eaac W s3c24xx_serial_initialize
eff7eaac W s5p_serial_initialize
eff7eaac W sa1100_serial_initialize
eff7eaac W sandbox_serial_initialize
eff7eaac W sconsole_serial_initialize
eff7eaac W sh_serial_initialize
eff7eaac W stm32_serial_initialize
eff7eaac W uartlite_serial_initialize
eff7eaac W zynq_serial_initialize
eff7eaac t serial_null
eff7eab0 T serial_register
eff7eaec T serial_stdio_init
eff7eb94 T serial_assign
eff7ebfc T serial_initialize
eff7ecd4 T serial_init
eff7ed0c T serial_setbrg
eff7ed38 t on_baudrate
eff7ee3c T serial_getc
eff7ee68 T serial_tstc
eff7ee94 T serial_putc
eff7eec4 T serial_puts
eff7eef4 t _serial_putc
eff7ef5c t eserial1_putc
eff7ef64 t eserial2_putc
eff7ef6c t eserial1_puts
eff7efa0 t eserial1_tstc
eff7efd4 t eserial2_getc
eff7f008 t _serial_setbrg
eff7f064 t eserial1_setbrg
eff7f06c t eserial2_setbrg
eff7f074 t eserial1_init
eff7f0cc t eserial2_init
eff7f124 t eserial2_tstc
eff7f158 t eserial1_getc
eff7f18c t eserial2_puts
eff7f1c0 W default_serial_console
eff7f1f0 T ns16550_serial_initialize
eff7f228 t NS16550_setbrg
eff7f25c T ns16550_calc_divisor
eff7f270 T NS16550_init
eff7f2b8 T NS16550_reinit
eff7f318 T NS16550_putc
eff7f33c T NS16550_getc
eff7f36c T NS16550_tstc
eff7f384 T spi_do_alloc_slave
eff7f3f0 T spi_free_slave
eff7f3f4 T spi_init
eff7f3f8 T spi_claim_bus
eff7f540 T spi_release_bus
eff7f544 T spi_cs_is_valid
eff7f564 T spi_setup_slave
eff7f688 T spi_cs_activate
eff7f6ac T spi_cs_deactivate
eff7f6f0 T spi_xfer
eff7fa78 t fdt_fixup_usb_mode_phy_type
eff7fb84 t fsl_fdt_fixup_erratum
eff7fce0 T fsl_fdt_fixup_dr_usb
eff7ff08 T has_dual_phy
eff80054 T has_erratum_a006261
eff80184 T has_erratum_a007075
eff80220 T has_erratum_a007798
eff8026c T has_erratum_a007792
eff803a0 T has_erratum_a005697
eff803fc T has_erratum_a004477
eff80524 T has_erratum_a008751
eff80530 t ehci_get_port_speed
eff80538 t ehci_set_usbmode
eff80550 t ehci_get_portsc_register
eff80590 t ehci_powerup_fixup
eff805d4 t handshake
eff80640 t ehci_shutdown
eff80720 t ehci_td_buffer
eff807d0 t _ehci_poll_int_queue
eff808d0 t disable_periodic.isra.2
eff80938 t enable_periodic.isra.3
eff809a8 t _ehci_destroy_int_queue
eff80ab0 t ehci_update_endpt2_dev_n_port.isra.4
eff80b34 t ehci_submit_async
eff81190 t _ehci_create_int_queue.isra.6
eff8157c T usb_lowlevel_stop
eff815c0 T usb_lowlevel_init
eff818dc T submit_bulk_msg
eff818f8 T submit_control_msg
eff81ebc T submit_int_msg
eff81f88 T ehci_hcd_init
eff8222c T ehci_hcd_stop
eff82234 T env_get_yesno
eff82298 T env_get_default
eff822e8 T set_default_env
eff82398 T set_default_vars
eff823e4 T env_import
eff824b0 T env_export
eff8253c T env_relocate
eff82588 W env_get_location
eff825b8 t env_driver_lookup
eff8261c T env_get_char
eff826c8 T env_load
eff8277c T env_save
eff82830 T env_init
eff828dc t regex_callback
eff82a5c T env_attr_walk
eff82bb0 T env_attr_lookup
eff82c50 t clear_callback
eff82c60 t find_env_callback
eff82cdc t on_callbacks
eff82d3c t set_callback
eff82df0 T env_callback_init
eff82ec8 t skip_num
eff82f6c t clear_flags
eff82f7c t on_flags
eff82fdc T env_flags_parse_vartype
eff83044 T env_flags_parse_varaccess
eff830ac t set_flags
eff8316c T eth_validate_ethaddr_str
eff83210 T env_flags_init
eff832f8 T env_flags_validate
eff8357c t env_flash_init
eff835f4 t env_flash_save
eff83724 t env_flash_load
eff8375c t fs_probe_unsupported
eff83790 t fs_exists_unsupported
eff83798 t fs_size_unsupported
eff837a0 t fs_write_unsupported
eff837a8 t fs_close_unsupported
eff837ac t fs_uuid_unsupported
eff837b4 t fs_opendir_unsupported
eff837bc t fs_get_info
eff83818 t fs_close
eff83860 t fs_read_unsupported
eff83868 t fs_ls_unsupported
eff83870 T fs_set_blk_dev
eff83954 T fs_set_blk_dev_with_part
eff839fc T fs_ls
eff83a58 T fs_exists
eff83aac T fs_size
eff83b08 T fs_read
eff83b8c T fs_opendir
eff83c20 T fs_readdir
eff83c9c T fs_closedir
eff83d04 t fs_ls_generic
eff83dc4 T do_size
eff83e40 T do_load
eff84070 T do_ls
eff84104 T file_exists
eff84150 T get_fs
eff84180 T ext4fs_free_node
eff841d4 T ext4fs_read_file
eff8459c T ext4fs_ls
eff84640 T ext4fs_exists
eff84678 T ext4fs_size
eff846a4 T ext4fs_read
eff8470c T ext4fs_probe
eff8475c T ext4_read_file
eff847f0 T ext4fs_uuid
eff84834 T ext4fs_bg_get_inode_table_id
eff84880 T ext4fs_read_inode
eff84a08 T read_allocated_block
eff85428 T ext4fs_reinit_global
eff854e0 T ext4fs_close
eff85558 T ext4fs_iterate_dir
eff858b0 t ext4fs_find_file1
eff85bbc T ext4fs_find_file
eff85c50 T ext4fs_open
eff85d28 T ext4fs_mount
eff85e84 T ext4fs_set_blk_dev
eff85f08 T ext4fs_devread
eff85f64 T ext4_read_superblock
eff85fc0 t downcase
eff8602c t disk_read
eff860a0 t get_cluster
eff8624c t get_fatent
eff863e4 t next_dent
eff86564 t read_bootsectandvi
eff86758 t fat_itr_root
eff868c4 t fat_itr_next
eff86b84 t fat_itr_resolve
eff86d3c T fat_set_blk_dev
eff86e14 T file_fat_detectfs
eff86f38 T fat_exists
eff86fb0 T fat_size
eff87094 T file_fat_read_at
eff87504 T fat_read_file
eff8755c T fat_opendir
eff87608 T fat_readdir
eff876bc T fat_closedir
eff876f0 T fat_close
eff876f4 T fs_devread
eff8793c T fdt_check_header
eff879a0 T fdt_offset_ptr
eff87a04 T fdt_next_tag
eff87b08 T _fdt_check_node_offset
eff87b60 T _fdt_check_prop_offset
eff87bb8 T fdt_next_node
eff87cb8 T fdt_first_subnode
eff87d0c T fdt_next_subnode
eff87d78 T _fdt_find_string
eff87df4 T fdt_move
eff87e54 T _fdt_node_end_offset
eff87eb8 T fdt_strerror
eff87f2c t _fdt_splice
eff87fd0 t _fdt_splice_struct
eff8801c t _fdt_packblocks
eff880ac t _fdt_add_property
eff881d4 t _fdt_rw_check_header
eff88278 T fdt_add_mem_rsv
eff8831c T fdt_del_mem_rsv
eff883b8 T fdt_setprop_placeholder
eff88490 T fdt_setprop
eff884fc T fdt_delprop
eff88574 T fdt_add_subnode_namelen
eff88690 T fdt_add_subnode
eff886e0 T fdt_del_node
eff8875c T fdt_open_into
eff88910 T fdt_address_cells
eff88978 T fdt_size_cells
eff889dc t fdt_path_next_separator
eff88a50 t _nextprop
eff88ad0 T fdt_string
eff88ae0 T fdt_get_mem_rsv
eff88b54 T fdt_num_mem_rsv
eff88b80 T fdt_subnode_offset_namelen
eff88c78 T fdt_subnode_offset
eff88cc8 T fdt_get_name
eff88d54 T fdt_first_property_offset
eff88da4 T fdt_next_property_offset
eff88df4 T fdt_get_property_by_offset
eff88e64 T fdt_get_property_namelen
eff88f34 T fdt_get_property
eff88f8c T fdt_getprop_namelen
eff88fcc T fdt_getprop_by_offset
eff89030 T fdt_getprop
eff89088 T fdt_get_phandle
eff8910c T fdt_get_alias_namelen
eff8916c T fdt_path_offset_namelen
eff89284 T fdt_path_offset
eff892cc T fdt_supernode_atdepth_offset
eff893a4 T fdt_node_depth
eff893f0 T fdt_parent_offset
eff89440 T fdt_node_offset_by_prop_value
eff89500 T fdt_node_offset_by_phandle
eff89594 T fdt_stringlist_contains
eff89630 T fdt_stringlist_count
eff896b0 T fdt_stringlist_get
eff89780 T fdt_node_check_compatible
eff897dc T fdt_node_offset_by_compatible
eff89868 T utf16_strnlen
eff89894 T utf16_to_utf8
eff899d0 T crc16_ccitt
eff89a48 T initcall_run_list
eff89ad8 t lmb_add_region
eff89da0 T lmb_init
eff89de8 T lmb_add
eff89dec T lmb_free
eff89fa0 T lmb_reserve
eff89fa8 T __lmb_alloc_base
eff8a1ac T lmb_alloc_base
eff8a208 T lmb_alloc
eff8a23c W board_lmb_reserve
eff8a240 t byteReverse
eff8a260 t MD5Transform
eff8ab60 t MD5Update
eff8ac70 t MD5Final
eff8ad58 T md5_wd
eff8add0 T string_to_ip
eff8ae90 T qsort
eff8af6c t sha1_process
eff8c030 T sha1_starts
eff8c07c T sha1_update
eff8c168 T sha1_finish
eff8c2cc T sha1_csum_wd
eff8c328 t sha256_process
eff8e6e4 T sha256_starts
eff8e754 T sha256_update
eff8e840 T sha256_finish
eff8ea10 T sha256_csum_wd
eff8ea6c T zcalloc
eff8ea74 T zcfree
eff8ea7c T inflate_fast
eff8ef74 T inflate_table
eff8f468 T inflateReset
eff8f4ec T inflateInit2_
eff8f628 T inflateEnd
eff8f6ac T adler32
eff8f9b8 T inflate
eff910d8 T gzalloc
eff910e8 T gzfree
eff910f0 T gzip_parse_header
eff911c4 T zunzip
eff912e8 T gunzip
eff91354 T addrmap_virt_to_phys
eff91414 T addrmap_phys_to_virt
eff914d0 T addrmap_set_entry
eff91524 t cmpkey
eff91560 t _hdelete.isra.0
eff915bc t drop_var_from_set.part.1
eff91630 t match_string
eff91720 t match_entry
eff9180c T hcreate_r
eff918d0 T hdestroy_r
eff91960 T hsearch_r
eff91dd0 T hdelete_r
eff91ee4 T hexport_r
eff92188 T himport_r
eff925b0 T hwalk_r
eff9261c T display_options_get_banner_priv
eff926c0 T display_options_get_banner
eff926f8 T display_options
eff92744 T print_size
eff92888 T print_buffer
eff92a48 T crc32_no_comp
eff92b84 T crc32
eff92bb8 T crc32_wd
eff92be4 T crc32_wd_buf
eff92c34 W __div64_32
eff92d08 T hang
eff92d3c T skip_spaces
eff92d84 T strim
eff92dfc t emit
eff92e4c t store_char_in_data
eff92ea0 t get_escape_char
eff92f18 t relocate
eff92f78 t match
eff93388 t loop_greedy
eff93420 t loop_non_greedy
eff934ac t quantifier
eff93570 t fixup_branch
eff935d4 t compile
eff93950 T slre_compile
eff93a50 T slre_match
eff93aec T strncasecmp
eff93b98 T strcasecmp
eff93bc8 T strncat
eff93c18 T strncmp
eff93c58 T strchr
eff93c84 T strrchr
eff93cdc T strnlen
eff93d08 T strdup
eff93d64 T strpbrk
eff93d9c T strstr
eff93e24 T udelay
eff93e7c T rand_r
eff93ea4 t put_dec_trunc
eff93f94 t put_dec
eff94118 t number
eff944a0 t string
eff945d8 t vsnprintf_internal
eff95054 T vsnprintf
eff95058 T vscnprintf
eff950a0 T snprintf
eff95104 T vsprintf
eff95118 T sprintf
eff95180 T printf
eff95210 T vprintf
eff95264 T simple_itoa
eff952d4 T str2off
eff95338 T str2long
eff95398 t panic_finish
eff953e4 T panic
eff9544c t _parse_integer_fixup_radix
eff95520 T simple_strtoul
eff955c8 T strict_strtoul
eff95660 T simple_strtol
eff956a8 T ustrtoul
eff95744 T simple_strtoull
eff95810 T ustrtoull
eff958d0 T trailing_strtoln
eff9597c T trailing_strtol
eff959ac T strmhz
eff95a24 T compute_ip_checksum
eff95ac8 T ip_checksum_ok
eff95b00 T arp_init
eff95b64 T arp_raw_request
eff95c30 T arp_request
eff95cd0 T arp_timeout_check
eff95d70 T arp_receive
eff95f64 t bootp_handler
eff96310 T bootp_reset
eff96368 T bootp_request
eff965ec t bootp_timeout_handler
eff96670 t __def_eth_init
eff96678 T eth_set_current_to_next
eff966b4 T eth_set_dev
eff966e8 T eth_get_dev_by_name
eff96778 T eth_get_dev_index
eff967bc T eth_write_hwaddr
eff96a48 t on_ethaddr
eff96b08 T eth_register
eff96ba4 T eth_initialize
eff96d38 T eth_init
eff96dc8 T eth_halt
eff96e18 T eth_send
eff96e70 T eth_rx
eff96ebc T eth_parse_enetaddr
eff96f38 T eth_env_get_enetaddr
eff96fb4 T eth_env_set_enetaddr
eff9701c T eth_env_get_enetaddr_by_index
eff97078 T eth_env_set_enetaddr_by_index
eff970d4 T eth_common_init
eff9710c T eth_mac_skip
eff97160 T eth_get_name
eff971a4 T eth_current_changed
eff97250 T eth_try_another
eff972f0 T eth_set_current
eff97398 t start_again_timeout_handler
eff973d0 t dummy_handler
eff973d4 t on_ipaddr
eff97424 t on_gatewayip
eff97474 t on_netmask
eff974c4 t on_serverip
eff97514 t net_init_loop
eff9755c T net_auto_load
eff975d4 T net_set_udp_handler
eff9761c T net_get_arp_handler
eff97650 T net_set_arp_handler
eff97698 T net_set_timeout_handler
eff97700 t net_clear_handlers
eff97744 T net_init
eff977d0 T net_start_again
eff9790c T net_loop
eff97c14 T net_process_received_packet
eff97e44 T net_eth_hdr_size
eff97ea0 T net_set_ether
eff97f30 T net_update_ether
eff97fb0 T net_set_ip_header
eff98050 T net_set_udp_header
eff980fc T net_send_udp_packet
eff9820c T copy_filename
eff9826c t on_bootfile
eff982bc T ip_to_string
eff98304 T string_to_vlan
eff9836c t on_nvlan
eff983b8 t on_vlan
eff98404 t rpc_lookup_reply
eff984bc t nfs_mount_reply
eff9856c t nfs_umountall_reply
eff9860c t nfs_lookup_reply
eff98728 t nfs_readlink_reply
eff98874 t basename
eff988d0 t rpc_req
eff989e4 t rpc_lookup_req
eff98a40 t nfs_umountall_req
eff98ad0 t nfs_read_reply.isra.0
eff98c54 t nfs_readlink_req
eff98d20 t nfs_mount_req
eff98df0 t nfs_read_req
eff98ee0 t nfs_lookup_req
eff99044 t nfs_send
eff99148 t nfs_handler
eff99390 t nfs_timeout_handler
eff9940c T nfs_start
eff99568 t ping_timeout_handler
eff995a0 T ping_start
eff996c4 T ping_receive
eff997b4 t tftp_send
eff99940 t tftp_handler
eff99ca0 t tftp_timeout_handler
eff99d38 T tftp_start
eff9a070 T __lshrdi3
eff9a0c0 T __ashldi3
eff9a104 T _restgpr_14_x
eff9a108 T _restgpr_15_x
eff9a10c T _restgpr_16_x
eff9a110 T _restgpr_17_x
eff9a114 T _restgpr_18_x
eff9a118 T _restgpr_19_x
eff9a11c T _restgpr_20_x
eff9a120 T _restgpr_21_x
eff9a124 T _restgpr_22_x
eff9a128 T _restgpr_23_x
eff9a12c T _restgpr_24_x
eff9a130 T _restgpr_25_x
eff9a134 T _restgpr_26_x
eff9a138 T _restgpr_27_x
eff9a13c T _restgpr_28_x
eff9a140 T _restgpr_29_x
eff9a144 T _restgpr_30_x
eff9a148 T _restgpr_31_x
eff9a15c T _etext
eff9a15c r .LANCHOR7
eff9a164 r .LANCHOR2
eff9a164 r CSWTCH.23
eff9a17c r .LANCHOR0
eff9a17c r __FUNCTION__.7976
eff9a194 r .LANCHOR3
eff9a194 r __FUNCTION__.8159
eff9a1ac r .LANCHOR5
eff9a1ac r __FUNCTION__.8322
eff9a1c4 r .LANCHOR0
eff9a1c4 r __func__.7515
eff9a1d0 r .LANCHOR0
eff9a1d0 r __func__.7646
eff9a1e0 r .LANCHOR0
eff9a1e0 r __func__.7705
eff9a1e8 r .LANCHOR0
eff9a1e8 r __func__.7923
eff9a1fc r .LANCHOR1
eff9a1fc r __func__.8015
eff9a214 r .LANCHOR0
eff9a214 r __func__.8027
eff9a228 r .LANCHOR0
eff9a228 r __func__.8076
eff9a23c r .LANCHOR0
eff9a23c r __func__.8271
eff9a250 r .LANCHOR1
eff9a250 r __func__.9211
eff9a25c r .LANCHOR2
eff9a25c r __func__.9366
eff9a26c r .LANCHOR1
eff9a26c r __func__.9405
eff9a280 r .LANCHOR2
eff9a280 r __func__.9523
eff9a298 r .LANCHOR10
eff9a298 r __func__.9559
eff9a2a4 r .LANCHOR0
eff9a2a4 r __func__.9651
eff9a2bc R _ctype
eff9a3bc r .LANCHOR2
eff9a3bc r baudrate_table
eff9a3e4 r .L34
eff9a3fc r .L41
eff9a414 r .L55
eff9a474 r .L63
eff9a494 r .LANCHOR0
eff9a494 r crc_table
eff9a894 R default_environment
eff9afb8 r .L13
eff9afe8 r .LANCHOR0
eff9afe8 r devdisr_mask
eff9aff8 r .LANCHOR0
eff9aff8 r digits.8433
eff9b008 r .L147
eff9b02c r .L12
eff9b060 r .L588
eff9b07c r .L674
eff9b0c4 r .L402
eff9b10c r .L94
eff9b124 r .LANCHOR2
eff9b124 r env_flags_varaccess_mask
eff9b134 r .LANCHOR1
eff9b134 r env_flags_varaccess_rep
eff9b13c r .LANCHOR0
eff9b13c r env_flags_vartype_rep
eff9b144 r .LANCHOR0
eff9b144 r erase_seq
eff9b148 r .LANCHOR4
eff9b148 r ext_csd_bus_width
eff9b184 r .LANCHOR6
eff9b184 r fbase
eff9b194 r .L21
eff9b1b8 r .L269
eff9b1d8 r .LANCHOR3
eff9b1d8 r flash_offset_cfi
eff9b1e0 r .LANCHOR8
eff9b1e0 r freqs.9130
eff9b1f8 r .LANCHOR1
eff9b1f8 r hex_asc
eff9b20c r .LANCHOR0
eff9b20c r i2c_base
eff9b21c r .L220
eff9b290 r kbd_plain_xlate
eff9b2f4 r kbd_plain_xlate_german
eff9b378 r .L36
eff9b3bc r .LANCHOR3
eff9b3bc r mmc_modes_by_pref
eff9b3dc r .L10
eff9b3fc r .L318
eff9b410 r .LANCHOR1
eff9b410 r mmc_versions.9481
eff9b430 r .LANCHOR0
eff9b430 r month_offset
eff9b460 r .LANCHOR5
eff9b460 r multipliers
eff9b470 r .LANCHOR1
eff9b470 r names.7584
eff9b478 r .L103
eff9b4b0 r .L178
eff9b4cc r .L160
eff9b4e8 r .L63
eff9b514 r .L209
eff9b534 r .LANCHOR9
eff9b534 r sd_au_size.9369
eff9b574 r .LANCHOR2
eff9b574 r sd_modes_by_pref
eff9b584 r .LANCHOR0
eff9b584 r sec_rev_prop_list.7449
eff9b610 r .LANCHOR0
eff9b610 r serial_ports
eff9b628 r .LANCHOR0
eff9b628 r sha1_padding
eff9b668 r .L20
eff9b690 r .LANCHOR1
eff9b690 r tab_seq
eff9b69c r .L4
eff9b6b8 r .LANCHOR0
eff9b6b8 r us_direction
eff9b6d8 r .L89
eff9b6f0 r .L182
eff9b710 r .LANCHOR0
eff9b710 r crc16_tab
eff9b910 r .LANCHOR3
eff9b910 r dbase.7803
eff9b950 r .LANCHOR2
eff9b950 r dext.7804
eff9b990 r .LANCHOR5
eff9b990 r distfix
eff9ba10 r .LANCHOR1
eff9ba10 r lbase.7801
eff9ba4e r .LANCHOR4
eff9ba4e r lenfix
eff9c24e r .LANCHOR0
eff9c24e r lext.7802
eff9c28c r .LANCHOR6
eff9c28c r order.7897
eff9c2c0 r .LANCHOR3
eff9c2ff r .LANCHOR3
eff9c302 r .LANCHOR10
eff9c309 r .LANCHOR1
eff9c309 r serdes1_cfg_tbl
effabf00 T _GOT2_TABLE_
effabf00 T _erotext
effae844 t _GLOBAL_OFFSET_TABLE_
effae850 T _FIXUP_TABLE_
effb00e8 d .LANCHOR1
effb00e8 d cpu_type_list
effb0874 d .LANCHOR0
effb0874 d cpu_type_unknown
effb0890 d .LANCHOR0
effb0890 d phy_interface_strings
effb08d8 D law_table
effb0950 D tlb_table
effb0a54 d .LANCHOR0
effb0a54 d cmd_bootm_sub
effb0b2c d bootm_help_text
effb0ffc d source_help_text
effb10a8 d .LANCHOR1
effb10a8 d weekdays
effb10c4 d .LANCHOR0
effb10c4 d default_tm
effb10e8 d .LANCHOR2
effb10e8 d tabs.7620
effb110c d .LANCHOR1
effb110c d root.7535
effb1110 d fdt_help_text
effb175c d i2c_help_text
effb1ad8 d .LANCHOR6
effb1ad8 d i2c_dp_last_length
effb1adc d .LANCHOR0
effb1adc d cmd_i2c_sub
effb1c14 d .LANCHOR0
effb1c14 d op_table
effb1c7c d .LANCHOR10
effb1c7c d do_echo
effb1c80 d .LANCHOR1
effb1c80 d dp_last_length
effb1c84 d reg_0_desc_tbl
effb1cfc d reg_5_desc_tbl
effb1d8c d reg_4_desc_tbl
effb1e1c d reg_1_desc_tbl
effb1edc d reg_2_desc_tbl
effb1ee8 d reg_3_desc_tbl
effb1f0c d .LANCHOR8
effb1f0c d reg_0_5_desc_tbl
effb1f3c d .LANCHOR7
effb1f3c d desc_and_len_tbl
effb1f6c d .LANCHOR0
effb1f6c d cmd_mmc
effb205c d .LANCHOR1
effb205c d curr_device
effb2060 d cpu_help_text
effb232c d mtdparts_help_text
effb2800 d nand_help_text
effb2bf0 d .LANCHOR3
effb2bf0 d regs_bridge
effb2cec d .LANCHOR0
effb2cec d regs_start
effb2d34 d pci_help_text
effb2f00 d .LANCHOR1
effb2f00 d regs_rest
effb2f60 d .LANCHOR4
effb2f60 d regs_cardbus
effb308c d .LANCHOR2
effb308c d regs_normal
effb3134 d .LANCHOR0
effb3134 d sata_curr_device
effb3138 D op_adv
effb3238 d .LANCHOR0
effb3238 d usb_stor_curr_dev
effb323c d imgextract_help_text
effb32f0 d env_help_text
effb3540 d .LANCHOR0
effb3540 d env_id
effb3544 d .LANCHOR1
effb3544 d cmd_env_sub
effb3634 d .LANCHOR0
effb3634 d hash_algo
effb3688 d .LC25
effb368c d .LANCHOR1
effb368c d reserved_list
effb3710 d .LANCHOR0
effb3710 d init_sequence_f
effb37cc d .LANCHOR0
effb37cc d init_sequence_r
effb3844 d .LANCHOR1
effb3844 d boot_os
effb38a4 d .LANCHOR4
effb38a4 d of_busses
effb38bc d .LANCHOR2
effb38bc d usb_scan_list
effb38c4 d .LANCHOR5
effb38c4 d hist_cur
effb38c8 d .LANCHOR3
effb38c8 d trim_threshold
effb38cc d .LANCHOR2
effb38cc d sbrk_base
effb38d0 d .LANCHOR0
effb38d0 d av_
effb3cd8 d .LANCHOR3
effb3cd8 d uimage_os
effb3d5c d .LANCHOR5
effb3d5c d uimage_type
effb3ee8 d .LANCHOR1
effb3ee8 d table_info
effb3f18 d .LANCHOR6
effb3f18 d uimage_comp
effb3f6c d .LANCHOR4
effb3f6c d uimage_arch
effb40a4 D stdio_names
effb40b0 d .LANCHOR4
effb40b0 d spd_str.8186
effb40bc d .LANCHOR3
effb40bc d supported
effb412c d .LANCHOR0
effb412c d names.9125
effb415c d .LANCHOR1
effb415c d cur_dev_num
effb4160 d .LANCHOR0
effb4160 d esdhc_ops
effb4174 d .LANCHOR1
effb4174 d month_days
effb41a4 d .LANCHOR1
effb41a4 d kbd_to_ansi364
effb41c4 d kbd_ctrl_xlate
effb4228 d .LANCHOR2
effb4228 d kbd_entry
effb42b4 d kbd_shift_xlate_german
effb4338 d kbd_shift_xlate
effb439c d kbd_right_alt_xlate_german
effb43f4 D step_string_tbl
effb4414 d .LANCHOR0
effb4414 d mtd_partitions
effb441c d .LANCHOR2
effb441c d flash_verbose
effb4420 d .LANCHOR2
effb4420 d bbt_main_no_oob_descr
effb4444 d .LANCHOR4
effb4444 d bbt_main_descr
effb4468 d .LANCHOR1
effb4468 d bbt_main_descr
effb448c d mirror_pattern
effb4490 d mirror_pattern
effb4494 d .LANCHOR3
effb4494 d bbt_mirror_no_oob_descr
effb44b8 d bbt_pattern
effb44bc d bbt_pattern
effb44c0 d .LANCHOR6
effb44c0 d scan_ff_pattern
effb44c4 d scan_ff_pattern
effb44c8 d .LANCHOR5
effb44c8 d bbt_mirror_descr
effb44ec d .LANCHOR2
effb44ec d bbt_mirror_descr
effb4510 D nand_manuf_ids
effb4588 D nand_flash_ids
effb52f8 d .LANCHOR3
effb52f8 d largepage_memorybased
effb531c D spi_flash_ids
effb54fc d .LANCHOR6
effb54fc d e1000_hw_list
effb5504 d .LANCHOR7
effb5504 d e1000_supported
effb5a44 d .LANCHOR0
effb5a44 d tsec_info
effb5a98 d .LANCHOR2
effb5a98 d phy_interface_strings
effb5adc d .LANCHOR0
effb5adc d phy_drivers
effb5ae4 d .LANCHOR1
effb5ae4 d genphy_driver
effb5b18 d .LANCHOR3
effb5b18 d M88E1121R_driver
effb5b4c d .LANCHOR1
effb5b4c d M88E1149S_driver
effb5b80 d .LANCHOR10
effb5b80 d M88E1680_driver
effb5bb4 d .LANCHOR0
effb5bb4 d M88E1310_driver
effb5be8 d .LANCHOR4
effb5be8 d M88E1118_driver
effb5c1c d .LANCHOR9
effb5c1c d M88E1518_driver
effb5c50 d .LANCHOR2
effb5c50 d M88E1145_driver
effb5c84 d .LANCHOR7
effb5c84 d M88E1011S_driver
effb5cb8 d .LANCHOR6
effb5cb8 d M88E1111S_driver
effb5cec d .LANCHOR5
effb5cec d M88E1118R_driver
effb5d20 d .LANCHOR8
effb5d20 d M88E1510_driver
effb5d54 D eserial1_device
effb5d84 D eserial2_device
effb5db4 d .LANCHOR1
effb5db4 d modes.8503
effb5dc0 d .LANCHOR2
effb5dc0 d phys.8504
effb5dcc d .LANCHOR0
effb5dcc d compat_usb_fsl
effb5ddc d .LANCHOR2
effb5ddc d descriptor
effb5e18 D env_htab
effb5e28 d .LANCHOR2
effb5e28 d first_call
effb5e2c d .LANCHOR4
effb5e2c d first_call
effb5e30 d .LANCHOR0
effb5e30 d fstypes
effb5ed8 d .LANCHOR0
effb5ed8 d fdt_errtable
effb5f20 d .LANCHOR0
effb5f20 d sha256_padding
effb5f60 D z_errmsg
effb5f88 d .LANCHOR5
effb5f88 d first_call.7846
effb5f8c d .LANCHOR11
effb5f8c d nfs_offset
effb5f90 d .LANCHOR5
effb5f90 d supported_nfs_versions
effb5f92 d .LANCHOR3
effb5f92 d tftp_block_size_option
effb5f94 d .LANCHOR2
effb5f94 d timeout_ms
effb5f98 d .LANCHOR8
effb5f98 d tftp_block_size
effb5f9c d .LANCHOR13
effb5f9c d timeout_count_max
effb5fa0 D num_law_entries
effb5fa4 D num_tlb_entries
effb5fa8 V board_hwconfig
effb5fac V cpu_hwconfig
effb5fb0 D load_addr
effb5fb4 D nand_curr_device
effb5fb8 D env_ptr
effb5fbc D ext4fs_indir1_blkno
effb5fc0 D ext4fs_indir2_blkno
effb5fc4 D ext4fs_indir3_blkno
effb5fc8 D cur
effb5fcc D current
effb5fd0 D net_our_vlan
effb5fd4 D net_bcast_ethaddr
effb5fda D net_native_vlan
effb5fdc D tftp_timeout_count_max
effb5fe0 D _edata
effb5fe0 D _u_boot_list_2_blk_driver_2_mmc
effb5fe0 d .LANCHOR0
effb5fe0 d start.7641
effb5fe0 d start.7645
effb5fe0 d start.7660
effb5fe0 d start.7664
effb5ff8 D _u_boot_list_2_blk_driver_2_sata
effb6010 D _u_boot_list_2_blk_driver_2_usb
effb6028 D _u_boot_list_2_cmd_2_base
effb6028 d .LANCHOR1
effb6028 d .LANCHOR1
effb6028 d .LANCHOR1
effb6028 d end.7648
effb6028 d end.7667
effb6028 d start.7446
effb6028 d start.7450
effb6028 d start.7521
effb6028 d start.7525
effb6040 D _u_boot_list_2_cmd_2_bdinfo
effb6058 D _u_boot_list_2_cmd_2_boot
effb6070 D _u_boot_list_2_cmd_2_bootd
effb6088 D _u_boot_list_2_cmd_2_bootelf
effb60a0 D _u_boot_list_2_cmd_2_bootm
effb60b8 D _u_boot_list_2_cmd_2_bootp
effb60d0 D _u_boot_list_2_cmd_2_bootvx
effb60e8 D _u_boot_list_2_cmd_2_chpart
effb6100 D _u_boot_list_2_cmd_2_cmp
effb6118 D _u_boot_list_2_cmd_2_coninfo
effb6130 D _u_boot_list_2_cmd_2_cp
effb6148 D _u_boot_list_2_cmd_2_cpu
effb6160 D _u_boot_list_2_cmd_2_crc32
effb6178 D _u_boot_list_2_cmd_2_date
effb6190 D _u_boot_list_2_cmd_2_echo
effb61a8 D _u_boot_list_2_cmd_2_editenv
effb61c0 D _u_boot_list_2_cmd_2_eeprom
effb61d8 D _u_boot_list_2_cmd_2_env
effb61f0 D _u_boot_list_2_cmd_2_erase
effb6208 D _u_boot_list_2_cmd_2_exit
effb6220 D _u_boot_list_2_cmd_2_ext2load
effb6238 D _u_boot_list_2_cmd_2_ext2ls
effb6250 D _u_boot_list_2_cmd_2_false
effb6268 D _u_boot_list_2_cmd_2_fatinfo
effb6280 D _u_boot_list_2_cmd_2_fatload
effb6298 D _u_boot_list_2_cmd_2_fatls
effb62b0 D _u_boot_list_2_cmd_2_fatsize
effb62c8 D _u_boot_list_2_cmd_2_fdt
effb62e0 D _u_boot_list_2_cmd_2_flinfo
effb62f8 D _u_boot_list_2_cmd_2_go
effb6310 D _u_boot_list_2_cmd_2_help
effb6328 D _u_boot_list_2_cmd_2_i2c
effb6340 D _u_boot_list_2_cmd_2_iminfo
effb6358 D _u_boot_list_2_cmd_2_imls
effb6370 D _u_boot_list_2_cmd_2_imxtract
effb6388 D _u_boot_list_2_cmd_2_interrupts
effb63a0 D _u_boot_list_2_cmd_2_irqinfo
effb63b8 D _u_boot_list_2_cmd_2_itest
effb63d0 D _u_boot_list_2_cmd_2_loadb
effb63e8 D _u_boot_list_2_cmd_2_loads
effb6400 D _u_boot_list_2_cmd_2_loadx
effb6418 D _u_boot_list_2_cmd_2_loady
effb6430 D _u_boot_list_2_cmd_2_loop
effb6448 D _u_boot_list_2_cmd_2_md
effb6460 D _u_boot_list_2_cmd_2_mdio
effb6478 D _u_boot_list_2_cmd_2_mii
effb6490 D _u_boot_list_2_cmd_2_mm
effb64a8 D _u_boot_list_2_cmd_2_mmc
effb64c0 D _u_boot_list_2_cmd_2_mmcinfo
effb64d8 D _u_boot_list_2_cmd_2_mtdparts
effb64f0 D _u_boot_list_2_cmd_2_mw
effb6508 D _u_boot_list_2_cmd_2_nand
effb6520 D _u_boot_list_2_cmd_2_nboot
effb6538 D _u_boot_list_2_cmd_2_nfs
effb6550 D _u_boot_list_2_cmd_2_nm
effb6568 D _u_boot_list_2_cmd_2_pci
effb6580 D _u_boot_list_2_cmd_2_ping
effb6598 D _u_boot_list_2_cmd_2_printenv
effb65b0 D _u_boot_list_2_cmd_2_protect
effb65c8 D _u_boot_list_2_cmd_2_question_mark
effb65e0 D _u_boot_list_2_cmd_2_reginfo
effb65f8 D _u_boot_list_2_cmd_2_reset
effb6610 D _u_boot_list_2_cmd_2_run
effb6628 D _u_boot_list_2_cmd_2_sata
effb6640 D _u_boot_list_2_cmd_2_saveenv
effb6658 D _u_boot_list_2_cmd_2_setenv
effb6670 D _u_boot_list_2_cmd_2_setexpr
effb6688 D _u_boot_list_2_cmd_2_sf
effb66a0 D _u_boot_list_2_cmd_2_showvar
effb66b8 D _u_boot_list_2_cmd_2_sleep
effb66d0 D _u_boot_list_2_cmd_2_source
effb66e8 D _u_boot_list_2_cmd_2_test
effb6700 D _u_boot_list_2_cmd_2_tftpboot
effb6718 D _u_boot_list_2_cmd_2_true
effb6730 D _u_boot_list_2_cmd_2_usb
effb6748 D _u_boot_list_2_cmd_2_usbboot
effb6760 D _u_boot_list_2_cmd_2_version
effb6778 D _u_boot_list_2_env_clbk_2_baudrate
effb6778 d .LANCHOR0
effb6778 d .LANCHOR0
effb6778 d .LANCHOR0
effb6778 d end.7453
effb6778 d end.7528
effb6778 d start.7626
effb6778 d start.7633
effb6780 D _u_boot_list_2_env_clbk_2_bootfile
effb6788 D _u_boot_list_2_env_clbk_2_callbacks
effb6790 D _u_boot_list_2_env_clbk_2_console
effb6798 D _u_boot_list_2_env_clbk_2_ethaddr
effb67a0 D _u_boot_list_2_env_clbk_2_flags
effb67a8 D _u_boot_list_2_env_clbk_2_gatewayip
effb67b0 D _u_boot_list_2_env_clbk_2_ipaddr
effb67b8 D _u_boot_list_2_env_clbk_2_loadaddr
effb67c0 D _u_boot_list_2_env_clbk_2_netmask
effb67c8 D _u_boot_list_2_env_clbk_2_nvlan
effb67d0 D _u_boot_list_2_env_clbk_2_serverip
effb67d8 D _u_boot_list_2_env_clbk_2_vlan
effb67e0 D _u_boot_list_2_env_driver_2_flash
effb67e0 d .LANCHOR0
effb67e0 d .LANCHOR1
effb67e0 d end.7629
effb67e0 d start.7626
effb67e0 d start.7634
effb67f8 D _u_boot_list_2_i2c_2_fsl_0
effb67f8 d .LANCHOR0
effb67f8 d .LANCHOR1
effb67f8 d .LANCHOR2
effb67f8 d .LANCHOR7
effb67f8 d .LANCHOR8
effb67f8 d end.7629
effb67f8 d end.8165
effb67f8 d start.7656
effb67f8 d start.7660
effb67f8 d start.7678
effb67f8 d start.7702
effb67f8 d start.8162
effb67f8 d start.8170
effb67f8 d start.9328
effb67f8 d start.9340
effb67f8 d start.9356
effb6824 D _u_boot_list_2_i2c_2_fsl_1
effb6850 D _u_boot_list_2_part_driver_2_dos
effb6850 d .LANCHOR0
effb6850 d .LANCHOR1
effb6850 d .LANCHOR1
effb6850 d end.7663
effb6850 d end.7681
effb6850 d end.7705
effb6850 d end.9331
effb6850 d end.9343
effb6850 d end.9359
effb6850 d start.7535
effb6850 d start.7539
effb6850 d start.7603
effb6850 d start.7607
effb6850 d start.7689
effb6850 d start.7693
effb6868 T __start___ex_table
effb6868 T __stop___ex_table
effb6868 d .LANCHOR1
effb6868 d end.7542
effb6868 d end.7610
effb6868 d end.7696
effb6900 T __init_begin
effb6900 T __init_end
effff000 T _start_e500
effff118 t nexti
effff220 t create_ccsr_new_tlb
effff27c t create_ccsr_old_tlb
effff2c8 t verify_old_ccsr
effff2dc t infinite_debug_loop
effff2e0 t write_new_ccsrbar
effff308 t delete_temp_tlbs
effff3d0 t create_init_ram_area
effff48c t switch_as
f0000000 B __bss_start
f0000000 B machinecheck_count
f0000004 B machinecheck_error
f0000008 B current_mtd_partnum
f000000c B current_mtd_dev
f0000010 B working_fdt
f0000014 B use_defaults
f0000018 B mem_malloc_brk
f000001c B mem_malloc_end
f0000020 B mem_malloc_start
f0000024 B usb_started
f0000028 B monitor_flash_len
f000002c B save_addr
f0000030 B save_size
f0000034 B part_offset
f0000038 B ext4fs_indir1_size
f000003c B ext4fs_indir2_block
f0000040 B ext4fs_indir3_block
f0000044 B ext4fs_symlinknest
f0000048 B ext4fs_indir3_size
f000004c B g_parent_inode
f0000050 B ext4fs_indir2_size
f0000054 B ext4fs_indir1_block
f0000058 B ext4fs_file
f000005c B ext4fs_root
f0000060 B errno
f0000064 B bootp_start
f0000068 B net_server_ip
f000006c B net_null_ethaddr
f0000074 B net_ethaddr
f000007c B net_boot_file_size
f0000080 B net_ping_ip
f0000084 B bootp_timeout
f0000088 B bootp_num_ids
f000008c B net_rx_packet_len
f0000090 B eth_current
f0000094 B arp_wait_timer_start
f0000098 B net_gateway
f000009c B net_busy_flag
f00000a0 B net_restart_wrap
f00000a4 B net_boot_file_expected_size_in_blocks
f00000a8 B arp_wait_tx_packet_size
f00000ac B net_server_ethaddr
f00000b4 B net_state
f00000b8 B arp_wait_try
f00000bc B net_rx_packet
f00000c0 B net_netmask
f00000c4 B bootp_try
f00000c8 B arp_wait_packet_ethaddr
f00000cc B net_arp_wait_packet_ip
f00000d0 B net_tx_packet
f00000d4 B net_dns_server
f00000d8 B net_ip
f00000dc b .LANCHOR0
f00000dc b serdes1_prtcl_map
f00000e0 b .LANCHOR1
f00000e0 b timestamp
f00000e4 b .LANCHOR0
f00000e4 b decrementer_count
f00000e8 b .LANCHOR0
f00000e8 b data.7508
f00004e8 b .LANCHOR4
f00004e8 b i2c_mm_last_addr
f00004ec b .LANCHOR3
f00004ec b i2c_mm_last_chip
f00004f0 b .LANCHOR7
f00004f0 b i2c_dp_last_chip
f00004f4 b .LANCHOR5
f00004f4 b i2c_mm_last_alen
f00004f8 b .LANCHOR8
f00004f8 b i2c_dp_last_addr
f00004fc b .LANCHOR9
f00004fc b i2c_dp_last_alen
f0000500 b .LANCHOR16
f0000500 b send_parms
f0000514 b .LANCHOR6
f0000514 b os_data_addr_saved
f0000518 b .LANCHOR9
f0000518 b his_pad_char
f000051c b .LANCHOR7
f000051c b a_b
f0000534 b .LANCHOR12
f0000534 b os_data_char
f0000538 b .LANCHOR0
f0000538 b os_data_state
f000053c b .LANCHOR4
f000053c b k_data_escape
f0000540 b .LANCHOR5
f0000540 b os_data_state_saved
f0000544 b .LANCHOR1
f0000544 b os_data_addr
f0000548 b .LANCHOR15
f0000548 b send_ptr
f000054c b .LANCHOR8
f000054c b his_pad_count
f0000550 b .LANCHOR2
f0000550 b bin_start_address
f0000554 b .LANCHOR14
f0000554 b his_quote
f0000558 b .LANCHOR11
f0000558 b os_data_init
f000055c b .LANCHOR13
f000055c b his_eol
f0000560 b .LANCHOR3
f0000560 b k_data_escape_saved
f0000564 b .LANCHOR2
f0000564 b dp_last_addr
f0000568 b .LANCHOR0
f0000568 b base_address
f000056c b .LANCHOR5
f000056c b mm_last_size
f0000570 b .LANCHOR4
f0000570 b mm_last_addr
f0000574 b .LANCHOR3
f0000574 b dp_last_size
f0000578 b .LANCHOR5
f0000578 b last_data
f000057c b .LANCHOR6
f000057c b last_data
f0000580 b .LANCHOR4
f0000580 b last_reg_hi
f0000584 b .LANCHOR5
f0000584 b last_reg_hi
f0000588 b .LANCHOR6
f0000588 b last_mask
f000058c b .LANCHOR1
f000058c b last_addr_lo
f0000590 b .LANCHOR0
f0000590 b last_addr_lo
f0000594 b .LANCHOR0
f0000594 b last_op
f0000598 b .LANCHOR7
f0000598 b last_op
f000059c b .LANCHOR2
f000059c b last_addr_hi
f00005a0 b .LANCHOR1
f00005a0 b last_addr_hi
f00005a4 b .LANCHOR3
f00005a4 b last_reg_lo
f00005a8 b .LANCHOR4
f00005a8 b last_reg_lo
f00005ac b .LANCHOR3
f00005ac b last_devad_hi
f00005b0 b .LANCHOR2
f00005b0 b last_devad_lo
f00005b4 b .LANCHOR5
f00005b4 b last_ids
f0000638 b .LANCHOR1
f0000638 b last_partition
f000064c b .LANCHOR2
f000064c b last_parts
f0000850 b .LANCHOR4
f0000850 b initialized.9429
f0000854 b .LANCHOR3
f0000854 b mtdids
f000085c b .LANCHOR0
f000085c b devices
f0000868 b .LANCHOR0
f0000868 b last.9180
f0000870 b .LANCHOR0
f0000870 b flash
f0000874 b .LANCHOR3
f0000874 b flag_repeat
f0000878 b .LANCHOR6
f0000878 b buf.7985
f00008a0 b .LANCHOR8
f00008a0 b ifs
f00008a4 b .LANCHOR7
f00008a4 b last_return_code
f00008a8 b .LANCHOR0
f00008a8 b map
f00009a8 b .LANCHOR4
f00009a8 b do_repeat
f00009ac b .LANCHOR5
f00009ac b the_command.7785
f0000ab0 b .LANCHOR2
f0000ab0 b top_vars
f0000ab4 b .LANCHOR0
f0000ab4 b stored_bootdelay
f0000ab8 b .LANCHOR1
f0000ab8 b current_mii
f0000abc b .LANCHOR0
f0000abc b mii_devs
f0000ac4 b .LANCHOR3
f0000ac4 b dev_index
f0000ae0 b .LANCHOR1
f0000ae0 b usb_dev
f00136e0 b .LANCHOR0
f00136e0 b asynch_allowed
f00136e4 b .LANCHOR3
f00136e4 b running.9360
f00136e8 b .LANCHOR0
f00136e8 b usb_hub_index
f00136ec b .LANCHOR1
f00136ec b hub_dev
f0013b2c b .LANCHOR5
f0013b2c b usb_stor
f0013cb4 b .LANCHOR3
f0013cb4 b usb_dev_desc
f001406c b .LANCHOR4
f001406c b usb_max_devs
f0014070 b .LANCHOR1
f0014070 b CBWTag
f0014080 b .LANCHOR2
f0014080 b usb_ccb
f0014120 b .LANCHOR8
f0014120 b hist_list
f0014170 b .LANCHOR7
f0014170 b hist_lines
f0015584 b .LANCHOR3
f0015584 b hist_max
f0015588 b .LANCHOR2
f0015588 b initted.7650
f001558c b .LANCHOR4
f001558c b hist_add_idx
f0015590 b .LANCHOR6
f0015590 b hist_num
f0015594 b .LANCHOR1
f0015594 b ctrlc_was_pressed
f0015598 b .LANCHOR0
f0015598 b ctrlc_disabled
f001559c b .LANCHOR6
f001559c b max_total_mem
f00155a0 b .LANCHOR5
f00155a0 b max_sbrked_mem
f00155a4 b .LANCHOR4
f00155a4 b top_pad
f00155a8 b .LANCHOR1
f00155a8 b current_mallinfo
f00155d0 B stdio_devices
f00155dc b .LANCHOR0
f00155dc b devs
f0015628 b .LANCHOR0
f0015628 b xyz
f0015a5c b .LANCHOR1
f0015a5c b sata_info
f0015a74 b .LANCHOR0
f0015a74 b init_done.8354
f0015a78 b .LANCHOR2
f0015a78 b idx.8355
f0015a7c b .LANCHOR1
f0015a7c b compat_strlist.7450
f0015acc b .LANCHOR0
f0015acc b mmc_devices
f0015ad4 b .LANCHOR0
f0015ad4 b mtd_idr
f0015cd4 b .LANCHOR1
f0015cd4 b saved_sector.9106
f0015cd8 b .LANCHOR0
f0015cd8 b saved_info.9107
f0015cdc b .LANCHOR1
f0015cdc b cfi_mtd_names
f0015cf0 b .LANCHOR0
f0015cf0 b cfi_mtd_info
f0015dc8 b .LANCHOR0
f0015dc8 b nand_info
f0015dcc b .LANCHOR3
f0015dcc b rx_last
f0015e00 b .LANCHOR1
f0015e00 b __tx_base
f0015f00 b .LANCHOR2
f0015f00 b rx_tail
f0015f80 b .LANCHOR4
f0015f80 b __rx_base
f0016080 b .LANCHOR5
f0016080 b __packet
f0017080 b .LANCHOR0
f0017080 b tx_tail
f0017084 b .LANCHOR0
f0017084 b hose_head
f0017088 b .LANCHOR1
f0017088 b indent.7652
f001708c b .LANCHOR1
f001708c b serial_devices
f0017090 b .LANCHOR0
f0017090 b serial_current
f00170a0 b .LANCHOR1
f00170a0 b ehcic
f00171c0 b .LANCHOR3
f00171c0 b callback_list
f00171c4 b .LANCHOR5
f00171c4 b flags_list
f00171c8 b .LANCHOR2
f00171c8 b fs_partition
f001721c b .LANCHOR1
f001721c b fs_type
f0017220 b .LANCHOR4
f0017220 b fs_dev_part
f0017224 b .LANCHOR3
f0017224 b fs_dev_desc
f0017228 b .LANCHOR0
f0017228 b symlinknest
f001722c b .LANCHOR0
f001722c b part_info
f0017230 b .LANCHOR1
f0017230 b cur_part_info
f0017284 b .LANCHOR0
f0017284 b cur_dev
f0017288 b .LANCHOR0
f0017288 b address_map
f0017408 b .LANCHOR2
f0017408 b local.8679
f0017420 b .LANCHOR2
f0017420 b arp_tx_packet_buf
f0017a40 b .LANCHOR1
f0017a40 b arp_tx_packet
f0017a44 b .LANCHOR0
f0017a44 b net_arp_wait_reply_ip
f0017a48 B net_hostname
f0017a68 B net_root_path
f0017aa8 b .LANCHOR0
f0017aa8 b time_taken_max
f0017aac B net_nis_domain
f0017acc b .LANCHOR2
f0017acc b index.8115
f0017ad0 b .LANCHOR1
f0017ad0 b eth_devices
f0017ad4 b .LANCHOR1
f0017ad4 b act.9135
f0017ad8 b .LANCHOR0
f0017ad8 b first_failed.9130
f0017adc b .LANCHOR2
f0017adc b env_changed_id.9136
f0017ae0 b .LANCHOR8
f0017ae0 b net_restarted
f0017ae4 b .LANCHOR0
f0017ae4 b udp_packet_handler
f0017ae8 b .LANCHOR11
f0017ae8 b net_ip_id
f0017aec b .LANCHOR9
f0017aec b net_dev_exists
f0017af0 b .LANCHOR3
f0017af0 b time_start
f0017af4 b .LANCHOR14
f0017af4 b time_start
f0017af8 b .LANCHOR6
f0017af8 b net_pkt_buf
f0019918 b .LANCHOR7
f0019918 b net_try_count
f001991c b .LANCHOR2
f001991c b time_handler
f0019920 b .LANCHOR1
f0019920 b arp_packet_handler
f0019924 b .LANCHOR4
f0019924 b time_delta
f0019928 b .LANCHOR1
f0019928 b nfs_server_mount_port
f001992c b .LANCHOR9
f001992c b nfs_server_ip
f0019930 b .LANCHOR13
f0019930 b nfs_filename
f0019934 b .LANCHOR12
f0019934 b nfs_state
f0019938 b .LANCHOR7
f0019938 b filefh3_length
f001993c b .LANCHOR4
f001993c b dirfh
f001995c b .LANCHOR0
f001995c b rpc_id
f0019960 b .LANCHOR3
f0019960 b fs_mounted
f0019964 b .LANCHOR14
f0019964 b nfs_len
f0019968 b .LANCHOR2
f0019968 b nfs_server_port
f001996c b .LANCHOR15
f001996c b nfs_download_state
f0019970 b .LANCHOR8
f0019970 b nfs_path
f0019974 b .LANCHOR17
f0019974 b nfs_path_buff
f001a174 b .LANCHOR16
f001a174 b nfs_timeout_count
f001a178 b .LANCHOR6
f001a178 b filefh
f001a1b8 b .LANCHOR10
f001a1b8 b nfs_our_port
f001a1bc b .LANCHOR0
f001a1bc b ping_seq_number
f001a1c0 b .LANCHOR9
f001a1c0 b tftp_prev_block
f001a1c4 b .LANCHOR12
f001a1c4 b timeout_count
f001a1c8 b .LANCHOR10
f001a1c8 b tftp_block_wrap
f001a1cc b .LANCHOR15
f001a1cc b default_filename
f001a1dc b .LANCHOR7
f001a1dc b tftp_remote_port
f001a1e0 b .LANCHOR4
f001a1e0 b tftp_cur_block
f001a1e4 b .LANCHOR5
f001a1e4 b tftp_remote_ip
f001a1e8 b .LANCHOR6
f001a1e8 b tftp_our_port
f001a1ec b .LANCHOR0
f001a1ec b tftp_state
f001a1f0 b .LANCHOR1
f001a1f0 b tftp_filename
f001a270 b .LANCHOR11
f001a270 b tftp_block_wrap_offset
f001a278 B console_buffer
f001a380 B images
f001a588 B sata_dev_desc
f001a698 B flash_info
f001badc B mtd_table
f001bb60 B ext_fs
f001bbc0 B do_fat_read_at_block
f002bbc0 B get_dentfromdir_block
f003bbc0 B get_contents_vfatname_block
f004bbc0 B bootp_ids
f004bbd0 B net_rx_packets
f004bbe0 B net_boot_file_name
f004bfe0 B __bss_end
