00000625 A __fixup_entries
00000a4d A __got2_entries
eff40000 T _start
eff40004 T version_string
eff40050 T _start_cont
eff400b8 T _start_of_vectors
eff400c0 t CriticalInput
eff40170 t MachineCheck
eff40220 t DataStorage
eff402d0 t InstStorage
eff40380 t ExtInterrupt
eff4042c t Alignment
eff404ec t ProgramCheck
eff405a0 t FPUnavailable
eff40650 t SystemCall
eff40700 t Decrementer
eff407b0 t IntervalTimer
eff40860 t WatchdogTimer
eff40910 t DataTLBError
eff409c0 t InstructionTLBError
eff40a70 t DebugBreakpoint
eff40b1c T _end_of_vectors
eff40c00 T transfer_to_handler
eff40c6c t int_return
eff40d4c T flush_icache
eff40d4c T invalidate_icache
eff40d68 T invalidate_dcache
eff40d84 T icache_enable
eff40dac T icache_disable
eff40dc8 T icache_status
eff40dd4 T dcache_enable
eff40e04 T dcache_disable
eff40e20 T dcache_status
eff40e2c T in8
eff40e34 T out8
eff40e40 T out16
eff40e4c T out16r
eff40e58 T out32
eff40e64 T out32r
eff40e70 T in16
eff40e78 T in16r
eff40e80 T in32
eff40e88 T in32r
eff40e90 T write_tlb
eff40ebc T relocate_code
eff40fa4 T in_ram
eff4100c t clear_bss
eff4103c T trap_init
eff410cc T unlock_ram_in_cache
eff41124 T flush_dcache
eff41198 T identify_cpu
eff41200 W cpu_mask
eff41274 W cpu_numcores
eff4131c T is_core_valid
eff41360 T arch_cpu_init
eff413ac T fixup_cpu
eff413f8 T cpu_eth_init
eff41428 T ft_fixup_num_cores
eff4156c W lbc_sdram_init
eff4156c t __lbc_sdram_init
eff41570 T print_lbc_regs
eff41620 T init_early_memctl_regs
eff416e0 T set_law
eff41750 T disable_law
eff4179c T set_next_law
eff4180c T set_last_law
eff4187c T print_laws
eff41940 T set_ddr_laws
eff41c64 T disable_non_ddr_laws
eff41ce8 T init_laws
eff42000 T __secondary_start_page
eff42140 T __bootpg_addr
eff42144 T __spin_table_addr
eff42160 T enable_cpu_a011_workaround
eff42164 t __secondary_start_code_end
eff42ffc t __secondary_reset_vector
eff43000 T __second_half_boot_page
eff43100 T __spin_table
eff43180 T spin_table_compat
eff43184 t __spin_table_end
eff44100 T ft_fixup_cpu
eff44378 T fdt_add_enet_stashing
eff4444c T ft_cpu_setup
eff44a5c T ft_verify_fdt
eff44c00 T get_my_id
eff44c08 T hold_cores_in_reset
eff44c68 T cpu_reset
eff44ca8 T cpu_disable
eff44d3c T is_core_disabled
eff44db0 T cpu_status
eff44e78 T cpu_release
eff44f64 T determine_mp_bootpg
eff44fb4 T get_spin_phys_addr
eff44fe4 T cpu_mp_lmb_reserve
eff45030 T setup_mp
eff45290 T fsl_serdes_init
eff45320 T is_serdes_configured
eff45374 W board_reset
eff45374 t __board_reset
eff45378 T checkcpu
eff45640 T do_reset
eff4568c W get_tbclk
eff4569c T print_reginfo
eff456d0 T dram_init
eff45724 T cpu_init_f
eff45768 T l2cache_init
eff458c4 T cpu_init_r
eff45934 T arch_preboot_os
eff4594c T cpu_secondary_init_r
eff45950 T cpu_init_early_f
eff459bc T interrupt_init_cpu
eff45a50 T irq_install_handler
eff45a54 T irq_free_handler
eff45a58 T timer_interrupt_cpu
eff45a64 T do_irqinfo
eff45a6c T get_sys_info
eff45b24 T get_clocks
eff45ba0 T get_bus_freq
eff45ba8 T get_ddr_freq
eff45bb0 T invalidate_tlb
eff45bd4 W init_tlbs
eff45c38 T read_tlbcam_entry
eff45c84 T print_tlbcam
eff45d40 T init_used_tlb_cams
eff45db0 T find_free_tlbcam
eff45df8 T set_tlb
eff45f14 T disable_tlb
eff45fb4 T find_tlb_idx
eff45ff4 T init_addr_map
eff4609c T tlb_map_range
eff46218 T setup_ddr_tlbs_phys
eff462d4 T setup_ddr_tlbs
eff4630c t print_backtrace
eff463c8 T show_regs
eff46494 T CritcalInputException
eff464bc T MachineCheckException
eff46668 T AlignmentException
eff466a0 T ProgramCheckException
eff46704 T UnknownException
eff4675c T ExtIntException
eff467cc T DebugException
eff4680c T strcpy
eff46828 T strncpy
eff46850 T strcat
eff4687c T strcmp
eff468a0 T strlen
eff468b8 T memset
eff46914 T memmove
eff4691c T memcpy
eff469b8 T backwards_memcpy
eff46a40 T memcmp
eff46a70 T memchr
eff46a98 T ppcDcbf
eff46aa0 T ppcDcbi
eff46aa8 T ppcDcbz
eff46ab0 T ppcSync
eff46ab8 T flush_dcache_range
eff46ae8 T invalidate_dcache_range
eff46b1c T get_ticks
eff46b34 T wait_ticks
eff46b80 T trap_reloc
eff46ba8 t boot_bd_t_linux
eff46c40 T arch_fixup_fdt
eff46c48 T arch_lmb_reserve
eff46d24 T do_bootm_linux
eff46e4c T boot_prep_vxworks
eff46ee4 T boot_jump_vxworks
eff46f40 T flush_cache
eff46f9c T search_exception_table
eff46ffc T enable_interrupts
eff4700c T disable_interrupts
eff47020 T interrupt_init
eff47074 T timer_interrupt
eff470c4 T get_timer
eff470fc W arch_reserve_stacks
eff4711c T usec2ticks
eff47188 T __udelay
eff471b8 T timer_init
eff471cc T board_early_init_f
eff471d4 T checkboard
eff47208 T pci_init_board
eff47238 T board_early_init_r
eff472d0 T board_eth_init
eff47410 T ft_board_setup
eff474e4 T fixed_sdram
eff47634 W do_go_exec
eff47664 t do_go
eff476e8 T do_bootm
eff477e8 T do_bootd
eff47824 t do_imls
eff47934 t image_info
eff47a50 t do_iminfo
eff47adc T bootm_maybe_autostart
eff47b60 t do_help
eff47bbc t do_version
eff47c0c T blk_common_cmd
eff47f18 T source
eff480d8 t do_source
eff4816c t print_num
eff481a4 t print_eth
eff48210 W board_detail
eff48214 T do_bdinfo
eff48348 t do_coninfo
eff4840c t cnvrt2
eff48454 T mk_date
eff4864c t do_date
eff48798 t do_echo
eff48868 t parse_numeric_param
eff488b0 t parse_i2c_bus_addr
eff48948 W eeprom_write_enable
eff48950 T eeprom_init
eff48994 T eeprom_read
eff48a24 T eeprom_write
eff48ad8 T do_eeprom
eff48c7c t load_elf_image_shdr
eff48d28 T valid_elf_image
eff48d84 T do_bootelf
eff48f44 T do_bootvx
eff49230 t do_exit
eff49280 T do_ext2load
eff492b0 t do_ext2ls
eff492e0 T do_fat_size
eff49310 T do_fat_fsload
eff49340 t do_fat_ls
eff49370 t do_fat_fsinfo
eff49418 t fdt_valid
eff494d4 t is_printable_string
eff49590 t print_data
eff49704 T set_working_fdt_addr
eff49740 t do_fdt
eff4a5a4 t flash_fill_sect_ranges
eff4a708 t abbrev_spec
eff4a864 t do_flinfo
eff4a8d8 T flash_sect_roundb
eff4a994 t addr_spec
eff4aa74 T flash_sect_erase
eff4ab20 t do_flerase
eff4ad48 T flash_sect_protect
eff4ae24 t do_protect
eff4b160 t do_i2c
eff4b1e4 t do_i2c_bus_speed
eff4b270 t do_i2c_reset
eff4b2bc t do_i2c_probe
eff4b3c0 t do_i2c_bus_num
eff4b480 t do_i2c_show_bus
eff4b574 t get_alen.constprop.5
eff4b5b4 t do_i2c_crc
eff4b6e4 t mod_i2c_mem.isra.3
eff4b8e8 t do_i2c_nm
eff4b8f0 t do_i2c_mm
eff4b8f8 t do_i2c_md
eff4bad4 t do_i2c_read
eff4bbb0 t do_i2c_mw
eff4bcc4 t do_i2c_write
eff4be18 t do_i2c_loop
eff4bf20 W i2c_init_board
eff4bf24 t do_interrupts
eff4bf80 t evalexp
eff4c054 t evalstr
eff4c0e8 t binary_test
eff4c2ac t do_itest
eff4c348 t bin_data_init
eff4c394 t k_data_save
eff4c3f8 t k_data_restore
eff4c45c t getcxmodem
eff4c4a0 t load_serial_ymodem
eff4c5bc t bin_data_char
eff4c60c t chk1.constprop.1
eff4c660 t s1_sendpacket.constprop.2
eff4c6c8 t load_serial
eff4c8dc t do_load_serial
eff4ca80 t do_load_serial_bin
eff4d1bc t do_mem_mw
eff4d2ac t do_mem_loop
eff4d3bc t do_mem_md
eff4d4b0 t do_mem_cmp
eff4d620 t do_mem_base
eff4d67c t do_mem_cp
eff4d78c t do_mem_crc
eff4d7e8 t mod_mem.isra.0
eff4d98c t do_mem_mm
eff4d994 t do_mem_nm
eff4d99c t extract_range
eff4da10 t extract_range
eff4dab8 t do_mii
eff4e338 t do_mdio
eff4e7e8 t do_sleep
eff4e8d4 t do_mmcops
eff4e9a8 t init_mmc_device
eff4ea24 t do_mmc_rescan
eff4ea64 t do_mmc_hwpartition
eff4ef5c t do_mmc_list
eff4ef90 t do_mmc_dev
eff4f0d0 t do_mmc_read
eff4f1cc t do_mmc_part
eff4f24c t do_mmc_erase
eff4f348 t do_mmc_write
eff4f45c t do_mmcinfo
eff4f7e8 t do_mmc_setdsr
eff4f898 t cpu_cmd
eff4fa00 t part_delall
eff4fa58 t memsize_parse
eff4fb08 t mtd_part_info
eff4fba8 t env_get_mtdparts
eff4fc10 t memsize_format
eff4fca0 t index_partitions
eff4fd6c t current_save
eff4fe1c t part_sort_add
eff4ff88 t device_del
eff50024 t generate_mtdparts_save.constprop.7
eff502e4 t device_delall.constprop.9
eff50368 t mtd_devices_init
eff503b8 t get_mtd_info.constprop.10
eff50448 t part_validate
eff50788 T device_find
eff507f4 t device_parse
eff50cb0 T mtd_id_parse
eff50dd0 T find_dev_and_part
eff50f7c T mtdparts_init
eff515e0 t do_chpart
eff516b0 t do_mtdparts
eff51c78 t set_dev
eff51cec t nand_print_and_set_info
eff51dc4 t do_nand
eff529e0 t nand_load_image
eff52be8 t do_nandboot
eff52e28 t netboot_common
eff530c8 t do_bootp
eff530d4 t do_nfs
eff530e0 T do_tftpb
eff53140 t do_ping
eff531d0 t pci_cfg_write
eff53230 t pci_read_config
eff5328c t pci_show_regs
eff53330 t pci_cfg_modify.isra.1
eff53464 T pci_header_show
eff53528 T pciinfo_header
eff53578 T pci_header_show_brief
eff53608 T pciinfo
eff53760 t do_pci
eff53b3c t do_reginfo
eff53b6c T sata_remove
eff53b98 T sata_probe
eff53bc8 t do_sata
eff53ccc t bytes_per_second
eff53d30 t do_spi_flash
eff54544 t substitute
eff54644 t get_arg
eff546c0 t regex_sub
eff549c4 t do_setexpr
eff54b70 t do_false
eff54b78 t do_true
eff54b80 t do_test
eff54eb0 t usb_get_class_desc
eff54f54 t usb_find_device
eff54fb0 t usb_show_tree_graph
eff551f4 t usb_display_class_sub
eff5533c t usb_display_desc
eff5546c t usb_display_string
eff554c4 t usb_display_config
eff556cc t do_usbboot
eff556fc t do_usb_start
eff55748 T usb_show_tree
eff557bc t do_usb
eff55b98 T common_diskboot
eff55e24 t do_imgextract
eff5619c t do_env_delete
eff56250 t do_env_exists
eff562cc t do_env_save
eff56300 t do_env
eff56384 t env_print
eff56464 t do_env_print
eff56540 t do_env_import
eff5678c t do_env_default
eff56830 t _do_env_set.isra.0
eff56a04 t do_env_set
eff56a24 T get_env_id
eff56a58 T env_set
eff56ad4 T env_set_ulong
eff56b14 T env_set_hex
eff56b60 t do_env_export
eff56d74 T envmatch
eff56e00 T env_get_f
eff56eec T env_get
eff56f94 T env_get_hex
eff56fec T env_get_ulong
eff5703c t do_env_edit.part.2
eff57104 t do_env_edit
eff5712c W show_boot_progress
eff57134 T main_loop
eff57174 t mdelay
eff571b8 t dummy
eff571bc T get_version
eff571c4 T jumptable_init
eff57374 t hash_finish_crc32
eff573b8 t hash_update_crc32
eff573fc t hash_init_crc32
eff57430 t hash_finish_sha256
eff57488 t hash_update_sha256
eff574c4 t hash_init_sha256
eff57508 t hash_finish_sha1
eff57560 t hash_update_sha1
eff5759c t hash_init_sha1
eff575e0 T hash_lookup_algo
eff5764c T hash_command
eff5782c t b_reset
eff5784c t static_get
eff5786c t file_peek
eff57878 t mapset
eff578c0 t syntax_err
eff578f0 t free_pipe_list
eff579d4 t xmalloc
eff57a14 t new_pipe
eff57a50 t xrealloc
eff57a90 t done_command
eff57b28 t done_pipe
eff57b80 t done_word
eff57ed0 t do_showvar
eff57fe8 t is_assignment
eff58064 t file_get
eff58240 t b_addchr
eff582d4 t b_addqchr
eff5834c t static_peek
eff58358 T get_local_var
eff58404 T set_local_var
eff585d4 t insert_var_value_sub
eff588ac T parse_string_outer
eff589ac t run_list_real
eff59134 t parse_stream_outer
eff59848 T parse_file_outer
eff598a0 T u_boot_hush_start
eff59908 T bootdelay_process
eff5996c T autoboot_command
eff59a74 t log_init
eff59a7c t log_init
eff59a84 t setup_mon_len
eff59ac0 t reserve_round_4k
eff59ad4 t reserve_uboot
eff59b18 t reserve_malloc
eff59b30 t reserve_global_data
eff59b50 t reserve_fdt
eff59b9c t setup_board_part1
eff59bc8 t setup_board_part2
eff59be4 t initf_dm
eff59bec W arch_cpu_init_dm
eff59bf4 t jump_to_copy
eff59c38 t setup_reloc
eff59c94 t reloc_fdt
eff59cf8 t reserve_board
eff59d64 t announce_dram_init
eff59d98 t init_func_spi
eff59dd8 t init_func_i2c
eff59e18 t init_baud_rate
eff59e60 t initf_bootstage
eff59e94 W reserve_arch
eff59e9c t display_text_info
eff59ea4 W dram_init_banksize
eff59eac W mach_cpu_init
eff59eb4 t reserve_video
eff59ebc t reserve_trace
eff59ec4 t setup_machine
eff59ecc t reserve_bootstage
eff59ed4 t display_new_sp
eff59edc t reloc_bootstage
eff59ee4 t initf_console_record
eff59eec t show_dram_config
eff59f38 W board_get_usable_ram_top
eff59f44 t setup_dest_addr
eff59fc8 t reserve_stacks
eff5a010 T board_init_f
eff5a048 t bootstage_relocate
eff5a050 t initr_reloc
eff5a064 t initr_barrier
eff5a074 W power_init_board
eff5a07c t initr_spi
eff5a084 t run_main_loop
eff5a0ac t initr_net
eff5a0e4 t initr_ethaddr
eff5a138 t initr_jumptable
eff5a168 t initr_pci
eff5a198 t initr_env
eff5a1e0 t initr_addr_map
eff5a210 t initr_trap
eff5a244 t initr_serial
eff5a274 t initr_bootstage
eff5a2a8 t initr_malloc
eff5a2ec t initr_unlock_ram_in_cache
eff5a31c t initr_trace
eff5a324 t initr_console_record
eff5a32c t initr_announce
eff5a334 W board_flash_wp_on
eff5a33c t initr_flash
eff5a3bc t initr_secondary_cpu
eff5a3ec t initr_reloc_global_data
eff5a444 T board_init_r
eff5a480 W show_board_info
eff5a4ac T bootm_find_images
eff5a584 T bootm_decomp_image
eff5a6d8 T bootm_disable_interrupts
eff5a710 T do_bootm_states
eff5af6c t copy_args
eff5afe0 t do_bootm_rtems
eff5b064 t do_bootm_plan9
eff5b144 t do_bootm_standalone
eff5b1c0 t do_bootm_qnxelf
eff5b278 t do_bootm_netbsd
eff5b3b0 T do_bootvx_fdt
eff5b4c8 t do_bootm_vxworks
eff5b530 T boot_selected_os
eff5b5ac T bootm_os_get_boot_func
eff5b5e4 t of_bus_default_map
eff5b6a4 T fdt_support_default_count_cells
eff5b71c t fdt_fixup_stdout
eff5b80c t of_bus_default_translate
eff5b89c T fdt_getprop_u32_default_node
eff5b904 T fdt_getprop_u32_default
eff5b960 T fdt_find_and_setprop
eff5b9f0 T fdt_find_or_add_subnode
eff5ba68 T fdt_root
eff5bb00 T fdt_initrd
eff5bccc T fdt_chosen
eff5bda0 T do_fixup_by_path
eff5bdf4 T do_fixup_by_prop
eff5becc T do_fixup_by_prop_u32
eff5bf0c T do_fixup_by_compat
eff5bfcc T do_fixup_by_compat_u32
eff5c00c T fdt_fixup_memory_banks
eff5c1f8 T fdt_fixup_memory
eff5c240 T fdt_fixup_ethernet
eff5c404 T fdt_shrink_to_minimum
eff5c4ec T fdt_pci_dma_ranges
eff5c658 T fdt_translate_address
eff5c8e0 T fdt_node_offset_by_compat_reg
eff5c994 T fdt_verify_alias_address
eff5ca74 T miiphy_get_dev_by_name
eff5caec T miiphy_init
eff5cb30 T mdio_alloc
eff5cb80 T mdio_register
eff5cc2c T mdio_list_devices
eff5cce0 T miiphy_set_current_dev
eff5cd38 t miiphy_get_active_dev
eff5cdb0 T mdio_get_current_dev
eff5cde4 T mdio_phydev_for_ethname
eff5ce8c T miiphy_get_current_dev
eff5ced0 T miiphy_read
eff5cf30 T miiphy_write
eff5cf84 T miiphy_listdev
eff5d004 T miiphy_info
eff5d0b0 T miiphy_is_1000base_x
eff5d10c T miiphy_speed
eff5d23c T miiphy_duplex
eff5d394 t usb_set_maxpacket_ep
eff5d3f8 T usb_stop
eff5d468 T usb_disable_asynch
eff5d4ac T usb_control_msg
eff5d598 t usb_get_descriptor
eff5d604 t get_descriptor_len
eff5d6a4 t usb_setup_descriptor
eff5d7a0 t usb_get_string
eff5d834 t usb_string_sub
eff5d958 T usb_bulk_msg
eff5d9f4 T usb_maxpacket
eff5da20 T usb_clear_halt
eff5dac8 T usb_get_configuration_len
eff5db58 T usb_get_configuration_no
eff5db8c T usb_set_interface
eff5dc64 T usb_string
eff5dd8c T usb_get_dev_index
eff5ddd4 T usb_alloc_new_device
eff5de84 T usb_free_device
eff5dee4 W usb_alloc_device
eff5deec T usb_select_config
eff5e388 T usb_setup_device
eff5e48c T usb_new_device
eff5e4e4 T usb_init
eff5e638 T usb_device_has_child_on_port
eff5e654 T usb_find_usb2_hub_address_port
eff5e6cc t usb_set_port_feature
eff5e72c t usb_clear_port_feature
eff5e78c t usb_get_hub_descriptor
eff5e804 W usb_hub_reset_devices
eff5e808 T usb_get_port_status
eff5e86c T usb_hub_reset
eff5e8b0 T usb_hub_port_connect_change
eff5eaa8 t usb_hub_configure
eff5f05c T usb_hub_probe
eff5f0b0 t usb_stor_irq
eff5f0d0 t usb_stor_BBB_reset
eff5f200 t usb_stor_CB_reset
eff5f304 t usb_stor_BBB_clear_endpt_stall.isra.3
eff5f364 t usb_stor_BBB_transport
eff5f628 t usb_stor_CB_comdat
eff5f82c t usb_stor_CBI_get_status.isra.5
eff5f920 t usb_stor_CB_transport
eff5fb64 t usb_request_sense.constprop.11
eff5fbf8 t usb_stor_read
eff5fd54 t usb_stor_write
eff5feb0 T usb_stor_info
eff5ff38 T usb_stor_reset
eff5ff70 T usb_storage_probe
eff601a0 T usb_stor_get_info
eff604e8 T usb_stor_scan
eff606b8 T flash_protect
eff6078c T addr2info
eff607fc T flash_write
eff60954 T flash_perror
eff60a3c t delete_char.part.0
eff60b28 t cread_add_char
eff60c28 T cli_readline_into_buffer
eff615f0 T cli_readline
eff6162c t hwconfig_parse
eff61778 t __hwconfig
eff61874 T hwconfig_f
eff618a4 T hwconfig_sub_f
eff61908 T hwconfig_subarg_f
eff6196c T hwconfig_subarg_cmp_f
eff619dc t console_setfile
eff61aac T fgetc
eff61afc T getc
eff61b4c T ftstc
eff61b9c T tstc
eff61bec T fputc
eff61c34 T putc
eff61c88 T fputs
eff61cd0 T puts
eff61d24 T ctrlc
eff61d9c T confirm_yesno
eff61e84 T had_ctrlc
eff61eb8 T clear_ctrlc
eff61ef0 T search_device
eff61f48 T console_assign
eff61fbc t on_console
eff62090 T console_init_f
eff620a0 T stdio_print_current_devices
eff62158 T console_init_r
eff62250 T sbrk
eff622cc T mem_malloc_init
eff6231c T malloc_trim
eff623f4 T free
eff62670 T malloc
eff62cc4 T calloc
eff62dbc T realloc
eff63220 T memalign
eff633b0 T initf_malloc
eff633b8 t on_loadaddr
eff6340c T image_check_hcrc
eff63474 T image_check_dcrc
eff634c4 T image_multi_count
eff634e4 T image_multi_getimg
eff63580 T env_get_bootm_low
eff635d0 T env_get_bootm_size
eff63664 T env_get_bootm_mapsize
eff636c0 T memmove_wd
eff636f4 T genimg_print_size
eff6373c T genimg_print_time
eff6378c T get_table_entry
eff637b0 T get_table_entry_name
eff637f8 T genimg_get_os_name
eff63830 T genimg_get_arch_name
eff63868 T genimg_get_type_name
eff638a0 T genimg_get_comp_name
eff638d8 T image_print_contents
eff63a70 T get_table_entry_id
eff63adc T genimg_get_os_id
eff63b14 T genimg_get_arch_id
eff63b4c T genimg_get_type_id
eff63b84 T genimg_get_comp_id
eff63bbc T genimg_get_kernel_addr_fit
eff63c50 T genimg_get_format
eff63ca0 T genimg_has_config
eff63cb0 T boot_get_ramdisk
eff63fec T boot_ramdisk_high
eff64160 T boot_get_setup
eff6418c T boot_get_loadable
eff64308 T boot_get_cmdline
eff643a8 T boot_get_kbd
eff64428 T image_setup_linux
eff644c8 t fdt_error
eff6450c T boot_fdt_add_mem_rsv_regions
eff645c4 T boot_relocate_fdt
eff6477c T boot_get_fdt
eff64b08 T image_setup_libfdt
eff64c64 t fit_image_get_address
eff64ce0 T fit_parse_conf
eff64d60 T fit_parse_subimage
eff64de0 T fit_get_desc
eff64e24 T fit_get_timestamp
eff64e88 T fit_image_get_node
eff64edc T fit_image_get_os
eff64f38 T fit_image_get_arch
eff64f94 T fit_image_get_type
eff64ff0 T fit_image_get_comp
eff6504c T fit_image_get_load
eff65080 T fit_image_get_entry
eff650b4 T fit_image_get_data
eff65114 T fit_image_hash_get_algo
eff65158 T fit_image_hash_get_value
eff651b8 t fit_image_print_data
eff6532c T fit_image_print
eff656c8 T fit_get_end
eff656d4 T calculate_hash
eff657dc T fit_image_verify
eff65a08 T fit_all_image_verify
eff65b14 T fit_image_check_os
eff65b68 T fit_image_check_arch
eff65bd4 T fit_image_check_type
eff65c28 T fit_image_check_comp
eff65c7c T fit_check_format
eff65cf8 T fit_conf_get_node
eff65de4 T fit_conf_get_prop_node_count
eff65e10 T fit_conf_get_prop_node_index
eff65e5c T fit_conf_get_prop_node
eff65e8c T fit_conf_print
eff6604c T fit_print_contents
eff66294 T fit_get_node_from_config
eff662fc T fit_image_load
eff66868 T boot_get_setup_fit
eff668e4 T boot_get_fdt_fit
eff66a60 W get_effective_memsize
eff66a6c t stdio_serial_tstc
eff66a98 t stdio_serial_getc
eff66ac4 t stdio_serial_puts
eff66af4 t stdio_serial_putc
eff66b24 T stdio_get_list
eff66b58 T stdio_get_by_name
eff66bcc T stdio_clone
eff66c3c T stdio_register_dev
eff66cac T stdio_register
eff66cdc T stdio_init_tables
eff66d1c T stdio_add_devices
eff66da0 T run_command
eff66de0 T run_command_list
eff66e78 T do_run
eff66f00 T cli_loop
eff66f28 T cli_init
eff66f54 T find_cmd_tbl
eff67018 T find_cmd
eff67060 T cmd_usage
eff670d0 T _do_help
eff67284 T cmd_get_data_size
eff67300 T cmd_process
eff67408 t hex1_bin
eff67450 t hex2_bin
eff674a0 T srec_decode
eff6770c t CYGACC_COMM_IF_GETC_TIMEOUT.isra.0
eff67778 t xyzModem_flush
eff677a4 t xyzModem_get_hdr
eff67a18 T xyzModem_stream_open
eff67c7c T xyzModem_stream_read
eff67ef4 T xyzModem_stream_close
eff67f4c T xyzModem_stream_terminate
eff68000 T xyzModem_error
eff68094 T dev_print
eff6828c T part_init
eff682fc T part_print
eff68410 T part_get_info
eff68498 T part_get_info_whole_disk
eff684fc T blk_get_device_by_str
eff68664 T blk_get_device_part_str
eff68a30 T part_set_generic_name
eff68ac4 t test_block_type
eff68b60 t print_partition_extended
eff68df8 T part_print_dos
eff68e4c t part_test_dos
eff68ee4 t part_get_info_extended.constprop.1
eff691a8 T part_get_info_dos
eff691c0 T ata_id_n_sectors
eff69234 T ata_id_c_string
eff692ec T ata_swap_buf_le16
eff69314 t sata_bwrite
eff69344 t sata_bread
eff69374 T __sata_initialize
eff69374 W sata_initialize
eff69450 W __sata_stop
eff69450 W sata_stop
eff694a0 t sil_sata_dump_fis
eff6957c t ata_wait_register
eff695e8 t sil_init_port
eff69650 t sil_exec_cmd.constprop.0
eff69724 t sil_read_fis.constprop.1
eff69798 t sil_sata_rw_cmd
eff69904 t sil_sata_rw_lba28
eff69970 t sil_sata_rw_cmd_ext
eff69af4 t sil_sata_rw_lba48
eff69b6c T sata_read
eff69bc4 T sata_write
eff69cc0 T init_sata
eff69e2c T reset_sata
eff69e34 T scan_sata
eff6a4cc t get_desc
eff6a548 T blk_driver_lookup_type
eff6a5a4 T blk_get_if_type_name
eff6a5e4 T blk_list_part
eff6a69c T blk_print_part_devnum
eff6a70c T blk_list_devices
eff6a79c T blk_print_device_num
eff6a808 T blk_show_device
eff6a8a8 T blk_get_devnum_by_type
eff6a900 T blk_dselect_hwpart
eff6a968 T blk_get_devnum_by_typename
eff6a9f0 T blk_read_devnum
eff6aa6c T blk_write_devnum
eff6aae8 T blk_select_hwpart_devnum
eff6ab54 T fdt_fixup_crypto_node
eff6ad68 t mmc_set_ios
eff6ada8 t mmc_set_capacity
eff6ae80 W board_mmc_getwp
eff6ae88 T mmc_getwp
eff6aee4 W board_mmc_getcd
eff6aeec T mmc_mode_name
eff6af34 T mmc_send_cmd
eff6af64 t mmc_send_ext_csd
eff6afc8 t mmc_read_and_compare_ext_csd
eff6b08c t mmc_go_idle
eff6b0f8 t mmc_send_op_cond_iter
eff6b188 T mmc_send_status
eff6b264 T mmc_switch
eff6b2f0 t mmc_startup_v4
eff6b69c t mmc_set_card_speed
eff6b750 T mmc_switch_part
eff6b7d8 T mmc_hwpart_config
eff6bbec T mmc_getcd
eff6bc48 T sd_select_bus_width
eff6bcfc T mmc_set_clock
eff6bd38 t mmc_startup
eff6c924 T mmc_dump_capabilities
eff6c9d4 W board_mmc_power_init
eff6c9d8 T mmc_start_init
eff6cca4 T mmc_init
eff6cdf8 T mmc_set_dsr
eff6ce04 T find_mmc_device
eff6ce68 t mmc_select_hwpartp
eff6ced8 t mmc_get_dev
eff6cf2c T mmc_get_blk_desc
eff6cf34 T get_mmc_num
eff6cf68 T print_mmc_devices
eff6d040 t esdhc_set_ios
eff6d1d8 t esdhc_getcd
eff6d248 t esdhc_init
eff6d360 t check_and_invalidate_dcache_range.isra.3
eff6d3ac t esdhc_send_cmd
eff6d8e4 W esdhc_status_fixup
eff6d8ec T fdt_fixup_esdhc
eff6d944 T rtc_calc_weekday
eff6da28 T rtc_to_tm
eff6db28 t rtc_read
eff6db5c t rtc_write
eff6db94 T rtc_get
eff6dce0 T rtc_set
eff6de14 T rtc_reset
eff6de44 T fsl_ddr_get_version
eff6dec4 T fsl_ddr_get_intl3r
eff6decc T print_ddr_info
eff6e068 W detail_board_ddr_info
eff6e098 T board_add_ram_info
eff6e0c4 T fsl_ddr_set_memctl_regs
eff6e4e4 T i2c_get_adapter
eff6e560 t i2c_init_bus
eff6e60c T i2c_get_bus_num
eff6e614 T i2c_set_bus_num
eff6e6e4 T i2c_init_all
eff6e718 T i2c_probe
eff6e764 T i2c_read
eff6e7d0 T i2c_write
eff6e83c T i2c_set_bus_speed
eff6e8d0 T i2c_get_bus_speed
eff6e904 T i2c_reg_read
eff6e940 T i2c_reg_write
eff6e97c W i2c_init
eff6e9c4 t set_i2c_bus_speed
eff6eacc t i2c_wait4bus
eff6eb5c t fsl_i2c_write
eff6ee0c t __i2c_read
eff6f544 t fsl_i2c_read
eff6f590 t fsl_i2c_probe_chip
eff6f608 t fsl_i2c_init
eff6f818 t fsl_i2c_set_bus_speed
eff6f88c T idr_find
eff6f8b0 T idr_get_next
eff6f918 T idr_alloc
eff6f95c T __mtd_next_device
eff6f994 T __get_mtd_device
eff6f9e0 T get_mtd_device_nm
eff6fa5c T __put_mtd_device
eff6fac8 T put_mtd_device
eff6faf4 T mtd_erase
eff6fbc4 T mtd_read
eff6fc80 T mtd_write
eff6fd24 T mtd_read_oob
eff6fd9c T mtd_unlock
eff6fe34 T add_mtd_device
eff6ffa4 T mtd_block_isbad
eff70010 T mtd_block_markbad
eff70094 T mtd_arg_off
eff701c0 T mtd_arg_off_size
eff70300 t part_erase
eff703a8 T mtd_erase_callback
eff70448 t flash_get_info
eff704b0 t flash_make_cmd
eff7050c t flash_write_cmd
eff705b0 t flash_unlock_seq
eff705f8 t flash_isset
eff706bc t find_sector
eff707a0 t cfi_reverse_geometry
eff707e8 t flash_add_byte.isra.3
eff7086c t flash_isequal.constprop.13
eff70928 t flash_status_check
eff70b2c t flash_full_status_check
eff70cac t flash_write_cfiword
eff70eb0 W cfi_flash_bank_addr
eff70ebc W cfi_flash_bank_size
eff70ec4 T flash_sector_size
eff70f0c T flash_erase
eff71114 T flash_print_info
eff7139c T write_buff
eff71b6c W flash_cmd_reset
eff71b6c t __flash_cmd_reset
eff71bcc T flash_get_size
eff72590 T flash_set_verbose
eff725c4 T flash_init
eff72670 t cfi_mtd_sync
eff72674 t cfi_mtd_unlock
eff726d8 t cfi_mtd_lock
eff7273c t cfi_mtd_write
eff727b8 t cfi_mtd_read
eff72808 t cfi_mtd_erase
eff7290c T cfi_mtd_init
eff72b54 T get_nand_dev_by_index
eff72ba8 t check_skip_len
eff72c84 T nand_erase_opts
eff73018 T nand_verify_page_oob
eff730f4 T nand_verify
eff731fc T nand_write_skip_bad
eff734a8 T nand_read_skip_bad
eff736e8 T spi_flash_probe
eff7377c T spi_flash_free
eff737c0 T spi_flash_read_common
eff73840 t read_sr
eff73894 T spi_flash_write_common
eff73a14 T spi_flash_cmd_erase_ops
eff73b08 T spi_flash_cmd_write_ops
eff73c10 W spi_flash_copy_mmap
eff73c3c T spi_flash_cmd_read_ops
eff73da8 T spi_flash_scan
eff74218 t spi_flash_read_write
eff7429c T spi_flash_cmd_read
eff742ac T spi_flash_cmd
eff742f0 T spi_flash_cmd_write
eff742fc t e1000_config_collision_dist
eff74354 t e1000_force_mac_fc
eff743d4 t e1000_transmit
eff7453c t e1000_is_onboard_nvm_eeprom
eff74590 t e1000_put_hw_eeprom_semaphore
eff745d4 t e1000_is_second_port
eff74620 t e1000_check_phy_reset_block
eff74688 t e1000_set_media_type
eff7475c t e1000_disable
eff74808 t e1000_get_hw_eeprom_semaphore
eff74904 t e1000_swfw_sync_acquire
eff749c4 t e1000_write_kmrn_reg
eff74a48 t e1000_swfw_sync_release
eff74aac t e1000_raise_mdi_clk.isra.9
eff74b04 t e1000_lower_mdi_clk.isra.10
eff74b5c t e1000_shift_out_mdi_bits
eff74c1c t e1000_read_phy_reg
eff74dc8 t e1000_config_mac_to_phy
eff74e78 t e1000_write_phy_reg
eff74f50 t e1000_config_fc_after_link_up
eff7524c t e1000_phy_hw_reset.part.15
eff754fc t e1000_phy_reset.part.16
eff7565c T e1000_raise_ee_clk
eff756c0 T e1000_lower_ee_clk
eff75724 t e1000_shift_out_ee_bits
eff7580c t e1000_shift_in_ee_bits
eff758c4 T e1000_standby_eeprom
eff75a10 T e1000_acquire_eeprom
eff75b60 T e1000_release_eeprom
eff75c74 t e1000_read_eeprom
eff75f68 t e1000_init_eeprom_params
eff7623c T e1000_set_mac_type
eff7650c T e1000_reset_hw
eff7679c T fill_rx
eff76868 t e1000_poll
eff76914 t e1000_init
eff789c0 T e1000_get_bus_type
eff78a18 T e1000_initialize
eff78f50 t tsec_send
eff79058 t tsec_recv
eff79194 t tsec_halt
eff79248 t tsec_init
eff79614 T tsec_eth_init
eff798ec T tsec_standard_init
eff79944 t fsl_pq_mdio_reset
eff79980 T tsec_local_mdio_write
eff799cc T tsec_phy_write
eff79a00 T tsec_local_mdio_read
eff79a70 T tsec_phy_read
eff79aa0 T fsl_pq_mdio_init
eff79b1c T genphy_shutdown
eff79b24 T genphy_restart_aneg
eff79b8c T genphy_config_aneg
eff79dec T genphy_config
eff79f00 T genphy_update_link
eff7a068 T genphy_parse_link
eff7a248 T genphy_startup
eff7a288 T phy_init
eff7a2b8 T phy_register
eff7a304 W get_phy_id
eff7a38c t get_phy_device_by_mask
eff7a5b8 T phy_reset
eff7a6a0 T phy_find_by_mask
eff7a708 T phy_connect_dev
eff7a76c T phy_connect
eff7a7d8 T phy_startup
eff7a814 W board_phy_config
eff7a850 T phy_config
eff7a87c T phy_shutdown
eff7a8bc t m88e1xxx_phy_extread
eff7a964 t m88e1xxx_phy_extwrite
eff7aa10 t m88e1680_config
eff7ac80 t m88e1011s_config
eff7ada0 t m88e1118_config
eff7ae74 t m88e1121_config
eff7af64 t m88e1145_config
eff7b0d4 t m88e1310_config
eff7b250 t m88e1xxx_parse_status
eff7b390 t m88e1011s_startup
eff7b3e0 t m88e1118_startup
eff7b454 t m88e1149_config
eff7b534 t m88e1111s_config
eff7b78c t m88e1145_startup
eff7b7fc T m88e1518_phy_writebits
eff7b898 t m88e1518_config
eff7bbb4 t m88e1510_config
eff7bc78 T phy_marvell_init
eff7bcfc T pci_hose_read_config_byte
eff7bd24 T pci_hose_read_config_word
eff7bd4c T pci_hose_read_config_dword
eff7bd74 T pci_hose_write_config_byte
eff7bd9c T pci_hose_write_config_word
eff7bdc4 T pci_hose_write_config_dword
eff7bdec T pci_get_hose_head
eff7be34 T pci_register_hose
eff7be84 T pci_bus_to_hose
eff7bee8 T pci_read_config_byte
eff7bf4c T pci_read_config_word
eff7bfb0 T pci_read_config_dword
eff7c014 T pci_write_config_byte
eff7c070 T pci_write_config_word
eff7c0cc T pci_write_config_dword
eff7c128 T find_hose_by_cfg_addr
eff7c174 T pci_find_devices
eff7c1f8 W pci_print_dev
eff7c210 T pci_hose_scan_bus
eff7c3c8 T pci_init
eff7c410 T pci_hose_find_cap_start
eff7c474 T pci_find_cap
eff7c520 T pci_hose_find_capability
eff7c590 T pciauto_setup_device
eff7c878 T pciauto_prescan_setup_bridge
eff7ca98 T pciauto_postscan_setup_bridge
eff7cbec T pciauto_config_device
eff7ccf4 T pciauto_region_init
eff7cd18 T pciauto_region_align
eff7cd54 T pciauto_region_allocate
eff7cdfc T pciauto_config_init
eff7cf64 T pci_class_str
eff7d078 W pci_skip_dev
eff7d090 T __pci_hose_bus_to_phys
eff7d168 T pci_hose_bus_to_phys
eff7d20c T pci_map_bar
eff7d268 T __pci_hose_phys_to_bus
eff7d32c T pci_hose_phys_to_bus
eff7d3d0 T pci_hose_find_devices
eff7d4e8 t set_inbound_window
eff7d57c T fsl_is_pci_agent
eff7d61c T fsl_setup_hose
eff7d670 T fsl_pci_init
eff7e008 T fsl_pci_config_unlock
eff7e104 T fsl_pci_init_port
eff7e280 T fsl_configure_pcie
eff7e37c W board_serdes_name
eff7e37c t __board_serdes_name
eff7e3c8 T fsl_pcie_init_ctrl
eff7e470 T fsl_pcie_init_board
eff7e5e4 T ft_fsl_pci_setup
eff7e6a4 t indirect_read_config_byte
eff7e704 t indirect_read_config_word
eff7e764 t indirect_read_config_dword
eff7e7bc t indirect_write_config_byte
eff7e810 t indirect_write_config_word
eff7e864 t indirect_write_config_dword
eff7e8b0 T pci_setup_indirect
eff7e914 t serial_stub_start
eff7e940 t serial_stub_stop
eff7e96c t serial_stub_putc
eff7e99c t serial_stub_puts
eff7e9cc t serial_stub_getc
eff7e9f8 t serial_stub_tstc
eff7ea24 t get_current
eff7ea7c W amirix_serial_initialize
eff7ea7c W arc_serial_initialize
eff7ea7c W arm_dcc_initialize
eff7ea7c W asc_serial_initialize
eff7ea7c W atmel_serial_initialize
eff7ea7c W au1x00_serial_initialize
eff7ea7c W bfin_jtag_initialize
eff7ea7c W bfin_serial_initialize
eff7ea7c W bmw_serial_initialize
eff7ea7c W clps7111_serial_initialize
eff7ea7c W cogent_serial_initialize
eff7ea7c W cpci750_serial_initialize
eff7ea7c W evb64260_serial_initialize
eff7ea7c W imx_serial_initialize
eff7ea7c W iop480_serial_initialize
eff7ea7c W jz_serial_initialize
eff7ea7c W leon2_serial_initialize
eff7ea7c W leon3_serial_initialize
eff7ea7c W lh7a40x_serial_initialize
eff7ea7c W lpc32xx_serial_initialize
eff7ea7c W marvell_serial_initialize
eff7ea7c W max3100_serial_initialize
eff7ea7c W mcf_serial_initialize
eff7ea7c W ml2_serial_initialize
eff7ea7c W mpc85xx_serial_initialize
eff7ea7c W mpc8xx_serial_initialize
eff7ea7c W mxc_serial_initialize
eff7ea7c W mxs_auart_initialize
eff7ea7c W oc_serial_initialize
eff7ea7c W p3mx_serial_initialize
eff7ea7c W pl01x_serial_initialize
eff7ea7c W pxa_serial_initialize
eff7ea7c W s3c24xx_serial_initialize
eff7ea7c W s5p_serial_initialize
eff7ea7c W sa1100_serial_initialize
eff7ea7c W sandbox_serial_initialize
eff7ea7c W sconsole_serial_initialize
eff7ea7c W sh_serial_initialize
eff7ea7c W stm32_serial_initialize
eff7ea7c W uartlite_serial_initialize
eff7ea7c W zynq_serial_initialize
eff7ea7c t serial_null
eff7ea80 T serial_register
eff7eabc T serial_stdio_init
eff7eb64 T serial_assign
eff7ebcc T serial_initialize
eff7eca4 T serial_init
eff7ecdc T serial_setbrg
eff7ed08 t on_baudrate
eff7ee0c T serial_getc
eff7ee38 T serial_tstc
eff7ee64 T serial_putc
eff7ee94 T serial_puts
eff7eec4 t _serial_putc
eff7ef2c t eserial1_putc
eff7ef34 t eserial2_putc
eff7ef3c t eserial1_puts
eff7ef70 t eserial1_tstc
eff7efa4 t eserial2_getc
eff7efd8 t _serial_setbrg
eff7f034 t eserial1_setbrg
eff7f03c t eserial2_setbrg
eff7f044 t eserial1_init
eff7f09c t eserial2_init
eff7f0f4 t eserial2_tstc
eff7f128 t eserial1_getc
eff7f15c t eserial2_puts
eff7f190 W default_serial_console
eff7f1c0 T ns16550_serial_initialize
eff7f1f8 t NS16550_setbrg
eff7f22c T ns16550_calc_divisor
eff7f240 T NS16550_init
eff7f288 T NS16550_reinit
eff7f2e8 T NS16550_putc
eff7f30c T NS16550_getc
eff7f33c T NS16550_tstc
eff7f354 T spi_do_alloc_slave
eff7f3c0 T spi_free_slave
eff7f3c4 T spi_init
eff7f3c8 T spi_claim_bus
eff7f510 T spi_release_bus
eff7f514 T spi_cs_is_valid
eff7f534 T spi_setup_slave
eff7f658 T spi_cs_activate
eff7f67c T spi_cs_deactivate
eff7f6c0 T spi_xfer
eff7fa48 t fdt_fixup_usb_mode_phy_type
eff7fb54 t fsl_fdt_fixup_erratum
eff7fcb0 T fsl_fdt_fixup_dr_usb
eff7fed8 T has_dual_phy
eff80024 T has_erratum_a006261
eff80154 T has_erratum_a007075
eff801f0 T has_erratum_a007798
eff8023c T has_erratum_a007792
eff80370 T has_erratum_a005697
eff803cc T has_erratum_a004477
eff804f4 T has_erratum_a008751
eff80500 t ehci_get_port_speed
eff80508 t ehci_set_usbmode
eff80520 t ehci_get_portsc_register
eff80560 t ehci_powerup_fixup
eff805a4 t handshake
eff80610 t ehci_shutdown
eff806f0 t ehci_td_buffer
eff807a0 t _ehci_poll_int_queue
eff808a0 t disable_periodic.isra.2
eff80908 t enable_periodic.isra.3
eff80978 t _ehci_destroy_int_queue
eff80a80 t ehci_update_endpt2_dev_n_port.isra.4
eff80b04 t ehci_submit_async
eff81160 t _ehci_create_int_queue.isra.6
eff8154c T usb_lowlevel_stop
eff81590 T usb_lowlevel_init
eff818ac T submit_bulk_msg
eff818c8 T submit_control_msg
eff81e8c T submit_int_msg
eff81f58 T ehci_hcd_init
eff821fc T ehci_hcd_stop
eff82204 T env_get_yesno
eff82268 T env_get_default
eff822b8 T set_default_env
eff82368 T set_default_vars
eff823b4 T env_import
eff82480 T env_export
eff8250c T env_relocate
eff82558 W env_get_location
eff82588 t env_driver_lookup
eff825ec T env_get_char
eff82698 T env_load
eff8274c T env_save
eff82800 T env_init
eff828ac t regex_callback
eff82a2c T env_attr_walk
eff82b80 T env_attr_lookup
eff82c20 t clear_callback
eff82c30 t find_env_callback
eff82cac t on_callbacks
eff82d0c t set_callback
eff82dc0 T env_callback_init
eff82e98 t skip_num
eff82f3c t clear_flags
eff82f4c t on_flags
eff82fac T env_flags_parse_vartype
eff83014 T env_flags_parse_varaccess
eff8307c t set_flags
eff8313c T eth_validate_ethaddr_str
eff831e0 T env_flags_init
eff832c8 T env_flags_validate
eff8354c t env_flash_init
eff835c4 t env_flash_save
eff836f4 t env_flash_load
eff8372c t fs_probe_unsupported
eff83760 t fs_exists_unsupported
eff83768 t fs_size_unsupported
eff83770 t fs_write_unsupported
eff83778 t fs_close_unsupported
eff8377c t fs_uuid_unsupported
eff83784 t fs_opendir_unsupported
eff8378c t fs_get_info
eff837e8 t fs_close
eff83830 t fs_read_unsupported
eff83838 t fs_ls_unsupported
eff83840 T fs_set_blk_dev
eff83924 T fs_set_blk_dev_with_part
eff839cc T fs_ls
eff83a28 T fs_exists
eff83a7c T fs_size
eff83ad8 T fs_read
eff83b5c T fs_opendir
eff83bf0 T fs_readdir
eff83c6c T fs_closedir
eff83cd4 t fs_ls_generic
eff83d94 T do_size
eff83e10 T do_load
eff84040 T do_ls
eff840d4 T file_exists
eff84120 T get_fs
eff84150 T ext4fs_free_node
eff841a4 T ext4fs_read_file
eff8456c T ext4fs_ls
eff84610 T ext4fs_exists
eff84648 T ext4fs_size
eff84674 T ext4fs_read
eff846dc T ext4fs_probe
eff8472c T ext4_read_file
eff847c0 T ext4fs_uuid
eff84804 T ext4fs_bg_get_inode_table_id
eff84850 T ext4fs_read_inode
eff849d8 T read_allocated_block
eff853f8 T ext4fs_reinit_global
eff854b0 T ext4fs_close
eff85528 T ext4fs_iterate_dir
eff85880 t ext4fs_find_file1
eff85b8c T ext4fs_find_file
eff85c20 T ext4fs_open
eff85cf8 T ext4fs_mount
eff85e54 T ext4fs_set_blk_dev
eff85ed8 T ext4fs_devread
eff85f34 T ext4_read_superblock
eff85f90 t downcase
eff85ffc t disk_read
eff86070 t get_cluster
eff8621c t get_fatent
eff863b4 t next_dent
eff86534 t read_bootsectandvi
eff86728 t fat_itr_root
eff86894 t fat_itr_next
eff86b54 t fat_itr_resolve
eff86d0c T fat_set_blk_dev
eff86de4 T file_fat_detectfs
eff86f08 T fat_exists
eff86f80 T fat_size
eff87064 T file_fat_read_at
eff874d4 T fat_read_file
eff8752c T fat_opendir
eff875d8 T fat_readdir
eff8768c T fat_closedir
eff876c0 T fat_close
eff876c4 T fs_devread
eff8790c T fdt_check_header
eff87970 T fdt_offset_ptr
eff879d4 T fdt_next_tag
eff87ad8 T _fdt_check_node_offset
eff87b30 T _fdt_check_prop_offset
eff87b88 T fdt_next_node
eff87c88 T fdt_first_subnode
eff87cdc T fdt_next_subnode
eff87d48 T _fdt_find_string
eff87dc4 T fdt_move
eff87e24 T _fdt_node_end_offset
eff87e88 T fdt_strerror
eff87efc t _fdt_splice
eff87fa0 t _fdt_splice_struct
eff87fec t _fdt_packblocks
eff8807c t _fdt_add_property
eff881a4 t _fdt_rw_check_header
eff88248 T fdt_add_mem_rsv
eff882ec T fdt_del_mem_rsv
eff88388 T fdt_setprop_placeholder
eff88460 T fdt_setprop
eff884cc T fdt_delprop
eff88544 T fdt_add_subnode_namelen
eff88660 T fdt_add_subnode
eff886b0 T fdt_del_node
eff8872c T fdt_open_into
eff888e0 T fdt_address_cells
eff88948 T fdt_size_cells
eff889ac t fdt_path_next_separator
eff88a20 t _nextprop
eff88aa0 T fdt_string
eff88ab0 T fdt_get_mem_rsv
eff88b24 T fdt_num_mem_rsv
eff88b50 T fdt_subnode_offset_namelen
eff88c48 T fdt_subnode_offset
eff88c98 T fdt_get_name
eff88d24 T fdt_first_property_offset
eff88d74 T fdt_next_property_offset
eff88dc4 T fdt_get_property_by_offset
eff88e34 T fdt_get_property_namelen
eff88f04 T fdt_get_property
eff88f5c T fdt_getprop_namelen
eff88f9c T fdt_getprop_by_offset
eff89000 T fdt_getprop
eff89058 T fdt_get_phandle
eff890dc T fdt_get_alias_namelen
eff8913c T fdt_path_offset_namelen
eff89254 T fdt_path_offset
eff8929c T fdt_supernode_atdepth_offset
eff89374 T fdt_node_depth
eff893c0 T fdt_parent_offset
eff89410 T fdt_node_offset_by_prop_value
eff894d0 T fdt_node_offset_by_phandle
eff89564 T fdt_stringlist_contains
eff89600 T fdt_stringlist_count
eff89680 T fdt_stringlist_get
eff89750 T fdt_node_check_compatible
eff897ac T fdt_node_offset_by_compatible
eff89838 T utf16_strnlen
eff89864 T utf16_to_utf8
eff899a0 T crc16_ccitt
eff89a18 T initcall_run_list
eff89aa8 t lmb_add_region
eff89d70 T lmb_init
eff89db8 T lmb_add
eff89dbc T lmb_free
eff89f70 T lmb_reserve
eff89f78 T __lmb_alloc_base
eff8a17c T lmb_alloc_base
eff8a1d8 T lmb_alloc
eff8a20c W board_lmb_reserve
eff8a210 t byteReverse
eff8a230 t MD5Transform
eff8ab30 t MD5Update
eff8ac40 t MD5Final
eff8ad28 T md5_wd
eff8ada0 T string_to_ip
eff8ae60 T qsort
eff8af3c t sha1_process
eff8c000 T sha1_starts
eff8c04c T sha1_update
eff8c138 T sha1_finish
eff8c29c T sha1_csum_wd
eff8c2f8 t sha256_process
eff8e6b4 T sha256_starts
eff8e724 T sha256_update
eff8e810 T sha256_finish
eff8e9e0 T sha256_csum_wd
eff8ea3c T zcalloc
eff8ea44 T zcfree
eff8ea4c T inflate_fast
eff8ef44 T inflate_table
eff8f438 T inflateReset
eff8f4bc T inflateInit2_
eff8f5f8 T inflateEnd
eff8f67c T adler32
eff8f988 T inflate
eff910a8 T gzalloc
eff910b8 T gzfree
eff910c0 T gzip_parse_header
eff91194 T zunzip
eff912b8 T gunzip
eff91324 T addrmap_virt_to_phys
eff913e4 T addrmap_phys_to_virt
eff914a0 T addrmap_set_entry
eff914f4 t cmpkey
eff91530 t _hdelete.isra.0
eff9158c t drop_var_from_set.part.1
eff91600 t match_string
eff916f0 t match_entry
eff917dc T hcreate_r
eff918a0 T hdestroy_r
eff91930 T hsearch_r
eff91da0 T hdelete_r
eff91eb4 T hexport_r
eff92158 T himport_r
eff92580 T hwalk_r
eff925ec T display_options_get_banner_priv
eff92690 T display_options_get_banner
eff926c8 T display_options
eff92714 T print_size
eff92858 T print_buffer
eff92a18 T crc32_no_comp
eff92b54 T crc32
eff92b88 T crc32_wd
eff92bb4 T crc32_wd_buf
eff92c04 W __div64_32
eff92cd8 T hang
eff92d0c T skip_spaces
eff92d54 T strim
eff92dcc t emit
eff92e1c t store_char_in_data
eff92e70 t get_escape_char
eff92ee8 t relocate
eff92f48 t match
eff93358 t loop_greedy
eff933f0 t loop_non_greedy
eff9347c t quantifier
eff93540 t fixup_branch
eff935a4 t compile
eff93920 T slre_compile
eff93a20 T slre_match
eff93abc T strncasecmp
eff93b68 T strcasecmp
eff93b98 T strncat
eff93be8 T strncmp
eff93c28 T strchr
eff93c54 T strrchr
eff93cac T strnlen
eff93cd8 T strdup
eff93d34 T strpbrk
eff93d6c T strstr
eff93df4 T udelay
eff93e4c T rand_r
eff93e74 t put_dec_trunc
eff93f64 t put_dec
eff940e8 t number
eff94470 t string
eff945a8 t vsnprintf_internal
eff95024 T vsnprintf
eff95028 T vscnprintf
eff95070 T snprintf
eff950d4 T vsprintf
eff950e8 T sprintf
eff95150 T printf
eff951e0 T vprintf
eff95234 T simple_itoa
eff952a4 T str2off
eff95308 T str2long
eff95368 t panic_finish
eff953b4 T panic
eff9541c t _parse_integer_fixup_radix
eff954f0 T simple_strtoul
eff95598 T strict_strtoul
eff95630 T simple_strtol
eff95678 T ustrtoul
eff95714 T simple_strtoull
eff957e0 T ustrtoull
eff958a0 T trailing_strtoln
eff9594c T trailing_strtol
eff9597c T strmhz
eff959f4 T compute_ip_checksum
eff95a98 T ip_checksum_ok
eff95ad0 T arp_init
eff95b34 T arp_raw_request
eff95c00 T arp_request
eff95ca0 T arp_timeout_check
eff95d40 T arp_receive
eff95f34 t bootp_handler
eff962e0 T bootp_reset
eff96338 T bootp_request
eff965bc t bootp_timeout_handler
eff96640 t __def_eth_init
eff96648 T eth_set_current_to_next
eff96684 T eth_set_dev
eff966b8 T eth_get_dev_by_name
eff96748 T eth_get_dev_index
eff9678c T eth_write_hwaddr
eff96a18 t on_ethaddr
eff96ad8 T eth_register
eff96b74 T eth_initialize
eff96d08 T eth_init
eff96d98 T eth_halt
eff96de8 T eth_send
eff96e40 T eth_rx
eff96e8c T eth_parse_enetaddr
eff96f08 T eth_env_get_enetaddr
eff96f84 T eth_env_set_enetaddr
eff96fec T eth_env_get_enetaddr_by_index
eff97048 T eth_env_set_enetaddr_by_index
eff970a4 T eth_common_init
eff970dc T eth_mac_skip
eff97130 T eth_get_name
eff97174 T eth_current_changed
eff97220 T eth_try_another
eff972c0 T eth_set_current
eff97368 t start_again_timeout_handler
eff973a0 t dummy_handler
eff973a4 t on_ipaddr
eff973f4 t on_gatewayip
eff97444 t on_netmask
eff97494 t on_serverip
eff974e4 t net_init_loop
eff9752c T net_auto_load
eff975a4 T net_set_udp_handler
eff975ec T net_get_arp_handler
eff97620 T net_set_arp_handler
eff97668 T net_set_timeout_handler
eff976d0 t net_clear_handlers
eff97714 T net_init
eff977a0 T net_start_again
eff978dc T net_loop
eff97be4 T net_process_received_packet
eff97e14 T net_eth_hdr_size
eff97e70 T net_set_ether
eff97f00 T net_update_ether
eff97f80 T net_set_ip_header
eff98020 T net_set_udp_header
eff980cc T net_send_udp_packet
eff981dc T copy_filename
eff9823c t on_bootfile
eff9828c T ip_to_string
eff982d4 T string_to_vlan
eff9833c t on_nvlan
eff98388 t on_vlan
eff983d4 t rpc_lookup_reply
eff9848c t nfs_mount_reply
eff9853c t nfs_umountall_reply
eff985dc t nfs_lookup_reply
eff986f8 t nfs_readlink_reply
eff98844 t basename
eff988a0 t rpc_req
eff989b4 t rpc_lookup_req
eff98a10 t nfs_umountall_req
eff98aa0 t nfs_read_reply.isra.0
eff98c24 t nfs_readlink_req
eff98cf0 t nfs_mount_req
eff98dc0 t nfs_read_req
eff98eb0 t nfs_lookup_req
eff99014 t nfs_send
eff99118 t nfs_handler
eff99360 t nfs_timeout_handler
eff993dc T nfs_start
eff99538 t ping_timeout_handler
eff99570 T ping_start
eff99694 T ping_receive
eff99784 t tftp_send
eff99910 t tftp_handler
eff99c70 t tftp_timeout_handler
eff99d08 T tftp_start
eff9a040 T __lshrdi3
eff9a090 T __ashldi3
eff9a0d4 T _restgpr_14_x
eff9a0d8 T _restgpr_15_x
eff9a0dc T _restgpr_16_x
eff9a0e0 T _restgpr_17_x
eff9a0e4 T _restgpr_18_x
eff9a0e8 T _restgpr_19_x
eff9a0ec T _restgpr_20_x
eff9a0f0 T _restgpr_21_x
eff9a0f4 T _restgpr_22_x
eff9a0f8 T _restgpr_23_x
eff9a0fc T _restgpr_24_x
eff9a100 T _restgpr_25_x
eff9a104 T _restgpr_26_x
eff9a108 T _restgpr_27_x
eff9a10c T _restgpr_28_x
eff9a110 T _restgpr_29_x
eff9a114 T _restgpr_30_x
eff9a118 T _restgpr_31_x
eff9a12c T _etext
eff9a12c r .LANCHOR7
eff9a134 r .LANCHOR2
eff9a134 r CSWTCH.23
eff9a14c r .LANCHOR0
eff9a14c r __FUNCTION__.7976
eff9a164 r .LANCHOR3
eff9a164 r __FUNCTION__.8159
eff9a17c r .LANCHOR5
eff9a17c r __FUNCTION__.8322
eff9a194 r .LANCHOR0
eff9a194 r __func__.7515
eff9a1a0 r .LANCHOR0
eff9a1a0 r __func__.7646
eff9a1b0 r .LANCHOR0
eff9a1b0 r __func__.7705
eff9a1b8 r .LANCHOR0
eff9a1b8 r __func__.7923
eff9a1cc r .LANCHOR1
eff9a1cc r __func__.8015
eff9a1e4 r .LANCHOR0
eff9a1e4 r __func__.8027
eff9a1f8 r .LANCHOR0
eff9a1f8 r __func__.8076
eff9a20c r .LANCHOR0
eff9a20c r __func__.8271
eff9a220 r .LANCHOR1
eff9a220 r __func__.9211
eff9a22c r .LANCHOR2
eff9a22c r __func__.9366
eff9a23c r .LANCHOR1
eff9a23c r __func__.9405
eff9a250 r .LANCHOR2
eff9a250 r __func__.9523
eff9a268 r .LANCHOR10
eff9a268 r __func__.9559
eff9a274 r .LANCHOR0
eff9a274 r __func__.9651
eff9a28c R _ctype
eff9a38c r .LANCHOR2
eff9a38c r baudrate_table
eff9a3b4 r .L34
eff9a3cc r .L41
eff9a3e4 r .L55
eff9a444 r .L63
eff9a464 r .LANCHOR0
eff9a464 r crc_table
eff9a864 R default_environment
eff9af88 r .L13
eff9afb8 r .LANCHOR0
eff9afb8 r devdisr_mask
eff9afc8 r .LANCHOR0
eff9afc8 r digits.8433
eff9afd8 r .L147
eff9affc r .L12
eff9b030 r .L588
eff9b04c r .L674
eff9b094 r .L402
eff9b0dc r .L94
eff9b0f4 r .LANCHOR2
eff9b0f4 r env_flags_varaccess_mask
eff9b104 r .LANCHOR1
eff9b104 r env_flags_varaccess_rep
eff9b10c r .LANCHOR0
eff9b10c r env_flags_vartype_rep
eff9b114 r .LANCHOR0
eff9b114 r erase_seq
eff9b118 r .LANCHOR4
eff9b118 r ext_csd_bus_width
eff9b154 r .LANCHOR6
eff9b154 r fbase
eff9b164 r .L21
eff9b188 r .L269
eff9b1a8 r .LANCHOR3
eff9b1a8 r flash_offset_cfi
eff9b1b0 r .LANCHOR8
eff9b1b0 r freqs.9130
eff9b1c8 r .LANCHOR1
eff9b1c8 r hex_asc
eff9b1dc r .LANCHOR0
eff9b1dc r i2c_base
eff9b1ec r .L220
eff9b260 r kbd_plain_xlate
eff9b2c4 r kbd_plain_xlate_german
eff9b348 r .L36
eff9b38c r .LANCHOR3
eff9b38c r mmc_modes_by_pref
eff9b3ac r .L10
eff9b3cc r .L318
eff9b3e0 r .LANCHOR1
eff9b3e0 r mmc_versions.9481
eff9b400 r .LANCHOR0
eff9b400 r month_offset
eff9b430 r .LANCHOR5
eff9b430 r multipliers
eff9b440 r .LANCHOR1
eff9b440 r names.7584
eff9b448 r .L103
eff9b480 r .L178
eff9b49c r .L160
eff9b4b8 r .L63
eff9b4e4 r .L209
eff9b504 r .LANCHOR9
eff9b504 r sd_au_size.9369
eff9b544 r .LANCHOR2
eff9b544 r sd_modes_by_pref
eff9b554 r .LANCHOR0
eff9b554 r sec_rev_prop_list.7449
eff9b5e0 r .LANCHOR0
eff9b5e0 r serial_ports
eff9b5f8 r .LANCHOR0
eff9b5f8 r sha1_padding
eff9b638 r .L20
eff9b660 r .LANCHOR1
eff9b660 r tab_seq
eff9b66c r .L4
eff9b688 r .LANCHOR0
eff9b688 r us_direction
eff9b6a8 r .L89
eff9b6c0 r .L182
eff9b6e0 r .LANCHOR0
eff9b6e0 r crc16_tab
eff9b8e0 r .LANCHOR3
eff9b8e0 r dbase.7803
eff9b920 r .LANCHOR2
eff9b920 r dext.7804
eff9b960 r .LANCHOR5
eff9b960 r distfix
eff9b9e0 r .LANCHOR1
eff9b9e0 r lbase.7801
eff9ba1e r .LANCHOR4
eff9ba1e r lenfix
eff9c21e r .LANCHOR0
eff9c21e r lext.7802
eff9c25c r .LANCHOR6
eff9c25c r order.7897
eff9c290 r .LANCHOR3
eff9c2cf r .LANCHOR3
eff9c2d2 r .LANCHOR10
eff9c2d9 r .LANCHOR1
eff9c2d9 r serdes1_cfg_tbl
effabf00 T _GOT2_TABLE_
effabf00 T _erotext
effae838 t _GLOBAL_OFFSET_TABLE_
effae844 T _FIXUP_TABLE_
effb00d8 d .LANCHOR1
effb00d8 d cpu_type_list
effb0864 d .LANCHOR0
effb0864 d cpu_type_unknown
effb0880 d .LANCHOR0
effb0880 d phy_interface_strings
effb08c8 D law_table
effb0940 D tlb_table
effb0a44 d .LANCHOR0
effb0a44 d cmd_bootm_sub
effb0b1c d bootm_help_text
effb0fec d source_help_text
effb1098 d .LANCHOR1
effb1098 d weekdays
effb10b4 d .LANCHOR0
effb10b4 d default_tm
effb10d8 d .LANCHOR2
effb10d8 d tabs.7620
effb10fc d .LANCHOR1
effb10fc d root.7535
effb1100 d fdt_help_text
effb174c d i2c_help_text
effb1ac8 d .LANCHOR6
effb1ac8 d i2c_dp_last_length
effb1acc d .LANCHOR0
effb1acc d cmd_i2c_sub
effb1c04 d .LANCHOR0
effb1c04 d op_table
effb1c6c d .LANCHOR10
effb1c6c d do_echo
effb1c70 d .LANCHOR1
effb1c70 d dp_last_length
effb1c74 d reg_0_desc_tbl
effb1cec d reg_5_desc_tbl
effb1d7c d reg_4_desc_tbl
effb1e0c d reg_1_desc_tbl
effb1ecc d reg_2_desc_tbl
effb1ed8 d reg_3_desc_tbl
effb1efc d .LANCHOR8
effb1efc d reg_0_5_desc_tbl
effb1f2c d .LANCHOR7
effb1f2c d desc_and_len_tbl
effb1f5c d .LANCHOR0
effb1f5c d cmd_mmc
effb204c d .LANCHOR1
effb204c d curr_device
effb2050 d cpu_help_text
effb231c d mtdparts_help_text
effb27f0 d nand_help_text
effb2be0 d .LANCHOR3
effb2be0 d regs_bridge
effb2cdc d .LANCHOR0
effb2cdc d regs_start
effb2d24 d pci_help_text
effb2ef0 d .LANCHOR1
effb2ef0 d regs_rest
effb2f50 d .LANCHOR4
effb2f50 d regs_cardbus
effb307c d .LANCHOR2
effb307c d regs_normal
effb3124 d .LANCHOR0
effb3124 d sata_curr_device
effb3128 D op_adv
effb3228 d .LANCHOR0
effb3228 d usb_stor_curr_dev
effb322c d imgextract_help_text
effb32e0 d env_help_text
effb3530 d .LANCHOR0
effb3530 d env_id
effb3534 d .LANCHOR1
effb3534 d cmd_env_sub
effb3624 d .LANCHOR0
effb3624 d hash_algo
effb3678 d .LC25
effb367c d .LANCHOR1
effb367c d reserved_list
effb3700 d .LANCHOR0
effb3700 d init_sequence_f
effb37bc d .LANCHOR0
effb37bc d init_sequence_r
effb3834 d .LANCHOR1
effb3834 d boot_os
effb3894 d .LANCHOR4
effb3894 d of_busses
effb38ac d .LANCHOR2
effb38ac d usb_scan_list
effb38b4 d .LANCHOR5
effb38b4 d hist_cur
effb38b8 d .LANCHOR3
effb38b8 d trim_threshold
effb38bc d .LANCHOR2
effb38bc d sbrk_base
effb38c0 d .LANCHOR0
effb38c0 d av_
effb3cc8 d .LANCHOR3
effb3cc8 d uimage_os
effb3d4c d .LANCHOR5
effb3d4c d uimage_type
effb3ed8 d .LANCHOR1
effb3ed8 d table_info
effb3f08 d .LANCHOR6
effb3f08 d uimage_comp
effb3f5c d .LANCHOR4
effb3f5c d uimage_arch
effb4094 D stdio_names
effb40a0 d .LANCHOR4
effb40a0 d spd_str.8186
effb40ac d .LANCHOR3
effb40ac d supported
effb411c d .LANCHOR0
effb411c d names.9125
effb414c d .LANCHOR1
effb414c d cur_dev_num
effb4150 d .LANCHOR0
effb4150 d esdhc_ops
effb4164 d .LANCHOR1
effb4164 d month_days
effb4194 d .LANCHOR1
effb4194 d kbd_to_ansi364
effb41b4 d kbd_ctrl_xlate
effb4218 d .LANCHOR2
effb4218 d kbd_entry
effb42a4 d kbd_shift_xlate_german
effb4328 d kbd_shift_xlate
effb438c d kbd_right_alt_xlate_german
effb43e4 D step_string_tbl
effb4404 d .LANCHOR0
effb4404 d mtd_partitions
effb440c d .LANCHOR2
effb440c d flash_verbose
effb4410 d .LANCHOR2
effb4410 d bbt_main_no_oob_descr
effb4434 d .LANCHOR4
effb4434 d bbt_main_descr
effb4458 d .LANCHOR1
effb4458 d bbt_main_descr
effb447c d mirror_pattern
effb4480 d mirror_pattern
effb4484 d .LANCHOR3
effb4484 d bbt_mirror_no_oob_descr
effb44a8 d bbt_pattern
effb44ac d bbt_pattern
effb44b0 d .LANCHOR6
effb44b0 d scan_ff_pattern
effb44b4 d scan_ff_pattern
effb44b8 d .LANCHOR5
effb44b8 d bbt_mirror_descr
effb44dc d .LANCHOR2
effb44dc d bbt_mirror_descr
effb4500 D nand_manuf_ids
effb4578 D nand_flash_ids
effb52e8 d .LANCHOR3
effb52e8 d largepage_memorybased
effb530c D spi_flash_ids
effb54ec d .LANCHOR6
effb54ec d e1000_hw_list
effb54f4 d .LANCHOR7
effb54f4 d e1000_supported
effb5a34 d .LANCHOR0
effb5a34 d tsec_info
effb5a88 d .LANCHOR2
effb5a88 d phy_interface_strings
effb5acc d .LANCHOR0
effb5acc d phy_drivers
effb5ad4 d .LANCHOR1
effb5ad4 d genphy_driver
effb5b08 d .LANCHOR3
effb5b08 d M88E1121R_driver
effb5b3c d .LANCHOR1
effb5b3c d M88E1149S_driver
effb5b70 d .LANCHOR10
effb5b70 d M88E1680_driver
effb5ba4 d .LANCHOR0
effb5ba4 d M88E1310_driver
effb5bd8 d .LANCHOR4
effb5bd8 d M88E1118_driver
effb5c0c d .LANCHOR9
effb5c0c d M88E1518_driver
effb5c40 d .LANCHOR2
effb5c40 d M88E1145_driver
effb5c74 d .LANCHOR7
effb5c74 d M88E1011S_driver
effb5ca8 d .LANCHOR6
effb5ca8 d M88E1111S_driver
effb5cdc d .LANCHOR5
effb5cdc d M88E1118R_driver
effb5d10 d .LANCHOR8
effb5d10 d M88E1510_driver
effb5d44 D eserial1_device
effb5d74 D eserial2_device
effb5da4 d .LANCHOR1
effb5da4 d modes.8503
effb5db0 d .LANCHOR2
effb5db0 d phys.8504
effb5dbc d .LANCHOR0
effb5dbc d compat_usb_fsl
effb5dcc d .LANCHOR2
effb5dcc d descriptor
effb5e08 D env_htab
effb5e18 d .LANCHOR2
effb5e18 d first_call
effb5e1c d .LANCHOR4
effb5e1c d first_call
effb5e20 d .LANCHOR0
effb5e20 d fstypes
effb5ec8 d .LANCHOR0
effb5ec8 d fdt_errtable
effb5f10 d .LANCHOR0
effb5f10 d sha256_padding
effb5f50 D z_errmsg
effb5f78 d .LANCHOR5
effb5f78 d first_call.7846
effb5f7c d .LANCHOR11
effb5f7c d nfs_offset
effb5f80 d .LANCHOR5
effb5f80 d supported_nfs_versions
effb5f82 d .LANCHOR3
effb5f82 d tftp_block_size_option
effb5f84 d .LANCHOR2
effb5f84 d timeout_ms
effb5f88 d .LANCHOR8
effb5f88 d tftp_block_size
effb5f8c d .LANCHOR13
effb5f8c d timeout_count_max
effb5f90 D num_law_entries
effb5f94 D num_tlb_entries
effb5f98 V board_hwconfig
effb5f9c V cpu_hwconfig
effb5fa0 D load_addr
effb5fa4 D nand_curr_device
effb5fa8 D env_ptr
effb5fac D ext4fs_indir1_blkno
effb5fb0 D ext4fs_indir2_blkno
effb5fb4 D ext4fs_indir3_blkno
effb5fb8 D cur
effb5fbc D current
effb5fc0 D net_our_vlan
effb5fc4 D net_bcast_ethaddr
effb5fca D net_native_vlan
effb5fcc D tftp_timeout_count_max
effb5fd0 D _edata
effb5fd0 D _u_boot_list_2_blk_driver_2_mmc
effb5fd0 d .LANCHOR0
effb5fd0 d start.7641
effb5fd0 d start.7645
effb5fd0 d start.7660
effb5fd0 d start.7664
effb5fe8 D _u_boot_list_2_blk_driver_2_sata
effb6000 D _u_boot_list_2_blk_driver_2_usb
effb6018 D _u_boot_list_2_cmd_2_base
effb6018 d .LANCHOR1
effb6018 d .LANCHOR1
effb6018 d .LANCHOR1
effb6018 d end.7648
effb6018 d end.7667
effb6018 d start.7446
effb6018 d start.7450
effb6018 d start.7521
effb6018 d start.7525
effb6030 D _u_boot_list_2_cmd_2_bdinfo
effb6048 D _u_boot_list_2_cmd_2_boot
effb6060 D _u_boot_list_2_cmd_2_bootd
effb6078 D _u_boot_list_2_cmd_2_bootelf
effb6090 D _u_boot_list_2_cmd_2_bootm
effb60a8 D _u_boot_list_2_cmd_2_bootp
effb60c0 D _u_boot_list_2_cmd_2_bootvx
effb60d8 D _u_boot_list_2_cmd_2_chpart
effb60f0 D _u_boot_list_2_cmd_2_cmp
effb6108 D _u_boot_list_2_cmd_2_coninfo
effb6120 D _u_boot_list_2_cmd_2_cp
effb6138 D _u_boot_list_2_cmd_2_cpu
effb6150 D _u_boot_list_2_cmd_2_crc32
effb6168 D _u_boot_list_2_cmd_2_date
effb6180 D _u_boot_list_2_cmd_2_echo
effb6198 D _u_boot_list_2_cmd_2_editenv
effb61b0 D _u_boot_list_2_cmd_2_eeprom
effb61c8 D _u_boot_list_2_cmd_2_env
effb61e0 D _u_boot_list_2_cmd_2_erase
effb61f8 D _u_boot_list_2_cmd_2_exit
effb6210 D _u_boot_list_2_cmd_2_ext2load
effb6228 D _u_boot_list_2_cmd_2_ext2ls
effb6240 D _u_boot_list_2_cmd_2_false
effb6258 D _u_boot_list_2_cmd_2_fatinfo
effb6270 D _u_boot_list_2_cmd_2_fatload
effb6288 D _u_boot_list_2_cmd_2_fatls
effb62a0 D _u_boot_list_2_cmd_2_fatsize
effb62b8 D _u_boot_list_2_cmd_2_fdt
effb62d0 D _u_boot_list_2_cmd_2_flinfo
effb62e8 D _u_boot_list_2_cmd_2_go
effb6300 D _u_boot_list_2_cmd_2_help
effb6318 D _u_boot_list_2_cmd_2_i2c
effb6330 D _u_boot_list_2_cmd_2_iminfo
effb6348 D _u_boot_list_2_cmd_2_imls
effb6360 D _u_boot_list_2_cmd_2_imxtract
effb6378 D _u_boot_list_2_cmd_2_interrupts
effb6390 D _u_boot_list_2_cmd_2_irqinfo
effb63a8 D _u_boot_list_2_cmd_2_itest
effb63c0 D _u_boot_list_2_cmd_2_loadb
effb63d8 D _u_boot_list_2_cmd_2_loads
effb63f0 D _u_boot_list_2_cmd_2_loadx
effb6408 D _u_boot_list_2_cmd_2_loady
effb6420 D _u_boot_list_2_cmd_2_loop
effb6438 D _u_boot_list_2_cmd_2_md
effb6450 D _u_boot_list_2_cmd_2_mdio
effb6468 D _u_boot_list_2_cmd_2_mii
effb6480 D _u_boot_list_2_cmd_2_mm
effb6498 D _u_boot_list_2_cmd_2_mmc
effb64b0 D _u_boot_list_2_cmd_2_mmcinfo
effb64c8 D _u_boot_list_2_cmd_2_mtdparts
effb64e0 D _u_boot_list_2_cmd_2_mw
effb64f8 D _u_boot_list_2_cmd_2_nand
effb6510 D _u_boot_list_2_cmd_2_nboot
effb6528 D _u_boot_list_2_cmd_2_nfs
effb6540 D _u_boot_list_2_cmd_2_nm
effb6558 D _u_boot_list_2_cmd_2_pci
effb6570 D _u_boot_list_2_cmd_2_ping
effb6588 D _u_boot_list_2_cmd_2_printenv
effb65a0 D _u_boot_list_2_cmd_2_protect
effb65b8 D _u_boot_list_2_cmd_2_question_mark
effb65d0 D _u_boot_list_2_cmd_2_reginfo
effb65e8 D _u_boot_list_2_cmd_2_reset
effb6600 D _u_boot_list_2_cmd_2_run
effb6618 D _u_boot_list_2_cmd_2_sata
effb6630 D _u_boot_list_2_cmd_2_saveenv
effb6648 D _u_boot_list_2_cmd_2_setenv
effb6660 D _u_boot_list_2_cmd_2_setexpr
effb6678 D _u_boot_list_2_cmd_2_sf
effb6690 D _u_boot_list_2_cmd_2_showvar
effb66a8 D _u_boot_list_2_cmd_2_sleep
effb66c0 D _u_boot_list_2_cmd_2_source
effb66d8 D _u_boot_list_2_cmd_2_test
effb66f0 D _u_boot_list_2_cmd_2_tftpboot
effb6708 D _u_boot_list_2_cmd_2_true
effb6720 D _u_boot_list_2_cmd_2_usb
effb6738 D _u_boot_list_2_cmd_2_usbboot
effb6750 D _u_boot_list_2_cmd_2_version
effb6768 D _u_boot_list_2_env_clbk_2_baudrate
effb6768 d .LANCHOR0
effb6768 d .LANCHOR0
effb6768 d .LANCHOR0
effb6768 d end.7453
effb6768 d end.7528
effb6768 d start.7626
effb6768 d start.7633
effb6770 D _u_boot_list_2_env_clbk_2_bootfile
effb6778 D _u_boot_list_2_env_clbk_2_callbacks
effb6780 D _u_boot_list_2_env_clbk_2_console
effb6788 D _u_boot_list_2_env_clbk_2_ethaddr
effb6790 D _u_boot_list_2_env_clbk_2_flags
effb6798 D _u_boot_list_2_env_clbk_2_gatewayip
effb67a0 D _u_boot_list_2_env_clbk_2_ipaddr
effb67a8 D _u_boot_list_2_env_clbk_2_loadaddr
effb67b0 D _u_boot_list_2_env_clbk_2_netmask
effb67b8 D _u_boot_list_2_env_clbk_2_nvlan
effb67c0 D _u_boot_list_2_env_clbk_2_serverip
effb67c8 D _u_boot_list_2_env_clbk_2_vlan
effb67d0 D _u_boot_list_2_env_driver_2_flash
effb67d0 d .LANCHOR0
effb67d0 d .LANCHOR1
effb67d0 d end.7629
effb67d0 d start.7626
effb67d0 d start.7634
effb67e8 D _u_boot_list_2_i2c_2_fsl_0
effb67e8 d .LANCHOR0
effb67e8 d .LANCHOR1
effb67e8 d .LANCHOR2
effb67e8 d .LANCHOR7
effb67e8 d .LANCHOR8
effb67e8 d end.7629
effb67e8 d end.8165
effb67e8 d start.7656
effb67e8 d start.7660
effb67e8 d start.7678
effb67e8 d start.7702
effb67e8 d start.8162
effb67e8 d start.8170
effb67e8 d start.9328
effb67e8 d start.9340
effb67e8 d start.9356
effb6814 D _u_boot_list_2_i2c_2_fsl_1
effb6840 D _u_boot_list_2_part_driver_2_dos
effb6840 d .LANCHOR0
effb6840 d .LANCHOR1
effb6840 d .LANCHOR1
effb6840 d end.7663
effb6840 d end.7681
effb6840 d end.7705
effb6840 d end.9331
effb6840 d end.9343
effb6840 d end.9359
effb6840 d start.7535
effb6840 d start.7539
effb6840 d start.7603
effb6840 d start.7607
effb6840 d start.7689
effb6840 d start.7693
effb6858 T __start___ex_table
effb6858 T __stop___ex_table
effb6858 d .LANCHOR1
effb6858 d end.7542
effb6858 d end.7610
effb6858 d end.7696
effb6900 T __init_begin
effb6900 T __init_end
effff000 T _start_e500
effff118 t nexti
effff220 t create_ccsr_new_tlb
effff27c t create_ccsr_old_tlb
effff2c8 t verify_old_ccsr
effff2dc t infinite_debug_loop
effff2e0 t write_new_ccsrbar
effff308 t delete_temp_tlbs
effff3d0 t create_init_ram_area
effff48c t switch_as
f0000000 B __bss_start
f0000000 B machinecheck_count
f0000004 B machinecheck_error
f0000008 B current_mtd_partnum
f000000c B current_mtd_dev
f0000010 B working_fdt
f0000014 B use_defaults
f0000018 B mem_malloc_brk
f000001c B mem_malloc_end
f0000020 B mem_malloc_start
f0000024 B usb_started
f0000028 B monitor_flash_len
f000002c B save_addr
f0000030 B save_size
f0000034 B part_offset
f0000038 B ext4fs_indir1_size
f000003c B ext4fs_indir2_block
f0000040 B ext4fs_indir3_block
f0000044 B ext4fs_symlinknest
f0000048 B ext4fs_indir3_size
f000004c B g_parent_inode
f0000050 B ext4fs_indir2_size
f0000054 B ext4fs_indir1_block
f0000058 B ext4fs_file
f000005c B ext4fs_root
f0000060 B errno
f0000064 B bootp_start
f0000068 B net_server_ip
f000006c B net_null_ethaddr
f0000074 B net_ethaddr
f000007c B net_boot_file_size
f0000080 B net_ping_ip
f0000084 B bootp_timeout
f0000088 B bootp_num_ids
f000008c B net_rx_packet_len
f0000090 B eth_current
f0000094 B arp_wait_timer_start
f0000098 B net_gateway
f000009c B net_busy_flag
f00000a0 B net_restart_wrap
f00000a4 B net_boot_file_expected_size_in_blocks
f00000a8 B arp_wait_tx_packet_size
f00000ac B net_server_ethaddr
f00000b4 B net_state
f00000b8 B arp_wait_try
f00000bc B net_rx_packet
f00000c0 B net_netmask
f00000c4 B bootp_try
f00000c8 B arp_wait_packet_ethaddr
f00000cc B net_arp_wait_packet_ip
f00000d0 B net_tx_packet
f00000d4 B net_dns_server
f00000d8 B net_ip
f00000dc b .LANCHOR0
f00000dc b serdes1_prtcl_map
f00000e0 b .LANCHOR1
f00000e0 b timestamp
f00000e4 b .LANCHOR0
f00000e4 b decrementer_count
f00000e8 b .LANCHOR0
f00000e8 b data.7508
f00004e8 b .LANCHOR4
f00004e8 b i2c_mm_last_addr
f00004ec b .LANCHOR3
f00004ec b i2c_mm_last_chip
f00004f0 b .LANCHOR7
f00004f0 b i2c_dp_last_chip
f00004f4 b .LANCHOR5
f00004f4 b i2c_mm_last_alen
f00004f8 b .LANCHOR8
f00004f8 b i2c_dp_last_addr
f00004fc b .LANCHOR9
f00004fc b i2c_dp_last_alen
f0000500 b .LANCHOR16
f0000500 b send_parms
f0000514 b .LANCHOR6
f0000514 b os_data_addr_saved
f0000518 b .LANCHOR9
f0000518 b his_pad_char
f000051c b .LANCHOR7
f000051c b a_b
f0000534 b .LANCHOR12
f0000534 b os_data_char
f0000538 b .LANCHOR0
f0000538 b os_data_state
f000053c b .LANCHOR4
f000053c b k_data_escape
f0000540 b .LANCHOR5
f0000540 b os_data_state_saved
f0000544 b .LANCHOR1
f0000544 b os_data_addr
f0000548 b .LANCHOR15
f0000548 b send_ptr
f000054c b .LANCHOR8
f000054c b his_pad_count
f0000550 b .LANCHOR2
f0000550 b bin_start_address
f0000554 b .LANCHOR14
f0000554 b his_quote
f0000558 b .LANCHOR11
f0000558 b os_data_init
f000055c b .LANCHOR13
f000055c b his_eol
f0000560 b .LANCHOR3
f0000560 b k_data_escape_saved
f0000564 b .LANCHOR2
f0000564 b dp_last_addr
f0000568 b .LANCHOR0
f0000568 b base_address
f000056c b .LANCHOR5
f000056c b mm_last_size
f0000570 b .LANCHOR4
f0000570 b mm_last_addr
f0000574 b .LANCHOR3
f0000574 b dp_last_size
f0000578 b .LANCHOR5
f0000578 b last_data
f000057c b .LANCHOR6
f000057c b last_data
f0000580 b .LANCHOR4
f0000580 b last_reg_hi
f0000584 b .LANCHOR5
f0000584 b last_reg_hi
f0000588 b .LANCHOR6
f0000588 b last_mask
f000058c b .LANCHOR1
f000058c b last_addr_lo
f0000590 b .LANCHOR0
f0000590 b last_addr_lo
f0000594 b .LANCHOR0
f0000594 b last_op
f0000598 b .LANCHOR7
f0000598 b last_op
f000059c b .LANCHOR2
f000059c b last_addr_hi
f00005a0 b .LANCHOR1
f00005a0 b last_addr_hi
f00005a4 b .LANCHOR3
f00005a4 b last_reg_lo
f00005a8 b .LANCHOR4
f00005a8 b last_reg_lo
f00005ac b .LANCHOR3
f00005ac b last_devad_hi
f00005b0 b .LANCHOR2
f00005b0 b last_devad_lo
f00005b4 b .LANCHOR5
f00005b4 b last_ids
f0000638 b .LANCHOR1
f0000638 b last_partition
f000064c b .LANCHOR2
f000064c b last_parts
f0000850 b .LANCHOR4
f0000850 b initialized.9429
f0000854 b .LANCHOR3
f0000854 b mtdids
f000085c b .LANCHOR0
f000085c b devices
f0000868 b .LANCHOR0
f0000868 b last.9180
f0000870 b .LANCHOR0
f0000870 b flash
f0000874 b .LANCHOR3
f0000874 b flag_repeat
f0000878 b .LANCHOR6
f0000878 b buf.7985
f00008a0 b .LANCHOR8
f00008a0 b ifs
f00008a4 b .LANCHOR7
f00008a4 b last_return_code
f00008a8 b .LANCHOR0
f00008a8 b map
f00009a8 b .LANCHOR4
f00009a8 b do_repeat
f00009ac b .LANCHOR5
f00009ac b the_command.7785
f0000ab0 b .LANCHOR2
f0000ab0 b top_vars
f0000ab4 b .LANCHOR0
f0000ab4 b stored_bootdelay
f0000ab8 b .LANCHOR1
f0000ab8 b current_mii
f0000abc b .LANCHOR0
f0000abc b mii_devs
f0000ac4 b .LANCHOR3
f0000ac4 b dev_index
f0000ae0 b .LANCHOR1
f0000ae0 b usb_dev
f00136e0 b .LANCHOR0
f00136e0 b asynch_allowed
f00136e4 b .LANCHOR3
f00136e4 b running.9360
f00136e8 b .LANCHOR0
f00136e8 b usb_hub_index
f00136ec b .LANCHOR1
f00136ec b hub_dev
f0013b2c b .LANCHOR5
f0013b2c b usb_stor
f0013cb4 b .LANCHOR3
f0013cb4 b usb_dev_desc
f001406c b .LANCHOR4
f001406c b usb_max_devs
f0014070 b .LANCHOR1
f0014070 b CBWTag
f0014080 b .LANCHOR2
f0014080 b usb_ccb
f0014120 b .LANCHOR8
f0014120 b hist_list
f0014170 b .LANCHOR7
f0014170 b hist_lines
f0015584 b .LANCHOR3
f0015584 b hist_max
f0015588 b .LANCHOR2
f0015588 b initted.7650
f001558c b .LANCHOR4
f001558c b hist_add_idx
f0015590 b .LANCHOR6
f0015590 b hist_num
f0015594 b .LANCHOR1
f0015594 b ctrlc_was_pressed
f0015598 b .LANCHOR0
f0015598 b ctrlc_disabled
f001559c b .LANCHOR6
f001559c b max_total_mem
f00155a0 b .LANCHOR5
f00155a0 b max_sbrked_mem
f00155a4 b .LANCHOR4
f00155a4 b top_pad
f00155a8 b .LANCHOR1
f00155a8 b current_mallinfo
f00155d0 B stdio_devices
f00155dc b .LANCHOR0
f00155dc b devs
f0015628 b .LANCHOR0
f0015628 b xyz
f0015a5c b .LANCHOR1
f0015a5c b sata_info
f0015a74 b .LANCHOR0
f0015a74 b init_done.8354
f0015a78 b .LANCHOR2
f0015a78 b idx.8355
f0015a7c b .LANCHOR1
f0015a7c b compat_strlist.7450
f0015acc b .LANCHOR0
f0015acc b mmc_devices
f0015ad4 b .LANCHOR0
f0015ad4 b mtd_idr
f0015cd4 b .LANCHOR1
f0015cd4 b saved_sector.9106
f0015cd8 b .LANCHOR0
f0015cd8 b saved_info.9107
f0015cdc b .LANCHOR1
f0015cdc b cfi_mtd_names
f0015cf0 b .LANCHOR0
f0015cf0 b cfi_mtd_info
f0015dc8 b .LANCHOR0
f0015dc8 b nand_info
f0015dcc b .LANCHOR3
f0015dcc b rx_last
f0015e00 b .LANCHOR1
f0015e00 b __tx_base
f0015f00 b .LANCHOR2
f0015f00 b rx_tail
f0015f80 b .LANCHOR4
f0015f80 b __rx_base
f0016080 b .LANCHOR5
f0016080 b __packet
f0017080 b .LANCHOR0
f0017080 b tx_tail
f0017084 b .LANCHOR0
f0017084 b hose_head
f0017088 b .LANCHOR1
f0017088 b indent.7652
f001708c b .LANCHOR1
f001708c b serial_devices
f0017090 b .LANCHOR0
f0017090 b serial_current
f00170a0 b .LANCHOR1
f00170a0 b ehcic
f00171c0 b .LANCHOR3
f00171c0 b callback_list
f00171c4 b .LANCHOR5
f00171c4 b flags_list
f00171c8 b .LANCHOR2
f00171c8 b fs_partition
f001721c b .LANCHOR1
f001721c b fs_type
f0017220 b .LANCHOR4
f0017220 b fs_dev_part
f0017224 b .LANCHOR3
f0017224 b fs_dev_desc
f0017228 b .LANCHOR0
f0017228 b symlinknest
f001722c b .LANCHOR0
f001722c b part_info
f0017230 b .LANCHOR1
f0017230 b cur_part_info
f0017284 b .LANCHOR0
f0017284 b cur_dev
f0017288 b .LANCHOR0
f0017288 b address_map
f0017408 b .LANCHOR2
f0017408 b local.8679
f0017420 b .LANCHOR2
f0017420 b arp_tx_packet_buf
f0017a40 b .LANCHOR1
f0017a40 b arp_tx_packet
f0017a44 b .LANCHOR0
f0017a44 b net_arp_wait_reply_ip
f0017a48 B net_hostname
f0017a68 B net_root_path
f0017aa8 b .LANCHOR0
f0017aa8 b time_taken_max
f0017aac B net_nis_domain
f0017acc b .LANCHOR2
f0017acc b index.8115
f0017ad0 b .LANCHOR1
f0017ad0 b eth_devices
f0017ad4 b .LANCHOR1
f0017ad4 b act.9135
f0017ad8 b .LANCHOR0
f0017ad8 b first_failed.9130
f0017adc b .LANCHOR2
f0017adc b env_changed_id.9136
f0017ae0 b .LANCHOR8
f0017ae0 b net_restarted
f0017ae4 b .LANCHOR0
f0017ae4 b udp_packet_handler
f0017ae8 b .LANCHOR11
f0017ae8 b net_ip_id
f0017aec b .LANCHOR9
f0017aec b net_dev_exists
f0017af0 b .LANCHOR3
f0017af0 b time_start
f0017af4 b .LANCHOR14
f0017af4 b time_start
f0017af8 b .LANCHOR6
f0017af8 b net_pkt_buf
f0019918 b .LANCHOR7
f0019918 b net_try_count
f001991c b .LANCHOR2
f001991c b time_handler
f0019920 b .LANCHOR1
f0019920 b arp_packet_handler
f0019924 b .LANCHOR4
f0019924 b time_delta
f0019928 b .LANCHOR1
f0019928 b nfs_server_mount_port
f001992c b .LANCHOR9
f001992c b nfs_server_ip
f0019930 b .LANCHOR13
f0019930 b nfs_filename
f0019934 b .LANCHOR12
f0019934 b nfs_state
f0019938 b .LANCHOR7
f0019938 b filefh3_length
f001993c b .LANCHOR4
f001993c b dirfh
f001995c b .LANCHOR0
f001995c b rpc_id
f0019960 b .LANCHOR3
f0019960 b fs_mounted
f0019964 b .LANCHOR14
f0019964 b nfs_len
f0019968 b .LANCHOR2
f0019968 b nfs_server_port
f001996c b .LANCHOR15
f001996c b nfs_download_state
f0019970 b .LANCHOR8
f0019970 b nfs_path
f0019974 b .LANCHOR17
f0019974 b nfs_path_buff
f001a174 b .LANCHOR16
f001a174 b nfs_timeout_count
f001a178 b .LANCHOR6
f001a178 b filefh
f001a1b8 b .LANCHOR10
f001a1b8 b nfs_our_port
f001a1bc b .LANCHOR0
f001a1bc b ping_seq_number
f001a1c0 b .LANCHOR9
f001a1c0 b tftp_prev_block
f001a1c4 b .LANCHOR12
f001a1c4 b timeout_count
f001a1c8 b .LANCHOR10
f001a1c8 b tftp_block_wrap
f001a1cc b .LANCHOR15
f001a1cc b default_filename
f001a1dc b .LANCHOR7
f001a1dc b tftp_remote_port
f001a1e0 b .LANCHOR4
f001a1e0 b tftp_cur_block
f001a1e4 b .LANCHOR5
f001a1e4 b tftp_remote_ip
f001a1e8 b .LANCHOR6
f001a1e8 b tftp_our_port
f001a1ec b .LANCHOR0
f001a1ec b tftp_state
f001a1f0 b .LANCHOR1
f001a1f0 b tftp_filename
f001a270 b .LANCHOR11
f001a270 b tftp_block_wrap_offset
f001a278 B console_buffer
f001a380 B images
f001a588 B sata_dev_desc
f001a698 B flash_info
f001badc B mtd_table
f001bb60 B ext_fs
f001bbc0 B do_fat_read_at_block
f002bbc0 B get_dentfromdir_block
f003bbc0 B get_contents_vfatname_block
f004bbc0 B bootp_ids
f004bbd0 B net_rx_packets
f004bbe0 B net_boot_file_name
f004bfe0 B __bss_end
