Archive member included to satisfy reference by file (symbol)

/usr/lib/gcc-cross/powerpc-linux-gnu/5/libgcc.a(_lshrdi3.o)
                              drivers/ddr/fsl/built-in.o (__lshrdi3)
/usr/lib/gcc-cross/powerpc-linux-gnu/5/libgcc.a(_ashldi3.o)
                              arch/powerpc/cpu/built-in.o (__ashldi3)
/usr/lib/gcc-cross/powerpc-linux-gnu/5/libgcc.a(_ashrdi3.o)
                              drivers/mtd/nand/built-in.o (__ashrdi3)
/usr/lib/gcc-cross/powerpc-linux-gnu/5/libgcc.a(crtresxgpr.o)
                              arch/powerpc/cpu/mpc85xx/built-in.o (_restgpr_14_x)

Allocating common symbols
Common symbol       size              file

ext_fs              0x48              fs/built-in.o
console_buffer      0x101             common/built-in.o
flash_info          0x1444            drivers/mtd/built-in.o
bootp_ids           0x10              net/built-in.o
bootp_start         0x4               net/built-in.o
net_server_ip       0x4               net/built-in.o
net_null_ethaddr    0x6               net/built-in.o
net_ethaddr         0x6               net/built-in.o
part_offset         0x4               fs/built-in.o
usb_started         0x1               common/built-in.o
monitor_flash_len   0x4               common/built-in.o
save_addr           0x4               common/built-in.o
net_boot_file_size  0x4               net/built-in.o
___strtok           0x4               lib/built-in.o
net_ping_ip         0x4               net/built-in.o
ext4fs_indir1_size  0x4               fs/built-in.o
bootp_timeout       0x4               net/built-in.o
bootp_num_ids       0x4               net/built-in.o
net_rx_packet_len   0x4               net/built-in.o
ext4fs_indir2_block
                    0x4               fs/built-in.o
eth_current         0x4               net/built-in.o
ext4fs_indir3_block
                    0x4               fs/built-in.o
ext4fs_symlinknest  0x4               fs/built-in.o
arp_wait_timer_start
                    0x4               net/built-in.o
net_gateway         0x4               net/built-in.o
net_busy_flag       0x4               net/built-in.o
net_restart_wrap    0x4               net/built-in.o
net_boot_file_expected_size_in_blocks
                    0x4               net/built-in.o
mtd_table           0x80              drivers/mtd/built-in.o
cfi_flash_num_flash_banks
                    0x4               drivers/mtd/built-in.o
arp_wait_tx_packet_size
                    0x4               net/built-in.o
net_server_ethaddr  0x6               net/built-in.o
net_state           0x4               net/built-in.o
arp_wait_try        0x4               net/built-in.o
images              0x208             common/built-in.o
net_rx_packet       0x4               net/built-in.o
net_rx_packets      0x10              net/built-in.o
working_fdt         0x4               cmd/built-in.o
do_fat_read_at_block
                    0x10000           fs/built-in.o
ext4fs_indir3_size  0x4               fs/built-in.o
g_parent_inode      0x4               fs/built-in.o
net_netmask         0x4               net/built-in.o
bootp_try           0x4               net/built-in.o
ext4fs_indir2_size  0x4               fs/built-in.o
ext4fs_indir1_block
                    0x4               fs/built-in.o
save_size           0x4               common/built-in.o
arp_wait_packet_ethaddr
                    0x4               net/built-in.o
ext4fs_file         0x4               fs/built-in.o
net_arp_wait_packet_ip
                    0x4               net/built-in.o
get_dentfromdir_block
                    0x10000           fs/built-in.o
ext4fs_root         0x4               fs/built-in.o
use_defaults        0x1               cmd/built-in.o
net_tx_packet       0x4               net/built-in.o
net_dns_server      0x4               net/built-in.o
sata_dev_desc       0x110             drivers/built-in.o
get_contents_vfatname_block
                    0x10000           fs/built-in.o
net_boot_file_name  0x400             net/built-in.o
net_ip              0x4               net/built-in.o

Discarded input sections

 .data          0x0000000000000000        0x0 arch/powerpc/cpu/mpc85xx/start.o
 .bss           0x0000000000000000        0x0 arch/powerpc/cpu/mpc85xx/start.o
 .text          0x0000000000000000        0x0 arch/powerpc/cpu/mpc85xx/resetvec.o
 .data          0x0000000000000000        0x0 arch/powerpc/cpu/mpc85xx/resetvec.o
 .bss           0x0000000000000000        0x0 arch/powerpc/cpu/mpc85xx/resetvec.o
 .text          0x0000000000000000        0x0 arch/powerpc/cpu/built-in.o
 .text.fdt_fixup_phy_connection
                0x0000000000000000       0x68 arch/powerpc/cpu/built-in.o
 .text.upmconfig
                0x0000000000000000      0x190 arch/powerpc/cpu/built-in.o
 .text.find_law
                0x0000000000000000       0xf8 arch/powerpc/cpu/built-in.o
 .rodata.__func__.7468
                0x0000000000000000        0xa arch/powerpc/cpu/built-in.o
[...]
Memory Configuration

Name             Origin             Length             Attributes
*default*        0x0000000000000000 0xffffffffffffffff

Linker script and memory map

Address of section .text set to 0xeff40000
                0x0000000000000074                . = SIZEOF_HEADERS

.interp
 *(.interp)

.text           0x00000000eff40000    0x5a15c
 *(.text*)
 .text          0x00000000eff40000     0x1198 arch/powerpc/cpu/mpc85xx/start.o
                0x00000000eff40000                _start
                0x00000000eff40004                version_string
                0x00000000eff40040                _start_cont
                0x00000000eff400a8                _start_of_vectors
                0x00000000eff40b0c                _end_of_vectors
                0x00000000eff40c00                transfer_to_handler
                0x00000000eff40d4c                flush_icache
                0x00000000eff40d4c                invalidate_icache
                0x00000000eff40d68                invalidate_dcache
                0x00000000eff40d84                icache_enable
                0x00000000eff40dac                icache_disable
                0x00000000eff40dc8                icache_status
                0x00000000eff40dd4                dcache_enable
                0x00000000eff40e04                dcache_disable
                0x00000000eff40e20                dcache_status
                0x00000000eff40e2c                in8
                0x00000000eff40e34                out8
                0x00000000eff40e40                out16
                0x00000000eff40e4c                out16r
                0x00000000eff40e58                out32
                0x00000000eff40e64                out32r
                0x00000000eff40e70                in16
                0x00000000eff40e78                in16r
                0x00000000eff40e80                in32
                0x00000000eff40e88                in32r
                0x00000000eff40e90                write_tlb
                0x00000000eff40ebc                relocate_code
                0x00000000eff40fa4                in_ram
                0x00000000eff4103c                trap_init
                0x00000000eff410cc                unlock_ram_in_cache
                0x00000000eff41124                flush_dcache
 .text.identify_cpu
                0x00000000eff41198       0x68 arch/powerpc/cpu/built-in.o
                0x00000000eff41198                identify_cpu
 .text.cpu_mask
                0x00000000eff41200       0x74 arch/powerpc/cpu/built-in.o
                0x00000000eff41200                cpu_mask
 .text.cpu_numcores
                0x00000000eff41274       0xa8 arch/powerpc/cpu/built-in.o
                0x00000000eff41274                cpu_numcores
 .text.is_core_valid
                0x00000000eff4131c       0x44 arch/powerpc/cpu/built-in.o
                0x00000000eff4131c                is_core_valid
 .text.arch_cpu_init
                0x00000000eff41360       0x4c arch/powerpc/cpu/built-in.o
                0x00000000eff41360                arch_cpu_init
 .text.fixup_cpu
                0x00000000eff413ac       0x4c arch/powerpc/cpu/built-in.o
                0x00000000eff413ac                fixup_cpu
 .text.cpu_eth_init
                0x00000000eff413f8       0x30 arch/powerpc/cpu/built-in.o
                0x00000000eff413f8                cpu_eth_init
 .text.ft_fixup_num_cores
                0x00000000eff41428      0x144 arch/powerpc/cpu/built-in.o
                0x00000000eff41428                ft_fixup_num_cores
 .text.__lbc_sdram_init
                0x00000000eff4156c        0x4 arch/powerpc/cpu/built-in.o
                0x00000000eff4156c                lbc_sdram_init
 .text.print_lbc_regs
                0x00000000eff41570       0xb0 arch/powerpc/cpu/built-in.o
                0x00000000eff41570                print_lbc_regs
 .text.init_early_memctl_regs
                0x00000000eff41620       0xc0 arch/powerpc/cpu/built-in.o
                0x00000000eff41620                init_early_memctl_regs
 .text.set_law  0x00000000eff416e0       0x70 arch/powerpc/cpu/built-in.o
                0x00000000eff416e0                set_law
 .text.disable_law
                0x00000000eff41750       0x4c arch/powerpc/cpu/built-in.o
                0x00000000eff41750                disable_law
 .text.set_next_law
                0x00000000eff4179c       0x70 arch/powerpc/cpu/built-in.o
                0x00000000eff4179c                set_next_law
 .text.set_last_law
                0x00000000eff4180c       0x70 arch/powerpc/cpu/built-in.o
                0x00000000eff4180c                set_last_law
 .text.print_laws
                0x00000000eff4187c       0xc4 arch/powerpc/cpu/built-in.o
                0x00000000eff4187c                print_laws
 .text.set_ddr_laws
                0x00000000eff41940      0x324 arch/powerpc/cpu/built-in.o
                0x00000000eff41940                set_ddr_laws
 .text.disable_non_ddr_laws
                0x00000000eff41c64       0x84 arch/powerpc/cpu/built-in.o
                0x00000000eff41c64                disable_non_ddr_laws
 .text.init_laws
                0x00000000eff41ce8       0xe0 arch/powerpc/cpu/built-in.o
                0x00000000eff41ce8                init_laws
 *fill*         0x00000000eff41dc8      0x238 
 .text          0x00000000eff42000     0x2100 arch/powerpc/cpu/mpc85xx/built-in.o
                0x00000000eff42000                __secondary_start_page
                0x00000000eff42140                __bootpg_addr
                0x00000000eff42144                __spin_table_addr
                0x00000000eff42160                enable_cpu_a011_workaround
                0x00000000eff43000                __second_half_boot_page
                0x00000000eff43100                __spin_table
                0x00000000eff43180                spin_table_compat
 .text.ft_fixup_cpu
                0x00000000eff44100      0x278 arch/powerpc/cpu/mpc85xx/built-in.o
                0x00000000eff44100                ft_fixup_cpu
 .text.fdt_add_enet_stashing
                0x00000000eff44378       0xd4 arch/powerpc/cpu/mpc85xx/built-in.o
                0x00000000eff44378                fdt_add_enet_stashing
 .text.ft_cpu_setup
                0x00000000eff4444c      0x610 arch/powerpc/cpu/mpc85xx/built-in.o
                0x00000000eff4444c                ft_cpu_setup
 .text.ft_verify_fdt
                0x00000000eff44a5c      0x1a4 arch/powerpc/cpu/mpc85xx/built-in.o
                0x00000000eff44a5c                ft_verify_fdt
 .text.get_my_id
                0x00000000eff44c00        0x8 arch/powerpc/cpu/mpc85xx/built-in.o
                0x00000000eff44c00                get_my_id
 .text.hold_cores_in_reset
                0x00000000eff44c08       0x60 arch/powerpc/cpu/mpc85xx/built-in.o
                0x00000000eff44c08                hold_cores_in_reset
 .text.cpu_reset
                0x00000000eff44c68       0x40 arch/powerpc/cpu/mpc85xx/built-in.o
                0x00000000eff44c68                cpu_reset
 .text.cpu_disable
                0x00000000eff44ca8       0x94 arch/powerpc/cpu/mpc85xx/built-in.o
                0x00000000eff44ca8                cpu_disable
 .text.is_core_disabled
                0x00000000eff44d3c       0x74 arch/powerpc/cpu/mpc85xx/built-in.o
                0x00000000eff44d3c                is_core_disabled
 .text.cpu_status
                0x00000000eff44db0       0xc8 arch/powerpc/cpu/mpc85xx/built-in.o
                0x00000000eff44db0                cpu_status
 .text.cpu_release
                0x00000000eff44e78       0xec arch/powerpc/cpu/mpc85xx/built-in.o
                0x00000000eff44e78                cpu_release
 .text.determine_mp_bootpg
                0x00000000eff44f64       0x50 arch/powerpc/cpu/mpc85xx/built-in.o
                0x00000000eff44f64                determine_mp_bootpg
 .text.get_spin_phys_addr
                0x00000000eff44fb4       0x30 arch/powerpc/cpu/mpc85xx/built-in.o
                0x00000000eff44fb4                get_spin_phys_addr
 .text.cpu_mp_lmb_reserve
                0x00000000eff44fe4       0x4c arch/powerpc/cpu/mpc85xx/built-in.o
                0x00000000eff44fe4                cpu_mp_lmb_reserve
 .text.setup_mp
                0x00000000eff45030      0x260 arch/powerpc/cpu/mpc85xx/built-in.o
                0x00000000eff45030                setup_mp
 .text.fsl_serdes_init
                0x00000000eff45290       0x90 arch/powerpc/cpu/mpc85xx/built-in.o
                0x00000000eff45290                fsl_serdes_init
 .text.is_serdes_configured
                0x00000000eff45320       0x54 arch/powerpc/cpu/mpc85xx/built-in.o
                0x00000000eff45320                is_serdes_configured
 .text.__board_reset
                0x00000000eff45374        0x4 arch/powerpc/cpu/mpc85xx/built-in.o
                0x00000000eff45374                board_reset
 .text.checkcpu
                0x00000000eff45378      0x2c8 arch/powerpc/cpu/mpc85xx/built-in.o
                0x00000000eff45378                checkcpu
 .text.do_reset
                0x00000000eff45640       0x4c arch/powerpc/cpu/mpc85xx/built-in.o
                0x00000000eff45640                do_reset
 .text.get_tbclk
                0x00000000eff4568c       0x10 arch/powerpc/cpu/mpc85xx/built-in.o
                0x00000000eff4568c                get_tbclk
 .text.print_reginfo
                0x00000000eff4569c       0x34 arch/powerpc/cpu/mpc85xx/built-in.o
                0x00000000eff4569c                print_reginfo
 .text.dram_init
                0x00000000eff456d0       0x54 arch/powerpc/cpu/mpc85xx/built-in.o
                0x00000000eff456d0                dram_init
 .text.cpu_init_f
                0x00000000eff45724       0x44 arch/powerpc/cpu/mpc85xx/built-in.o
                0x00000000eff45724                cpu_init_f
 .text.l2cache_init
                0x00000000eff45768      0x15c arch/powerpc/cpu/mpc85xx/built-in.o
                0x00000000eff45768                l2cache_init
 .text.cpu_init_r
                0x00000000eff458c4       0x70 arch/powerpc/cpu/mpc85xx/built-in.o
                0x00000000eff458c4                cpu_init_r
 .text.arch_preboot_os
                0x00000000eff45934       0x18 arch/powerpc/cpu/mpc85xx/built-in.o
                0x00000000eff45934                arch_preboot_os
 .text.cpu_secondary_init_r
                0x00000000eff4594c        0x4 arch/powerpc/cpu/mpc85xx/built-in.o
                0x00000000eff4594c                cpu_secondary_init_r
 .text.cpu_init_early_f
                0x00000000eff45950       0x6c arch/powerpc/cpu/mpc85xx/built-in.o
                0x00000000eff45950                cpu_init_early_f
 .text.interrupt_init_cpu
                0x00000000eff459bc       0x94 arch/powerpc/cpu/mpc85xx/built-in.o
                0x00000000eff459bc                interrupt_init_cpu
 .text.irq_install_handler
                0x00000000eff45a50        0x4 arch/powerpc/cpu/mpc85xx/built-in.o
                0x00000000eff45a50                irq_install_handler
 .text.irq_free_handler
                0x00000000eff45a54        0x4 arch/powerpc/cpu/mpc85xx/built-in.o
                0x00000000eff45a54                irq_free_handler
 .text.timer_interrupt_cpu
                0x00000000eff45a58        0xc arch/powerpc/cpu/mpc85xx/built-in.o
                0x00000000eff45a58                timer_interrupt_cpu
 .text.do_irqinfo
                0x00000000eff45a64        0x8 arch/powerpc/cpu/mpc85xx/built-in.o
                0x00000000eff45a64                do_irqinfo
 .text.get_sys_info
                0x00000000eff45a6c       0xb8 arch/powerpc/cpu/mpc85xx/built-in.o
                0x00000000eff45a6c                get_sys_info
 .text.get_clocks
                0x00000000eff45b24       0x7c arch/powerpc/cpu/mpc85xx/built-in.o
                0x00000000eff45b24                get_clocks
 .text.get_bus_freq
                0x00000000eff45ba0        0x8 arch/powerpc/cpu/mpc85xx/built-in.o
                0x00000000eff45ba0                get_bus_freq
 .text.get_ddr_freq
                0x00000000eff45ba8        0x8 arch/powerpc/cpu/mpc85xx/built-in.o
                0x00000000eff45ba8                get_ddr_freq
 .text.invalidate_tlb
                0x00000000eff45bb0       0x24 arch/powerpc/cpu/mpc85xx/built-in.o
                0x00000000eff45bb0                invalidate_tlb
 .text.init_tlbs
                0x00000000eff45bd4       0x64 arch/powerpc/cpu/mpc85xx/built-in.o
                0x00000000eff45bd4                init_tlbs
 .text.read_tlbcam_entry
                0x00000000eff45c38       0x4c arch/powerpc/cpu/mpc85xx/built-in.o
                0x00000000eff45c38                read_tlbcam_entry
 .text.print_tlbcam
                0x00000000eff45c84       0xbc arch/powerpc/cpu/mpc85xx/built-in.o
                0x00000000eff45c84                print_tlbcam
 .text.init_used_tlb_cams
                0x00000000eff45d40       0x70 arch/powerpc/cpu/mpc85xx/built-in.o
                0x00000000eff45d40                init_used_tlb_cams
 .text.find_free_tlbcam
                0x00000000eff45db0       0x48 arch/powerpc/cpu/mpc85xx/built-in.o
                0x00000000eff45db0                find_free_tlbcam
 .text.set_tlb  0x00000000eff45df8      0x11c arch/powerpc/cpu/mpc85xx/built-in.o
                0x00000000eff45df8                set_tlb
 .text.disable_tlb
                0x00000000eff45f14       0xa0 arch/powerpc/cpu/mpc85xx/built-in.o
                0x00000000eff45f14                disable_tlb
 .text.find_tlb_idx
                0x00000000eff45fb4       0x40 arch/powerpc/cpu/mpc85xx/built-in.o
                0x00000000eff45fb4                find_tlb_idx
 .text.init_addr_map
                0x00000000eff45ff4       0xa8 arch/powerpc/cpu/mpc85xx/built-in.o
                0x00000000eff45ff4                init_addr_map
 .text.tlb_map_range
                0x00000000eff4609c      0x17c arch/powerpc/cpu/mpc85xx/built-in.o
                0x00000000eff4609c                tlb_map_range
 .text.setup_ddr_tlbs_phys
                0x00000000eff46218       0xbc arch/powerpc/cpu/mpc85xx/built-in.o
                0x00000000eff46218                setup_ddr_tlbs_phys
 .text.setup_ddr_tlbs
                0x00000000eff462d4       0x38 arch/powerpc/cpu/mpc85xx/built-in.o
                0x00000000eff462d4                setup_ddr_tlbs
 .text.print_backtrace
                0x00000000eff4630c       0xbc arch/powerpc/cpu/mpc85xx/built-in.o
 .text.show_regs
                0x00000000eff463c8       0xcc arch/powerpc/cpu/mpc85xx/built-in.o
                0x00000000eff463c8                show_regs
 .text.CritcalInputException
                0x00000000eff46494       0x28 arch/powerpc/cpu/mpc85xx/built-in.o
                0x00000000eff46494                CritcalInputException
 .text.MachineCheckException
                0x00000000eff464bc      0x1ac arch/powerpc/cpu/mpc85xx/built-in.o
                0x00000000eff464bc                MachineCheckException
 .text.AlignmentException
                0x00000000eff46668       0x38 arch/powerpc/cpu/mpc85xx/built-in.o
                0x00000000eff46668                AlignmentException
 .text.ProgramCheckException
                0x00000000eff466a0       0x64 arch/powerpc/cpu/mpc85xx/built-in.o
                0x00000000eff466a0                ProgramCheckException
 .text.UnknownException
                0x00000000eff46704       0x58 arch/powerpc/cpu/mpc85xx/built-in.o
                0x00000000eff46704                UnknownException
 .text.ExtIntException
                0x00000000eff4675c       0x70 arch/powerpc/cpu/mpc85xx/built-in.o
                0x00000000eff4675c                ExtIntException
 .text.DebugException
                0x00000000eff467cc       0x40 arch/powerpc/cpu/mpc85xx/built-in.o
                0x00000000eff467cc                DebugException
 .text          0x00000000eff4680c      0x39c arch/powerpc/lib/built-in.o
                0x00000000eff4680c                strcpy
                0x00000000eff46828                strncpy
                0x00000000eff46850                strcat
                0x00000000eff4687c                strcmp
                0x00000000eff468a0                strlen
                0x00000000eff468b8                memset
                0x00000000eff46914                memmove
                0x00000000eff4691c                memcpy
                0x00000000eff469b8                backwards_memcpy
                0x00000000eff46a40                memcmp
                0x00000000eff46a70                memchr
                0x00000000eff46a98                ppcDcbf
                0x00000000eff46aa0                ppcDcbi
                0x00000000eff46aa8                ppcDcbz
                0x00000000eff46ab0                ppcSync
                0x00000000eff46ab8                flush_dcache_range
                0x00000000eff46ae8                invalidate_dcache_range
                0x00000000eff46b1c                get_ticks
                0x00000000eff46b34                wait_ticks
                0x00000000eff46b80                trap_reloc
 .text.boot_bd_t_linux
                0x00000000eff46ba8       0x98 arch/powerpc/lib/built-in.o
 .text.arch_fixup_fdt
                0x00000000eff46c40        0x8 arch/powerpc/lib/built-in.o
                0x00000000eff46c40                arch_fixup_fdt
 .text.arch_lmb_reserve
                0x00000000eff46c48       0xdc arch/powerpc/lib/built-in.o
                0x00000000eff46c48                arch_lmb_reserve
 .text.do_bootm_linux
                0x00000000eff46d24      0x128 arch/powerpc/lib/built-in.o
                0x00000000eff46d24                do_bootm_linux
 .text.boot_prep_vxworks
                0x00000000eff46e4c       0x98 arch/powerpc/lib/built-in.o
                0x00000000eff46e4c                boot_prep_vxworks
 .text.boot_jump_vxworks
                0x00000000eff46ee4       0x5c arch/powerpc/lib/built-in.o
                0x00000000eff46ee4                boot_jump_vxworks
 .text.flush_cache
                0x00000000eff46f40       0x5c arch/powerpc/lib/built-in.o
                0x00000000eff46f40                flush_cache
 .text.search_exception_table
                0x00000000eff46f9c       0x60 arch/powerpc/lib/built-in.o
                0x00000000eff46f9c                search_exception_table
 .text.enable_interrupts
                0x00000000eff46ffc       0x10 arch/powerpc/lib/built-in.o
                0x00000000eff46ffc                enable_interrupts
 .text.disable_interrupts
                0x00000000eff4700c       0x14 arch/powerpc/lib/built-in.o
                0x00000000eff4700c                disable_interrupts
 .text.interrupt_init
                0x00000000eff47020       0x54 arch/powerpc/lib/built-in.o
                0x00000000eff47020                interrupt_init
 .text.timer_interrupt
                0x00000000eff47074       0x50 arch/powerpc/lib/built-in.o
                0x00000000eff47074                timer_interrupt
 .text.get_timer
                0x00000000eff470c4       0x38 arch/powerpc/lib/built-in.o
                0x00000000eff470c4                get_timer
 .text.arch_reserve_stacks
                0x00000000eff470fc       0x20 arch/powerpc/lib/built-in.o
                0x00000000eff470fc                arch_reserve_stacks
 .text.usec2ticks
                0x00000000eff4711c       0x6c arch/powerpc/lib/built-in.o
                0x00000000eff4711c                usec2ticks
 .text.__udelay
                0x00000000eff47188       0x30 arch/powerpc/lib/built-in.o
                0x00000000eff47188                __udelay
 .text.timer_init
                0x00000000eff471b8       0x14 arch/powerpc/lib/built-in.o
                0x00000000eff471b8                timer_init
 .text.board_early_init_f
                0x00000000eff471cc        0x8 board/freescale/p1_p2_rdb_pc/built-in.o
                0x00000000eff471cc                board_early_init_f
 .text.checkboard
                0x00000000eff471d4       0x34 board/freescale/p1_p2_rdb_pc/built-in.o
                0x00000000eff471d4                checkboard
 .text.pci_init_board
                0x00000000eff47208       0x30 board/freescale/p1_p2_rdb_pc/built-in.o
                0x00000000eff47208                pci_init_board
 .text.board_early_init_r
                0x00000000eff47238       0x98 board/freescale/p1_p2_rdb_pc/built-in.o
                0x00000000eff47238                board_early_init_r
 .text.board_eth_init
                0x00000000eff472d0      0x118 board/freescale/p1_p2_rdb_pc/built-in.o
                0x00000000eff472d0                board_eth_init
 .text.ft_board_setup
                0x00000000eff473e8       0xd4 board/freescale/p1_p2_rdb_pc/built-in.o
                0x00000000eff473e8                ft_board_setup
 .text.fixed_sdram
                0x00000000eff474bc      0x150 board/freescale/p1_p2_rdb_pc/built-in.o
                0x00000000eff474bc                fixed_sdram
 .text.do_go_exec
                0x00000000eff4760c       0x30 cmd/built-in.o
                0x00000000eff4760c                do_go_exec
 .text.do_go    0x00000000eff4763c       0x84 cmd/built-in.o
 .text.do_bootm
                0x00000000eff476c0      0x100 cmd/built-in.o
                0x00000000eff476c0                do_bootm
 .text.do_bootd
                0x00000000eff477c0       0x3c cmd/built-in.o
                0x00000000eff477c0                do_bootd
 .text.do_imls  0x00000000eff477fc      0x110 cmd/built-in.o
 .text.image_info
                0x00000000eff4790c      0x11c cmd/built-in.o
 .text.do_iminfo
                0x00000000eff47a28       0x8c cmd/built-in.o
 .text.bootm_maybe_autostart
                0x00000000eff47ab4       0x84 cmd/built-in.o
                0x00000000eff47ab4                bootm_maybe_autostart
 .text.do_help  0x00000000eff47b38       0x5c cmd/built-in.o
 .text.do_version
                0x00000000eff47b94       0x50 cmd/built-in.o
 .text.blk_common_cmd
                0x00000000eff47be4      0x30c cmd/built-in.o
                0x00000000eff47be4                blk_common_cmd
 .text.source   0x00000000eff47ef0      0x1c0 cmd/built-in.o
                0x00000000eff47ef0                source
 .text.do_source
                0x00000000eff480b0       0x94 cmd/built-in.o
 .text.print_num
                0x00000000eff48144       0x38 cmd/built-in.o
 .text.print_eth
                0x00000000eff4817c       0x6c cmd/built-in.o
 .text.board_detail
                0x00000000eff481e8        0x4 cmd/built-in.o
                0x00000000eff481e8                board_detail
 .text.do_bdinfo
                0x00000000eff481ec      0x134 cmd/built-in.o
                0x00000000eff481ec                do_bdinfo
 .text.do_coninfo
                0x00000000eff48320       0xc4 cmd/built-in.o
 .text.cnvrt2   0x00000000eff483e4       0x48 cmd/built-in.o
 .text.mk_date  0x00000000eff4842c      0x1f8 cmd/built-in.o
                0x00000000eff4842c                mk_date
 .text.do_date  0x00000000eff48624      0x14c cmd/built-in.o
 .text.do_echo  0x00000000eff48770       0xd0 cmd/built-in.o
 .text.parse_numeric_param
                0x00000000eff48840       0x48 cmd/built-in.o
 .text.parse_i2c_bus_addr
                0x00000000eff48888       0x98 cmd/built-in.o
 .text.eeprom_write_enable
                0x00000000eff48920        0x8 cmd/built-in.o
                0x00000000eff48920                eeprom_write_enable
 .text.eeprom_init
                0x00000000eff48928       0x44 cmd/built-in.o
                0x00000000eff48928                eeprom_init
 .text.eeprom_read
                0x00000000eff4896c       0x90 cmd/built-in.o
                0x00000000eff4896c                eeprom_read
 .text.eeprom_write
                0x00000000eff489fc       0xb4 cmd/built-in.o
                0x00000000eff489fc                eeprom_write
 .text.do_eeprom
                0x00000000eff48ab0      0x1a4 cmd/built-in.o
                0x00000000eff48ab0                do_eeprom
 .text.load_elf_image_shdr
                0x00000000eff48c54       0xac cmd/built-in.o
 .text.valid_elf_image
                0x00000000eff48d00       0x5c cmd/built-in.o
                0x00000000eff48d00                valid_elf_image
 .text.do_bootelf
                0x00000000eff48d5c      0x1c0 cmd/built-in.o
                0x00000000eff48d5c                do_bootelf
 .text.do_bootvx
                0x00000000eff48f1c      0x2ec cmd/built-in.o
                0x00000000eff48f1c                do_bootvx
 .text.do_exit  0x00000000eff49208       0x50 cmd/built-in.o
 .text.do_ext2load
                0x00000000eff49258       0x30 cmd/built-in.o
                0x00000000eff49258                do_ext2load
 .text.do_ext2ls
                0x00000000eff49288       0x30 cmd/built-in.o
 .text.do_fat_size
                0x00000000eff492b8       0x30 cmd/built-in.o
                0x00000000eff492b8                do_fat_size
 .text.do_fat_fsload
                0x00000000eff492e8       0x30 cmd/built-in.o
                0x00000000eff492e8                do_fat_fsload
 .text.do_fat_ls
                0x00000000eff49318       0x30 cmd/built-in.o
 .text.do_fat_fsinfo
                0x00000000eff49348       0xa8 cmd/built-in.o
 .text.fdt_valid
                0x00000000eff493f0       0xbc cmd/built-in.o
 .text.is_printable_string
                0x00000000eff494ac       0xbc cmd/built-in.o
 .text.print_data
                0x00000000eff49568      0x174 cmd/built-in.o
 .text.set_working_fdt_addr
                0x00000000eff496dc       0x3c cmd/built-in.o
                0x00000000eff496dc                set_working_fdt_addr
 .text.do_fdt   0x00000000eff49718      0xe64 cmd/built-in.o
 .text.flash_fill_sect_ranges
                0x00000000eff4a57c      0x164 cmd/built-in.o
 .text.abbrev_spec
                0x00000000eff4a6e0      0x15c cmd/built-in.o
 .text.do_flinfo
                0x00000000eff4a83c       0x74 cmd/built-in.o
 .text.flash_sect_roundb
                0x00000000eff4a8b0       0xbc cmd/built-in.o
                0x00000000eff4a8b0                flash_sect_roundb
 .text.addr_spec
                0x00000000eff4a96c       0xe0 cmd/built-in.o
 .text.flash_sect_erase
                0x00000000eff4aa4c       0xac cmd/built-in.o
                0x00000000eff4aa4c                flash_sect_erase
 .text.do_flerase
                0x00000000eff4aaf8      0x228 cmd/built-in.o
 .text.flash_sect_protect
                0x00000000eff4ad20       0xdc cmd/built-in.o
                0x00000000eff4ad20                flash_sect_protect
 .text.do_protect
                0x00000000eff4adfc      0x33c cmd/built-in.o
 .text.do_i2c   0x00000000eff4b138       0x84 cmd/built-in.o
 .text.do_i2c_bus_speed
                0x00000000eff4b1bc       0x8c cmd/built-in.o
 .text.do_i2c_reset
                0x00000000eff4b248       0x4c cmd/built-in.o
 .text.do_i2c_probe
                0x00000000eff4b294      0x104 cmd/built-in.o
 .text.do_i2c_bus_num
                0x00000000eff4b398       0xc0 cmd/built-in.o
 .text.do_i2c_show_bus
                0x00000000eff4b458       0xf4 cmd/built-in.o
 .text.get_alen.constprop.5
                0x00000000eff4b54c       0x40 cmd/built-in.o
 .text.do_i2c_crc
                0x00000000eff4b58c      0x130 cmd/built-in.o
 .text.mod_i2c_mem.isra.3
                0x00000000eff4b6bc      0x204 cmd/built-in.o
 .text.do_i2c_nm
                0x00000000eff4b8c0        0x8 cmd/built-in.o
 .text.do_i2c_mm
                0x00000000eff4b8c8        0x8 cmd/built-in.o
 .text.do_i2c_md
                0x00000000eff4b8d0      0x1dc cmd/built-in.o
 .text.do_i2c_read
                0x00000000eff4baac       0xdc cmd/built-in.o
 .text.do_i2c_mw
                0x00000000eff4bb88      0x114 cmd/built-in.o
 .text.do_i2c_write
                0x00000000eff4bc9c      0x154 cmd/built-in.o
 .text.do_i2c_loop
                0x00000000eff4bdf0      0x108 cmd/built-in.o
 .text.i2c_init_board
                0x00000000eff4bef8        0x4 cmd/built-in.o
                0x00000000eff4bef8                i2c_init_board
 .text.do_interrupts
                0x00000000eff4befc       0x5c cmd/built-in.o
 .text.evalexp  0x00000000eff4bf58       0xd4 cmd/built-in.o
 .text.evalstr  0x00000000eff4c02c       0x94 cmd/built-in.o
 .text.binary_test
                0x00000000eff4c0c0      0x1c4 cmd/built-in.o
 .text.do_itest
                0x00000000eff4c284       0x9c cmd/built-in.o
 .text.bin_data_init
                0x00000000eff4c320       0x4c cmd/built-in.o
 .text.k_data_save
                0x00000000eff4c36c       0x64 cmd/built-in.o
 .text.k_data_restore
                0x00000000eff4c3d0       0x64 cmd/built-in.o
 .text.getcxmodem
                0x00000000eff4c434       0x44 cmd/built-in.o
 .text.load_serial_ymodem
                0x00000000eff4c478      0x11c cmd/built-in.o
 .text.bin_data_char
                0x00000000eff4c594       0x50 cmd/built-in.o
 .text.chk1.constprop.1
                0x00000000eff4c5e4       0x54 cmd/built-in.o
 .text.s1_sendpacket.constprop.2
                0x00000000eff4c638       0x68 cmd/built-in.o
 .text.load_serial
                0x00000000eff4c6a0      0x214 cmd/built-in.o
 .text.do_load_serial
                0x00000000eff4c8b4      0x1a4 cmd/built-in.o
 .text.do_load_serial_bin
                0x00000000eff4ca58      0x73c cmd/built-in.o
 .text.do_mem_mw
                0x00000000eff4d194       0xf0 cmd/built-in.o
 .text.do_mem_loop
                0x00000000eff4d284      0x110 cmd/built-in.o
 .text.do_mem_md
                0x00000000eff4d394       0xf4 cmd/built-in.o
 .text.do_mem_cmp
                0x00000000eff4d488      0x170 cmd/built-in.o
 .text.do_mem_base
                0x00000000eff4d5f8       0x5c cmd/built-in.o
 .text.do_mem_cp
                0x00000000eff4d654      0x110 cmd/built-in.o
 .text.do_mem_crc
                0x00000000eff4d764       0x5c cmd/built-in.o
 .text.mod_mem.isra.0
                0x00000000eff4d7c0      0x1a4 cmd/built-in.o
 .text.do_mem_mm
                0x00000000eff4d964        0x8 cmd/built-in.o
 .text.do_mem_nm
                0x00000000eff4d96c        0x8 cmd/built-in.o
 .text.extract_range
                0x00000000eff4d974      0x11c cmd/built-in.o
 .text.do_mii   0x00000000eff4da90      0x880 cmd/built-in.o
 .text.do_mdio  0x00000000eff4e310      0x4b0 cmd/built-in.o
 .text.do_sleep
                0x00000000eff4e7c0       0xec cmd/built-in.o
 .text.do_mmcops
                0x00000000eff4e8ac       0xd4 cmd/built-in.o
 .text.init_mmc_device
                0x00000000eff4e980       0x7c cmd/built-in.o
 .text.do_mmc_rescan
                0x00000000eff4e9fc       0x40 cmd/built-in.o
 .text.do_mmc_hwpartition
                0x00000000eff4ea3c      0x4f8 cmd/built-in.o
 .text.do_mmc_list
                0x00000000eff4ef34       0x34 cmd/built-in.o
 .text.do_mmc_dev
                0x00000000eff4ef68      0x140 cmd/built-in.o
 .text.do_mmc_read
                0x00000000eff4f0a8       0xfc cmd/built-in.o
 .text.do_mmc_part
                0x00000000eff4f1a4       0x80 cmd/built-in.o
 .text.do_mmc_erase
                0x00000000eff4f224       0xfc cmd/built-in.o
 .text.do_mmc_write
                0x00000000eff4f320      0x114 cmd/built-in.o
 .text.do_mmcinfo
                0x00000000eff4f434      0x38c cmd/built-in.o
 .text.do_mmc_setdsr
                0x00000000eff4f7c0       0xb0 cmd/built-in.o
 .text.cpu_cmd  0x00000000eff4f870      0x168 cmd/built-in.o
 .text.part_delall
                0x00000000eff4f9d8       0x58 cmd/built-in.o
 .text.memsize_parse
                0x00000000eff4fa30       0xb0 cmd/built-in.o
 .text.mtd_part_info
                0x00000000eff4fae0       0xa0 cmd/built-in.o
 .text.env_get_mtdparts
                0x00000000eff4fb80       0x68 cmd/built-in.o
 .text.memsize_format
                0x00000000eff4fbe8       0x90 cmd/built-in.o
 .text.index_partitions
                0x00000000eff4fc78       0xcc cmd/built-in.o
 .text.current_save
                0x00000000eff4fd44       0xb0 cmd/built-in.o
 .text.part_sort_add
                0x00000000eff4fdf4      0x16c cmd/built-in.o
 .text.device_del
                0x00000000eff4ff60       0x9c cmd/built-in.o
 .text.generate_mtdparts_save.constprop.7
                0x00000000eff4fffc      0x2c0 cmd/built-in.o
 .text.device_delall.constprop.9
                0x00000000eff502bc       0x84 cmd/built-in.o
 .text.mtd_devices_init
                0x00000000eff50340       0x50 cmd/built-in.o
 .text.get_mtd_info.constprop.10
                0x00000000eff50390       0x90 cmd/built-in.o
 .text.part_validate
                0x00000000eff50420      0x340 cmd/built-in.o
 .text.device_find
                0x00000000eff50760       0x6c cmd/built-in.o
                0x00000000eff50760                device_find
 .text.device_parse
                0x00000000eff507cc      0x4bc cmd/built-in.o
 .text.mtd_id_parse
                0x00000000eff50c88      0x120 cmd/built-in.o
                0x00000000eff50c88                mtd_id_parse
 .text.find_dev_and_part
                0x00000000eff50da8      0x1ac cmd/built-in.o
                0x00000000eff50da8                find_dev_and_part
 .text.mtdparts_init
                0x00000000eff50f54      0x664 cmd/built-in.o
                0x00000000eff50f54                mtdparts_init
 .text.do_chpart
                0x00000000eff515b8       0xd0 cmd/built-in.o
 .text.do_mtdparts
                0x00000000eff51688      0x5c8 cmd/built-in.o
 .text.set_dev  0x00000000eff51c50       0x74 cmd/built-in.o
 .text.nand_print_and_set_info
                0x00000000eff51cc4       0xd8 cmd/built-in.o
 .text.do_nand  0x00000000eff51d9c      0xc1c cmd/built-in.o
 .text.nand_load_image
                0x00000000eff529b8      0x208 cmd/built-in.o
 .text.do_nandboot
                0x00000000eff52bc0      0x240 cmd/built-in.o
 .text.netboot_common
                0x00000000eff52e00      0x2a0 cmd/built-in.o
 .text.do_bootp
                0x00000000eff530a0        0xc cmd/built-in.o
 .text.do_nfs   0x00000000eff530ac        0xc cmd/built-in.o
 .text.do_tftpb
                0x00000000eff530b8       0x60 cmd/built-in.o
                0x00000000eff530b8                do_tftpb
 .text.do_ping  0x00000000eff53118       0x90 cmd/built-in.o
 .text.pci_cfg_write
                0x00000000eff531a8       0x60 cmd/built-in.o
 .text.pci_read_config
                0x00000000eff53208       0x5c cmd/built-in.o
 .text.pci_show_regs
                0x00000000eff53264       0xa4 cmd/built-in.o
 .text.pci_cfg_modify.isra.1
                0x00000000eff53308      0x134 cmd/built-in.o
 .text.pci_header_show
                0x00000000eff5343c       0xc4 cmd/built-in.o
                0x00000000eff5343c                pci_header_show
 .text.pciinfo_header
                0x00000000eff53500       0x50 cmd/built-in.o
                0x00000000eff53500                pciinfo_header
 .text.pci_header_show_brief
                0x00000000eff53550       0x90 cmd/built-in.o
                0x00000000eff53550                pci_header_show_brief
 .text.pciinfo  0x00000000eff535e0      0x158 cmd/built-in.o
                0x00000000eff535e0                pciinfo
 .text.do_pci   0x00000000eff53738      0x3dc cmd/built-in.o
 .text.do_reginfo
                0x00000000eff53b14       0x30 cmd/built-in.o
 .text.sata_remove
                0x00000000eff53b44       0x2c cmd/built-in.o
                0x00000000eff53b44                sata_remove
 .text.sata_probe
                0x00000000eff53b70       0x30 cmd/built-in.o
                0x00000000eff53b70                sata_probe
 .text.do_sata  0x00000000eff53ba0      0x104 cmd/built-in.o
 .text.bytes_per_second
                0x00000000eff53ca4       0x64 cmd/built-in.o
 .text.do_spi_flash
                0x00000000eff53d08      0x814 cmd/built-in.o
 .text.substitute
                0x00000000eff5451c      0x100 cmd/built-in.o
 .text.get_arg  0x00000000eff5461c       0x7c cmd/built-in.o
 .text.regex_sub
                0x00000000eff54698      0x304 cmd/built-in.o
 .text.do_setexpr
                0x00000000eff5499c      0x1ac cmd/built-in.o
 .text.do_false
                0x00000000eff54b48        0x8 cmd/built-in.o
 .text.do_true  0x00000000eff54b50        0x8 cmd/built-in.o
 .text.do_test  0x00000000eff54b58      0x330 cmd/built-in.o
 .text.usb_get_class_desc
                0x00000000eff54e88       0xa4 cmd/built-in.o
 .text.usb_find_device
                0x00000000eff54f2c       0x5c cmd/built-in.o
 .text.usb_show_tree_graph
                0x00000000eff54f88      0x244 cmd/built-in.o
 .text.usb_display_class_sub
                0x00000000eff551cc      0x148 cmd/built-in.o
 .text.usb_display_desc
                0x00000000eff55314      0x130 cmd/built-in.o
 .text.usb_display_string
                0x00000000eff55444       0x58 cmd/built-in.o
 .text.usb_display_config
                0x00000000eff5549c      0x208 cmd/built-in.o
 .text.do_usbboot
                0x00000000eff556a4       0x30 cmd/built-in.o
 .text.do_usb_start
                0x00000000eff556d4       0x4c cmd/built-in.o
 .text.usb_show_tree
                0x00000000eff55720       0x74 cmd/built-in.o
                0x00000000eff55720                usb_show_tree
 .text.do_usb   0x00000000eff55794      0x3dc cmd/built-in.o
 .text.common_diskboot
                0x00000000eff55b70      0x28c cmd/built-in.o
                0x00000000eff55b70                common_diskboot
 .text.do_imgextract
                0x00000000eff55dfc      0x378 cmd/built-in.o
 .text.do_env_delete
                0x00000000eff56174       0xb4 cmd/built-in.o
 .text.do_env_exists
                0x00000000eff56228       0x7c cmd/built-in.o
 .text.do_env_save
                0x00000000eff562a4       0x34 cmd/built-in.o
 .text.do_env   0x00000000eff562d8       0x84 cmd/built-in.o
 .text.env_print
                0x00000000eff5635c       0xe0 cmd/built-in.o
 .text.do_env_print
                0x00000000eff5643c       0xdc cmd/built-in.o
 .text.do_env_import
                0x00000000eff56518      0x24c cmd/built-in.o
 .text.do_env_default
                0x00000000eff56764       0xa4 cmd/built-in.o
 .text._do_env_set.isra.0
                0x00000000eff56808      0x1d4 cmd/built-in.o
 .text.do_env_set
                0x00000000eff569dc       0x20 cmd/built-in.o
 .text.get_env_id
                0x00000000eff569fc       0x34 cmd/built-in.o
                0x00000000eff569fc                get_env_id
 .text.env_set  0x00000000eff56a30       0x7c cmd/built-in.o
                0x00000000eff56a30                env_set
 .text.env_set_ulong
                0x00000000eff56aac       0x40 cmd/built-in.o
                0x00000000eff56aac                env_set_ulong
 .text.env_set_hex
                0x00000000eff56aec       0x4c cmd/built-in.o
                0x00000000eff56aec                env_set_hex
 .text.do_env_export
                0x00000000eff56b38      0x214 cmd/built-in.o
 .text.envmatch
                0x00000000eff56d4c       0x8c cmd/built-in.o
                0x00000000eff56d4c                envmatch
 .text.env_get_f
                0x00000000eff56dd8       0xec cmd/built-in.o
                0x00000000eff56dd8                env_get_f
 .text.env_get  0x00000000eff56ec4       0xa8 cmd/built-in.o
                0x00000000eff56ec4                env_get
 .text.env_get_hex
                0x00000000eff56f6c       0x58 cmd/built-in.o
                0x00000000eff56f6c                env_get_hex
 .text.env_get_ulong
                0x00000000eff56fc4       0x50 cmd/built-in.o
                0x00000000eff56fc4                env_get_ulong
 .text.do_env_edit.part.2
                0x00000000eff57014       0xc8 cmd/built-in.o
 .text.do_env_edit
                0x00000000eff570dc       0x28 cmd/built-in.o
 .text.show_boot_progress
                0x00000000eff57104        0x8 common/built-in.o
                0x00000000eff57104                show_boot_progress
 .text.main_loop
                0x00000000eff5710c       0x40 common/built-in.o
                0x00000000eff5710c                main_loop
 .text.mdelay   0x00000000eff5714c       0x44 common/built-in.o
 .text.dummy    0x00000000eff57190        0x4 common/built-in.o
 .text.get_version
                0x00000000eff57194        0x8 common/built-in.o
                0x00000000eff57194                get_version
 .text.jumptable_init
                0x00000000eff5719c      0x1b0 common/built-in.o
                0x00000000eff5719c                jumptable_init
 .text.hash_finish_crc32
                0x00000000eff5734c       0x44 common/built-in.o
 .text.hash_update_crc32
                0x00000000eff57390       0x44 common/built-in.o
 .text.hash_init_crc32
                0x00000000eff573d4       0x34 common/built-in.o
 .text.hash_finish_sha256
                0x00000000eff57408       0x58 common/built-in.o
 .text.hash_update_sha256
                0x00000000eff57460       0x3c common/built-in.o
 .text.hash_init_sha256
                0x00000000eff5749c       0x44 common/built-in.o
 .text.hash_finish_sha1
                0x00000000eff574e0       0x58 common/built-in.o
 .text.hash_update_sha1
                0x00000000eff57538       0x3c common/built-in.o
 .text.hash_init_sha1
                0x00000000eff57574       0x44 common/built-in.o
 .text.hash_lookup_algo
                0x00000000eff575b8       0x6c common/built-in.o
                0x00000000eff575b8                hash_lookup_algo
 .text.hash_command
                0x00000000eff57624      0x1e0 common/built-in.o
                0x00000000eff57624                hash_command
 .text.b_reset  0x00000000eff57804       0x20 common/built-in.o
 .text.static_get
                0x00000000eff57824       0x20 common/built-in.o
 .text.file_peek
                0x00000000eff57844        0xc common/built-in.o
 .text.mapset   0x00000000eff57850       0x48 common/built-in.o
 .text.syntax_err
                0x00000000eff57898       0x30 common/built-in.o
 .text.free_pipe_list
                0x00000000eff578c8       0xe4 common/built-in.o
 .text.xmalloc  0x00000000eff579ac       0x40 common/built-in.o
 .text.new_pipe
                0x00000000eff579ec       0x3c common/built-in.o
 .text.xrealloc
                0x00000000eff57a28       0x40 common/built-in.o
 .text.done_command
                0x00000000eff57a68       0x98 common/built-in.o
 .text.done_pipe
                0x00000000eff57b00       0x58 common/built-in.o
 .text.done_word
                0x00000000eff57b58      0x350 common/built-in.o
 .text.do_showvar
                0x00000000eff57ea8      0x118 common/built-in.o
 .text.is_assignment
                0x00000000eff57fc0       0x7c common/built-in.o
 .text.file_get
                0x00000000eff5803c      0x1dc common/built-in.o
 .text.b_addchr
                0x00000000eff58218       0x94 common/built-in.o
 .text.b_addqchr
                0x00000000eff582ac       0x78 common/built-in.o
 .text.static_peek
                0x00000000eff58324        0xc common/built-in.o
 .text.get_local_var
                0x00000000eff58330       0xac common/built-in.o
                0x00000000eff58330                get_local_var
 .text.set_local_var
                0x00000000eff583dc      0x1d0 common/built-in.o
                0x00000000eff583dc                set_local_var
 .text.insert_var_value_sub
                0x00000000eff585ac      0x2d8 common/built-in.o
 .text.parse_string_outer
                0x00000000eff58884      0x100 common/built-in.o
                0x00000000eff58884                parse_string_outer
 .text.run_list_real
                0x00000000eff58984      0x788 common/built-in.o
 .text.parse_stream_outer
                0x00000000eff5910c      0x714 common/built-in.o
 .text.parse_file_outer
                0x00000000eff59820       0x58 common/built-in.o
                0x00000000eff59820                parse_file_outer
 .text.u_boot_hush_start
                0x00000000eff59878       0x68 common/built-in.o
                0x00000000eff59878                u_boot_hush_start
 .text.bootdelay_process
                0x00000000eff598e0       0x64 common/built-in.o
                0x00000000eff598e0                bootdelay_process
 .text.autoboot_command
                0x00000000eff59944      0x108 common/built-in.o
                0x00000000eff59944                autoboot_command
 .text.log_init
                0x00000000eff59a4c       0x10 common/built-in.o
 .text.setup_mon_len
                0x00000000eff59a5c       0x3c common/built-in.o
 .text.reserve_round_4k
                0x00000000eff59a98       0x14 common/built-in.o
 .text.reserve_uboot
                0x00000000eff59aac       0x44 common/built-in.o
 .text.reserve_malloc
                0x00000000eff59af0       0x18 common/built-in.o
 .text.reserve_global_data
                0x00000000eff59b08       0x20 common/built-in.o
 .text.reserve_fdt
                0x00000000eff59b28       0x4c common/built-in.o
 .text.setup_board_part1
                0x00000000eff59b74       0x2c common/built-in.o
 .text.setup_board_part2
                0x00000000eff59ba0       0x1c common/built-in.o
 .text.initf_dm
                0x00000000eff59bbc        0x8 common/built-in.o
 .text.arch_cpu_init_dm
                0x00000000eff59bc4        0x8 common/built-in.o
                0x00000000eff59bc4                arch_cpu_init_dm
 .text.jump_to_copy
                0x00000000eff59bcc       0x44 common/built-in.o
 .text.setup_reloc
                0x00000000eff59c10       0x5c common/built-in.o
 .text.reloc_fdt
                0x00000000eff59c6c       0x64 common/built-in.o
 .text.reserve_board
                0x00000000eff59cd0       0x6c common/built-in.o
 .text.announce_dram_init
                0x00000000eff59d3c       0x34 common/built-in.o
 .text.init_func_spi
                0x00000000eff59d70       0x40 common/built-in.o
 .text.init_func_i2c
                0x00000000eff59db0       0x40 common/built-in.o
 .text.init_baud_rate
                0x00000000eff59df0       0x48 common/built-in.o
 .text.initf_bootstage
                0x00000000eff59e38       0x34 common/built-in.o
 .text.reserve_arch
                0x00000000eff59e6c        0x8 common/built-in.o
                0x00000000eff59e6c                reserve_arch
 .text.display_text_info
                0x00000000eff59e74        0x8 common/built-in.o
 .text.dram_init_banksize
                0x00000000eff59e7c        0x8 common/built-in.o
                0x00000000eff59e7c                dram_init_banksize
 .text.mach_cpu_init
                0x00000000eff59e84        0x8 common/built-in.o
                0x00000000eff59e84                mach_cpu_init
 .text.reserve_video
                0x00000000eff59e8c        0x8 common/built-in.o
 .text.reserve_trace
                0x00000000eff59e94        0x8 common/built-in.o
 .text.setup_machine
                0x00000000eff59e9c        0x8 common/built-in.o
 .text.reserve_bootstage
                0x00000000eff59ea4        0x8 common/built-in.o
 .text.display_new_sp
                0x00000000eff59eac        0x8 common/built-in.o
 .text.reloc_bootstage
                0x00000000eff59eb4        0x8 common/built-in.o
 .text.initf_console_record
                0x00000000eff59ebc        0x8 common/built-in.o
 .text.show_dram_config
                0x00000000eff59ec4       0x4c common/built-in.o
 .text.board_get_usable_ram_top
                0x00000000eff59f10        0xc common/built-in.o
                0x00000000eff59f10                board_get_usable_ram_top
 .text.setup_dest_addr
                0x00000000eff59f1c       0x84 common/built-in.o
 .text.reserve_stacks
                0x00000000eff59fa0       0x48 common/built-in.o
 .text.board_init_f
                0x00000000eff59fe8       0x38 common/built-in.o
                0x00000000eff59fe8                board_init_f
 .text.bootstage_relocate
                0x00000000eff5a020        0x8 common/built-in.o
 .text.initr_reloc
                0x00000000eff5a028       0x14 common/built-in.o
 .text.initr_barrier
                0x00000000eff5a03c       0x10 common/built-in.o
 .text.power_init_board
                0x00000000eff5a04c        0x8 common/built-in.o
                0x00000000eff5a04c                power_init_board
 .text.initr_spi
                0x00000000eff5a054        0x8 common/built-in.o
 .text.run_main_loop
                0x00000000eff5a05c       0x28 common/built-in.o
 .text.initr_net
                0x00000000eff5a084       0x38 common/built-in.o
 .text.initr_ethaddr
                0x00000000eff5a0bc       0x54 common/built-in.o
 .text.initr_jumptable
                0x00000000eff5a110       0x30 common/built-in.o
 .text.initr_pci
                0x00000000eff5a140       0x30 common/built-in.o
 .text.initr_env
                0x00000000eff5a170       0x48 common/built-in.o
 .text.initr_addr_map
                0x00000000eff5a1b8       0x30 common/built-in.o
 .text.initr_trap
                0x00000000eff5a1e8       0x34 common/built-in.o
 .text.initr_serial
                0x00000000eff5a21c       0x30 common/built-in.o
 .text.initr_bootstage
                0x00000000eff5a24c       0x34 common/built-in.o
 .text.initr_malloc
                0x00000000eff5a280       0x44 common/built-in.o
 .text.initr_unlock_ram_in_cache
                0x00000000eff5a2c4       0x30 common/built-in.o
 .text.initr_trace
                0x00000000eff5a2f4        0x8 common/built-in.o
 .text.initr_console_record
                0x00000000eff5a2fc        0x8 common/built-in.o
 .text.initr_announce
                0x00000000eff5a304        0x8 common/built-in.o
 .text.board_flash_wp_on
                0x00000000eff5a30c        0x8 common/built-in.o
                0x00000000eff5a30c                board_flash_wp_on
 .text.initr_flash
                0x00000000eff5a314       0x80 common/built-in.o
 .text.initr_secondary_cpu
                0x00000000eff5a394       0x30 common/built-in.o
 .text.initr_reloc_global_data
                0x00000000eff5a3c4       0x58 common/built-in.o
 .text.board_init_r
                0x00000000eff5a41c       0x3c common/built-in.o
                0x00000000eff5a41c                board_init_r
 .text.show_board_info
                0x00000000eff5a458       0x2c common/built-in.o
                0x00000000eff5a458                show_board_info
 .text.bootm_find_images
                0x00000000eff5a484       0xd8 common/built-in.o
                0x00000000eff5a484                bootm_find_images
 .text.bootm_decomp_image
                0x00000000eff5a55c      0x154 common/built-in.o
                0x00000000eff5a55c                bootm_decomp_image
 .text.bootm_disable_interrupts
                0x00000000eff5a6b0       0x38 common/built-in.o
                0x00000000eff5a6b0                bootm_disable_interrupts
 .text.do_bootm_states
                0x00000000eff5a6e8      0x85c common/built-in.o
                0x00000000eff5a6e8                do_bootm_states
 .text.copy_args
                0x00000000eff5af44       0x74 common/built-in.o
 .text.do_bootm_rtems
                0x00000000eff5afb8       0x84 common/built-in.o
 .text.do_bootm_plan9
                0x00000000eff5b03c       0xe0 common/built-in.o
 .text.do_bootm_standalone
                0x00000000eff5b11c       0x7c common/built-in.o
 .text.do_bootm_qnxelf
                0x00000000eff5b198       0xb8 common/built-in.o
 .text.do_bootm_netbsd
                0x00000000eff5b250      0x138 common/built-in.o
 .text.do_bootvx_fdt
                0x00000000eff5b388      0x118 common/built-in.o
                0x00000000eff5b388                do_bootvx_fdt
 .text.do_bootm_vxworks
                0x00000000eff5b4a0       0x68 common/built-in.o
 .text.boot_selected_os
                0x00000000eff5b508       0x7c common/built-in.o
                0x00000000eff5b508                boot_selected_os
 .text.bootm_os_get_boot_func
                0x00000000eff5b584       0x38 common/built-in.o
                0x00000000eff5b584                bootm_os_get_boot_func
 .text.of_bus_default_map
                0x00000000eff5b5bc       0xc0 common/built-in.o
 .text.fdt_support_default_count_cells
                0x00000000eff5b67c       0x78 common/built-in.o
                0x00000000eff5b67c                fdt_support_default_count_cells
 .text.fdt_fixup_stdout
                0x00000000eff5b6f4       0xf0 common/built-in.o
 .text.of_bus_default_translate
                0x00000000eff5b7e4       0x90 common/built-in.o
 .text.fdt_getprop_u32_default_node
                0x00000000eff5b874       0x68 common/built-in.o
                0x00000000eff5b874                fdt_getprop_u32_default_node
 .text.fdt_getprop_u32_default
                0x00000000eff5b8dc       0x5c common/built-in.o
                0x00000000eff5b8dc                fdt_getprop_u32_default
 .text.fdt_find_and_setprop
                0x00000000eff5b938       0x90 common/built-in.o
                0x00000000eff5b938                fdt_find_and_setprop
 .text.fdt_find_or_add_subnode
                0x00000000eff5b9c8       0x78 common/built-in.o
                0x00000000eff5b9c8                fdt_find_or_add_subnode
 .text.fdt_root
                0x00000000eff5ba40       0x98 common/built-in.o
                0x00000000eff5ba40                fdt_root
 .text.fdt_initrd
                0x00000000eff5bad8      0x1cc common/built-in.o
                0x00000000eff5bad8                fdt_initrd
 .text.fdt_chosen
                0x00000000eff5bca4       0xd4 common/built-in.o
                0x00000000eff5bca4                fdt_chosen
 .text.do_fixup_by_path
                0x00000000eff5bd78       0x54 common/built-in.o
                0x00000000eff5bd78                do_fixup_by_path
 .text.do_fixup_by_prop
                0x00000000eff5bdcc       0xd8 common/built-in.o
                0x00000000eff5bdcc                do_fixup_by_prop
 .text.do_fixup_by_prop_u32
                0x00000000eff5bea4       0x40 common/built-in.o
                0x00000000eff5bea4                do_fixup_by_prop_u32
 .text.do_fixup_by_compat
                0x00000000eff5bee4       0xc0 common/built-in.o
                0x00000000eff5bee4                do_fixup_by_compat
 .text.do_fixup_by_compat_u32
                0x00000000eff5bfa4       0x40 common/built-in.o
                0x00000000eff5bfa4                do_fixup_by_compat_u32
 .text.fdt_fixup_memory_banks
                0x00000000eff5bfe4      0x1ec common/built-in.o
                0x00000000eff5bfe4                fdt_fixup_memory_banks
 .text.fdt_fixup_memory
                0x00000000eff5c1d0       0x48 common/built-in.o
                0x00000000eff5c1d0                fdt_fixup_memory
 .text.fdt_fixup_ethernet
                0x00000000eff5c218      0x1c4 common/built-in.o
                0x00000000eff5c218                fdt_fixup_ethernet
 .text.fdt_shrink_to_minimum
                0x00000000eff5c3dc       0xe8 common/built-in.o
                0x00000000eff5c3dc                fdt_shrink_to_minimum
 .text.fdt_pci_dma_ranges
                0x00000000eff5c4c4      0x16c common/built-in.o
                0x00000000eff5c4c4                fdt_pci_dma_ranges
 .text.fdt_translate_address
                0x00000000eff5c630      0x288 common/built-in.o
                0x00000000eff5c630                fdt_translate_address
 .text.fdt_node_offset_by_compat_reg
                0x00000000eff5c8b8       0xb4 common/built-in.o
                0x00000000eff5c8b8                fdt_node_offset_by_compat_reg
 .text.fdt_verify_alias_address
                0x00000000eff5c96c       0xe0 common/built-in.o
                0x00000000eff5c96c                fdt_verify_alias_address
 .text.miiphy_get_dev_by_name
                0x00000000eff5ca4c       0x78 common/built-in.o
                0x00000000eff5ca4c                miiphy_get_dev_by_name
 .text.miiphy_init
                0x00000000eff5cac4       0x44 common/built-in.o
                0x00000000eff5cac4                miiphy_init
 .text.mdio_alloc
                0x00000000eff5cb08       0x50 common/built-in.o
                0x00000000eff5cb08                mdio_alloc
 .text.mdio_register
                0x00000000eff5cb58       0xac common/built-in.o
                0x00000000eff5cb58                mdio_register
 .text.mdio_list_devices
                0x00000000eff5cc04       0xb4 common/built-in.o
                0x00000000eff5cc04                mdio_list_devices
 .text.miiphy_set_current_dev
                0x00000000eff5ccb8       0x58 common/built-in.o
                0x00000000eff5ccb8                miiphy_set_current_dev
 .text.miiphy_get_active_dev
                0x00000000eff5cd10       0x78 common/built-in.o
 .text.mdio_get_current_dev
                0x00000000eff5cd88       0x34 common/built-in.o
                0x00000000eff5cd88                mdio_get_current_dev
 .text.mdio_phydev_for_ethname
                0x00000000eff5cdbc       0xa8 common/built-in.o
                0x00000000eff5cdbc                mdio_phydev_for_ethname
 .text.miiphy_get_current_dev
                0x00000000eff5ce64       0x44 common/built-in.o
                0x00000000eff5ce64                miiphy_get_current_dev
 .text.miiphy_read
                0x00000000eff5cea8       0x60 common/built-in.o
                0x00000000eff5cea8                miiphy_read
 .text.miiphy_write
                0x00000000eff5cf08       0x54 common/built-in.o
                0x00000000eff5cf08                miiphy_write
 .text.miiphy_listdev
                0x00000000eff5cf5c       0x80 common/built-in.o
                0x00000000eff5cf5c                miiphy_listdev
 .text.miiphy_info
                0x00000000eff5cfdc       0xac common/built-in.o
                0x00000000eff5cfdc                miiphy_info
 .text.miiphy_is_1000base_x
                0x00000000eff5d088       0x5c common/built-in.o
                0x00000000eff5d088                miiphy_is_1000base_x
 .text.miiphy_speed
                0x00000000eff5d0e4      0x130 common/built-in.o
                0x00000000eff5d0e4                miiphy_speed
 .text.miiphy_duplex
                0x00000000eff5d214      0x158 common/built-in.o
                0x00000000eff5d214                miiphy_duplex
 .text.usb_set_maxpacket_ep
                0x00000000eff5d36c       0x64 common/built-in.o
 .text.usb_stop
                0x00000000eff5d3d0       0x70 common/built-in.o
                0x00000000eff5d3d0                usb_stop
 .text.usb_disable_asynch
                0x00000000eff5d440       0x44 common/built-in.o
                0x00000000eff5d440                usb_disable_asynch
 .text.usb_control_msg
                0x00000000eff5d484       0xec common/built-in.o
                0x00000000eff5d484                usb_control_msg
 .text.usb_get_descriptor
                0x00000000eff5d570       0x6c common/built-in.o
 .text.get_descriptor_len
                0x00000000eff5d5dc       0xa0 common/built-in.o
 .text.usb_setup_descriptor
                0x00000000eff5d67c       0xfc common/built-in.o
 .text.usb_get_string
                0x00000000eff5d778       0x94 common/built-in.o
 .text.usb_string_sub
                0x00000000eff5d80c      0x124 common/built-in.o
 .text.usb_bulk_msg
                0x00000000eff5d930       0x9c common/built-in.o
                0x00000000eff5d930                usb_bulk_msg
 .text.usb_maxpacket
                0x00000000eff5d9cc       0x2c common/built-in.o
                0x00000000eff5d9cc                usb_maxpacket
 .text.usb_clear_halt
                0x00000000eff5d9f8       0xa8 common/built-in.o
                0x00000000eff5d9f8                usb_clear_halt
 .text.usb_get_configuration_len
                0x00000000eff5daa0       0x90 common/built-in.o
                0x00000000eff5daa0                usb_get_configuration_len
 .text.usb_get_configuration_no
                0x00000000eff5db30       0x34 common/built-in.o
                0x00000000eff5db30                usb_get_configuration_no
 .text.usb_set_interface
                0x00000000eff5db64       0xd8 common/built-in.o
                0x00000000eff5db64                usb_set_interface
 .text.usb_string
                0x00000000eff5dc3c      0x128 common/built-in.o
                0x00000000eff5dc3c                usb_string
 .text.usb_get_dev_index
                0x00000000eff5dd64       0x48 common/built-in.o
                0x00000000eff5dd64                usb_get_dev_index
 .text.usb_alloc_new_device
                0x00000000eff5ddac       0xb0 common/built-in.o
                0x00000000eff5ddac                usb_alloc_new_device
 .text.usb_free_device
                0x00000000eff5de5c       0x60 common/built-in.o
                0x00000000eff5de5c                usb_free_device
 .text.usb_alloc_device
                0x00000000eff5debc        0x8 common/built-in.o
                0x00000000eff5debc                usb_alloc_device
 .text.usb_select_config
                0x00000000eff5dec4      0x49c common/built-in.o
                0x00000000eff5dec4                usb_select_config
 .text.usb_setup_device
                0x00000000eff5e360      0x104 common/built-in.o
                0x00000000eff5e360                usb_setup_device
 .text.usb_new_device
                0x00000000eff5e464       0x58 common/built-in.o
                0x00000000eff5e464                usb_new_device
 .text.usb_init
                0x00000000eff5e4bc      0x154 common/built-in.o
                0x00000000eff5e4bc                usb_init
 .text.usb_device_has_child_on_port
                0x00000000eff5e610       0x1c common/built-in.o
                0x00000000eff5e610                usb_device_has_child_on_port
 .text.usb_find_usb2_hub_address_port
                0x00000000eff5e62c       0x78 common/built-in.o
                0x00000000eff5e62c                usb_find_usb2_hub_address_port
 .text.usb_set_port_feature
                0x00000000eff5e6a4       0x60 common/built-in.o
 .text.usb_clear_port_feature
                0x00000000eff5e704       0x60 common/built-in.o
 .text.usb_get_hub_descriptor
                0x00000000eff5e764       0x78 common/built-in.o
 .text.usb_hub_reset_devices
                0x00000000eff5e7dc        0x4 common/built-in.o
                0x00000000eff5e7dc                usb_hub_reset_devices
 .text.usb_get_port_status
                0x00000000eff5e7e0       0x64 common/built-in.o
                0x00000000eff5e7e0                usb_get_port_status
 .text.usb_hub_reset
                0x00000000eff5e844       0x44 common/built-in.o
                0x00000000eff5e844                usb_hub_reset
 .text.usb_hub_port_connect_change
                0x00000000eff5e888      0x1f8 common/built-in.o
                0x00000000eff5e888                usb_hub_port_connect_change
 .text.usb_hub_configure
                0x00000000eff5ea80      0x5b4 common/built-in.o
 .text.usb_hub_probe
                0x00000000eff5f034       0x54 common/built-in.o
                0x00000000eff5f034                usb_hub_probe
 .text.usb_stor_irq
                0x00000000eff5f088       0x20 common/built-in.o
 .text.usb_stor_BBB_reset
                0x00000000eff5f0a8      0x130 common/built-in.o
 .text.usb_stor_CB_reset
                0x00000000eff5f1d8      0x104 common/built-in.o
 .text.usb_stor_BBB_clear_endpt_stall.isra.3
                0x00000000eff5f2dc       0x60 common/built-in.o
 .text.usb_stor_BBB_transport
                0x00000000eff5f33c      0x2c4 common/built-in.o
 .text.usb_stor_CB_comdat
                0x00000000eff5f600      0x204 common/built-in.o
 .text.usb_stor_CBI_get_status.isra.5
                0x00000000eff5f804       0xf4 common/built-in.o
 .text.usb_stor_CB_transport
                0x00000000eff5f8f8      0x244 common/built-in.o
 .text.usb_request_sense.constprop.11
                0x00000000eff5fb3c       0x94 common/built-in.o
 .text.usb_stor_read
                0x00000000eff5fbd0      0x15c common/built-in.o
 .text.usb_stor_write
                0x00000000eff5fd2c      0x15c common/built-in.o
 .text.usb_stor_info
                0x00000000eff5fe88       0x88 common/built-in.o
                0x00000000eff5fe88                usb_stor_info
 .text.usb_stor_reset
                0x00000000eff5ff10       0x38 common/built-in.o
                0x00000000eff5ff10                usb_stor_reset
 .text.usb_storage_probe
                0x00000000eff5ff48      0x230 common/built-in.o
                0x00000000eff5ff48                usb_storage_probe
 .text.usb_stor_get_info
                0x00000000eff60178      0x348 common/built-in.o
                0x00000000eff60178                usb_stor_get_info
 .text.usb_stor_scan
                0x00000000eff604c0      0x1d0 common/built-in.o
                0x00000000eff604c0                usb_stor_scan
 .text.flash_protect
                0x00000000eff60690       0xd4 common/built-in.o
                0x00000000eff60690                flash_protect
 .text.addr2info
                0x00000000eff60764       0x70 common/built-in.o
                0x00000000eff60764                addr2info
 .text.flash_write
                0x00000000eff607d4      0x158 common/built-in.o
                0x00000000eff607d4                flash_write
 .text.flash_perror
                0x00000000eff6092c       0xe8 common/built-in.o
                0x00000000eff6092c                flash_perror
 .text.delete_char.part.0
                0x00000000eff60a14       0xec common/built-in.o
 .text.cread_add_char
                0x00000000eff60b00      0x100 common/built-in.o
 .text.cli_readline_into_buffer
                0x00000000eff60c00      0x9c8 common/built-in.o
                0x00000000eff60c00                cli_readline_into_buffer
 .text.cli_readline
                0x00000000eff615c8       0x3c common/built-in.o
                0x00000000eff615c8                cli_readline
 .text.hwconfig_parse
                0x00000000eff61604      0x14c common/built-in.o
 .text.__hwconfig
                0x00000000eff61750       0xfc common/built-in.o
 .text.hwconfig_f
                0x00000000eff6184c       0x30 common/built-in.o
                0x00000000eff6184c                hwconfig_f
 .text.hwconfig_sub_f
                0x00000000eff6187c       0x64 common/built-in.o
                0x00000000eff6187c                hwconfig_sub_f
 .text.hwconfig_subarg_f
                0x00000000eff618e0       0x64 common/built-in.o
                0x00000000eff618e0                hwconfig_subarg_f
 .text.hwconfig_subarg_cmp_f
                0x00000000eff61944       0x70 common/built-in.o
                0x00000000eff61944                hwconfig_subarg_cmp_f
 .text.console_setfile
                0x00000000eff619b4       0xd0 common/built-in.o
 .text.fgetc    0x00000000eff61a84       0x50 common/built-in.o
                0x00000000eff61a84                fgetc
 .text.getc     0x00000000eff61ad4       0x50 common/built-in.o
                0x00000000eff61ad4                getc
 .text.ftstc    0x00000000eff61b24       0x50 common/built-in.o
                0x00000000eff61b24                ftstc
 .text.tstc     0x00000000eff61b74       0x50 common/built-in.o
                0x00000000eff61b74                tstc
 .text.fputc    0x00000000eff61bc4       0x48 common/built-in.o
                0x00000000eff61bc4                fputc
 .text.putc     0x00000000eff61c0c       0x54 common/built-in.o
                0x00000000eff61c0c                putc
 .text.fputs    0x00000000eff61c60       0x48 common/built-in.o
                0x00000000eff61c60                fputs
 .text.puts     0x00000000eff61ca8       0x54 common/built-in.o
                0x00000000eff61ca8                puts
 .text.ctrlc    0x00000000eff61cfc       0x78 common/built-in.o
                0x00000000eff61cfc                ctrlc
 .text.confirm_yesno
                0x00000000eff61d74       0xe8 common/built-in.o
                0x00000000eff61d74                confirm_yesno
 .text.had_ctrlc
                0x00000000eff61e5c       0x34 common/built-in.o
                0x00000000eff61e5c                had_ctrlc
 .text.clear_ctrlc
                0x00000000eff61e90       0x38 common/built-in.o
                0x00000000eff61e90                clear_ctrlc
 .text.search_device
                0x00000000eff61ec8       0x58 common/built-in.o
                0x00000000eff61ec8                search_device
 .text.console_assign
                0x00000000eff61f20       0x74 common/built-in.o
                0x00000000eff61f20                console_assign
 .text.on_console
                0x00000000eff61f94       0xd4 common/built-in.o
 .text.console_init_f
                0x00000000eff62068       0x10 common/built-in.o
                0x00000000eff62068                console_init_f
 .text.stdio_print_current_devices
                0x00000000eff62078       0xb8 common/built-in.o
                0x00000000eff62078                stdio_print_current_devices
 .text.console_init_r
                0x00000000eff62130       0xf8 common/built-in.o
                0x00000000eff62130                console_init_r
 .text.sbrk     0x00000000eff62228       0x7c common/built-in.o
                0x00000000eff62228                sbrk
 .text.mem_malloc_init
                0x00000000eff622a4       0x50 common/built-in.o
                0x00000000eff622a4                mem_malloc_init
 .text.malloc_trim
                0x00000000eff622f4       0xd8 common/built-in.o
                0x00000000eff622f4                malloc_trim
 .text.free     0x00000000eff623cc      0x27c common/built-in.o
                0x00000000eff623cc                free
 .text.malloc   0x00000000eff62648      0x654 common/built-in.o
                0x00000000eff62648                malloc
 .text.calloc   0x00000000eff62c9c       0xf8 common/built-in.o
                0x00000000eff62c9c                calloc
 .text.realloc  0x00000000eff62d94      0x464 common/built-in.o
                0x00000000eff62d94                realloc
 .text.memalign
                0x00000000eff631f8      0x190 common/built-in.o
                0x00000000eff631f8                memalign
 .text.initf_malloc
                0x00000000eff63388        0x8 common/built-in.o
                0x00000000eff63388                initf_malloc
 .text.on_loadaddr
                0x00000000eff63390       0x54 common/built-in.o
 .text.image_check_hcrc
                0x00000000eff633e4       0x68 common/built-in.o
                0x00000000eff633e4                image_check_hcrc
 .text.image_check_dcrc
                0x00000000eff6344c       0x50 common/built-in.o
                0x00000000eff6344c                image_check_dcrc
 .text.image_multi_count
                0x00000000eff6349c       0x20 common/built-in.o
                0x00000000eff6349c                image_multi_count
 .text.image_multi_getimg
                0x00000000eff634bc       0x9c common/built-in.o
                0x00000000eff634bc                image_multi_getimg
 .text.env_get_bootm_low
                0x00000000eff63558       0x50 common/built-in.o
                0x00000000eff63558                env_get_bootm_low
 .text.env_get_bootm_size
                0x00000000eff635a8       0x94 common/built-in.o
                0x00000000eff635a8                env_get_bootm_size
 .text.env_get_bootm_mapsize
                0x00000000eff6363c       0x5c common/built-in.o
                0x00000000eff6363c                env_get_bootm_mapsize
 .text.memmove_wd
                0x00000000eff63698       0x34 common/built-in.o
                0x00000000eff63698                memmove_wd
 .text.genimg_print_size
                0x00000000eff636cc       0x48 common/built-in.o
                0x00000000eff636cc                genimg_print_size
 .text.genimg_print_time
                0x00000000eff63714       0x50 common/built-in.o
                0x00000000eff63714                genimg_print_time
 .text.get_table_entry
                0x00000000eff63764       0x24 common/built-in.o
                0x00000000eff63764                get_table_entry
 .text.get_table_entry_name
                0x00000000eff63788       0x48 common/built-in.o
                0x00000000eff63788                get_table_entry_name
 .text.genimg_get_os_name
                0x00000000eff637d0       0x38 common/built-in.o
                0x00000000eff637d0                genimg_get_os_name
 .text.genimg_get_arch_name
                0x00000000eff63808       0x38 common/built-in.o
                0x00000000eff63808                genimg_get_arch_name
 .text.genimg_get_type_name
                0x00000000eff63840       0x38 common/built-in.o
                0x00000000eff63840                genimg_get_type_name
 .text.genimg_get_comp_name
                0x00000000eff63878       0x38 common/built-in.o
                0x00000000eff63878                genimg_get_comp_name
 .text.image_print_contents
                0x00000000eff638b0      0x198 common/built-in.o
                0x00000000eff638b0                image_print_contents
 .text.get_table_entry_id
                0x00000000eff63a48       0x6c common/built-in.o
                0x00000000eff63a48                get_table_entry_id
 .text.genimg_get_os_id
                0x00000000eff63ab4       0x38 common/built-in.o
                0x00000000eff63ab4                genimg_get_os_id
 .text.genimg_get_arch_id
                0x00000000eff63aec       0x38 common/built-in.o
                0x00000000eff63aec                genimg_get_arch_id
 .text.genimg_get_type_id
                0x00000000eff63b24       0x38 common/built-in.o
                0x00000000eff63b24                genimg_get_type_id
 .text.genimg_get_comp_id
                0x00000000eff63b5c       0x38 common/built-in.o
                0x00000000eff63b5c                genimg_get_comp_id
 .text.genimg_get_kernel_addr_fit
                0x00000000eff63b94       0x94 common/built-in.o
                0x00000000eff63b94                genimg_get_kernel_addr_fit
 .text.genimg_get_format
                0x00000000eff63c28       0x50 common/built-in.o
                0x00000000eff63c28                genimg_get_format
 .text.genimg_has_config
                0x00000000eff63c78       0x10 common/built-in.o
                0x00000000eff63c78                genimg_has_config
 .text.boot_get_ramdisk
                0x00000000eff63c88      0x33c common/built-in.o
                0x00000000eff63c88                boot_get_ramdisk
 .text.boot_ramdisk_high
                0x00000000eff63fc4      0x174 common/built-in.o
                0x00000000eff63fc4                boot_ramdisk_high
 .text.boot_get_setup
                0x00000000eff64138       0x2c common/built-in.o
                0x00000000eff64138                boot_get_setup
 .text.boot_get_loadable
                0x00000000eff64164      0x17c common/built-in.o
                0x00000000eff64164                boot_get_loadable
 .text.boot_get_cmdline
                0x00000000eff642e0       0xa0 common/built-in.o
                0x00000000eff642e0                boot_get_cmdline
 .text.boot_get_kbd
                0x00000000eff64380       0x80 common/built-in.o
                0x00000000eff64380                boot_get_kbd
 .text.image_setup_linux
                0x00000000eff64400       0xa0 common/built-in.o
                0x00000000eff64400                image_setup_linux
 .text.fdt_error
                0x00000000eff644a0       0x44 common/built-in.o
 .text.boot_fdt_add_mem_rsv_regions
                0x00000000eff644e4       0xb8 common/built-in.o
                0x00000000eff644e4                boot_fdt_add_mem_rsv_regions
 .text.boot_relocate_fdt
                0x00000000eff6459c      0x1b8 common/built-in.o
                0x00000000eff6459c                boot_relocate_fdt
 .text.boot_get_fdt
                0x00000000eff64754      0x38c common/built-in.o
                0x00000000eff64754                boot_get_fdt
 .text.image_setup_libfdt
                0x00000000eff64ae0      0x15c common/built-in.o
                0x00000000eff64ae0                image_setup_libfdt
 .text.fit_image_get_address
                0x00000000eff64c3c       0x7c common/built-in.o
 .text.fit_parse_conf
                0x00000000eff64cb8       0x80 common/built-in.o
                0x00000000eff64cb8                fit_parse_conf
 .text.fit_parse_subimage
                0x00000000eff64d38       0x80 common/built-in.o
                0x00000000eff64d38                fit_parse_subimage
 .text.fit_get_desc
                0x00000000eff64db8       0x44 common/built-in.o
                0x00000000eff64db8                fit_get_desc
 .text.fit_get_timestamp
                0x00000000eff64dfc       0x64 common/built-in.o
                0x00000000eff64dfc                fit_get_timestamp
 .text.fit_image_get_node
                0x00000000eff64e60       0x54 common/built-in.o
                0x00000000eff64e60                fit_image_get_node
 .text.fit_image_get_os
                0x00000000eff64eb4       0x5c common/built-in.o
                0x00000000eff64eb4                fit_image_get_os
 .text.fit_image_get_arch
                0x00000000eff64f10       0x5c common/built-in.o
                0x00000000eff64f10                fit_image_get_arch
 .text.fit_image_get_type
                0x00000000eff64f6c       0x5c common/built-in.o
                0x00000000eff64f6c                fit_image_get_type
 .text.fit_image_get_comp
                0x00000000eff64fc8       0x5c common/built-in.o
                0x00000000eff64fc8                fit_image_get_comp
 .text.fit_image_get_load
                0x00000000eff65024       0x34 common/built-in.o
                0x00000000eff65024                fit_image_get_load
 .text.fit_image_get_entry
                0x00000000eff65058       0x34 common/built-in.o
                0x00000000eff65058                fit_image_get_entry
 .text.fit_image_get_data
                0x00000000eff6508c       0x60 common/built-in.o
                0x00000000eff6508c                fit_image_get_data
 .text.fit_image_hash_get_algo
                0x00000000eff650ec       0x44 common/built-in.o
                0x00000000eff650ec                fit_image_hash_get_algo
 .text.fit_image_hash_get_value
                0x00000000eff65130       0x60 common/built-in.o
                0x00000000eff65130                fit_image_hash_get_value
 .text.fit_image_print_data
                0x00000000eff65190      0x174 common/built-in.o
 .text.fit_image_print
                0x00000000eff65304      0x39c common/built-in.o
                0x00000000eff65304                fit_image_print
 .text.fit_get_end
                0x00000000eff656a0        0xc common/built-in.o
                0x00000000eff656a0                fit_get_end
 .text.calculate_hash
                0x00000000eff656ac      0x108 common/built-in.o
                0x00000000eff656ac                calculate_hash
 .text.fit_image_verify
                0x00000000eff657b4      0x22c common/built-in.o
                0x00000000eff657b4                fit_image_verify
 .text.fit_all_image_verify
                0x00000000eff659e0      0x10c common/built-in.o
                0x00000000eff659e0                fit_all_image_verify
 .text.fit_image_check_os
                0x00000000eff65aec       0x54 common/built-in.o
                0x00000000eff65aec                fit_image_check_os
 .text.fit_image_check_arch
                0x00000000eff65b40       0x6c common/built-in.o
                0x00000000eff65b40                fit_image_check_arch
 .text.fit_image_check_type
                0x00000000eff65bac       0x54 common/built-in.o
                0x00000000eff65bac                fit_image_check_type
 .text.fit_image_check_comp
                0x00000000eff65c00       0x54 common/built-in.o
                0x00000000eff65c00                fit_image_check_comp
 .text.fit_check_format
                0x00000000eff65c54       0x7c common/built-in.o
                0x00000000eff65c54                fit_check_format
 .text.fit_conf_get_node
                0x00000000eff65cd0       0xec common/built-in.o
                0x00000000eff65cd0                fit_conf_get_node
 .text.fit_conf_get_prop_node_count
                0x00000000eff65dbc       0x2c common/built-in.o
                0x00000000eff65dbc                fit_conf_get_prop_node_count
 .text.fit_conf_get_prop_node_index
                0x00000000eff65de8       0x4c common/built-in.o
                0x00000000eff65de8                fit_conf_get_prop_node_index
 .text.fit_conf_get_prop_node
                0x00000000eff65e34       0x30 common/built-in.o
                0x00000000eff65e34                fit_conf_get_prop_node
 .text.fit_conf_print
                0x00000000eff65e64      0x1c0 common/built-in.o
                0x00000000eff65e64                fit_conf_print
 .text.fit_print_contents
                0x00000000eff66024      0x248 common/built-in.o
                0x00000000eff66024                fit_print_contents
 .text.fit_get_node_from_config
                0x00000000eff6626c       0x68 common/built-in.o
                0x00000000eff6626c                fit_get_node_from_config
 .text.fit_image_load
                0x00000000eff662d4      0x56c common/built-in.o
                0x00000000eff662d4                fit_image_load
 .text.boot_get_setup_fit
                0x00000000eff66840       0x7c common/built-in.o
                0x00000000eff66840                boot_get_setup_fit
 .text.boot_get_fdt_fit
                0x00000000eff668bc      0x17c common/built-in.o
                0x00000000eff668bc                boot_get_fdt_fit
 .text.get_effective_memsize
                0x00000000eff66a38        0xc common/built-in.o
                0x00000000eff66a38                get_effective_memsize
 .text.stdio_serial_tstc
                0x00000000eff66a44       0x2c common/built-in.o
 .text.stdio_serial_getc
                0x00000000eff66a70       0x2c common/built-in.o
 .text.stdio_serial_puts
                0x00000000eff66a9c       0x30 common/built-in.o
 .text.stdio_serial_putc
                0x00000000eff66acc       0x30 common/built-in.o
 .text.stdio_get_list
                0x00000000eff66afc       0x34 common/built-in.o
                0x00000000eff66afc                stdio_get_list
 .text.stdio_get_by_name
                0x00000000eff66b30       0x74 common/built-in.o
                0x00000000eff66b30                stdio_get_by_name
 .text.stdio_clone
                0x00000000eff66ba4       0x70 common/built-in.o
                0x00000000eff66ba4                stdio_clone
 .text.stdio_register_dev
                0x00000000eff66c14       0x70 common/built-in.o
                0x00000000eff66c14                stdio_register_dev
 .text.stdio_register
                0x00000000eff66c84       0x30 common/built-in.o
                0x00000000eff66c84                stdio_register
 .text.stdio_init_tables
                0x00000000eff66cb4       0x40 common/built-in.o
                0x00000000eff66cb4                stdio_init_tables
 .text.stdio_add_devices
                0x00000000eff66cf4       0x84 common/built-in.o
                0x00000000eff66cf4                stdio_add_devices
 .text.run_command
                0x00000000eff66d78       0x40 common/built-in.o
                0x00000000eff66d78                run_command
 .text.run_command_list
                0x00000000eff66db8       0x98 common/built-in.o
                0x00000000eff66db8                run_command_list
 .text.do_run   0x00000000eff66e50       0x88 common/built-in.o
                0x00000000eff66e50                do_run
 .text.cli_loop
                0x00000000eff66ed8       0x28 common/built-in.o
                0x00000000eff66ed8                cli_loop
 .text.cli_init
                0x00000000eff66f00       0x2c common/built-in.o
                0x00000000eff66f00                cli_init
 .text.find_cmd_tbl
                0x00000000eff66f2c       0xc4 common/built-in.o
                0x00000000eff66f2c                find_cmd_tbl
 .text.find_cmd
                0x00000000eff66ff0       0x48 common/built-in.o
                0x00000000eff66ff0                find_cmd
 .text.cmd_usage
                0x00000000eff67038       0x70 common/built-in.o
                0x00000000eff67038                cmd_usage
 .text._do_help
                0x00000000eff670a8      0x1b4 common/built-in.o
                0x00000000eff670a8                _do_help
 .text.cmd_get_data_size
                0x00000000eff6725c       0x7c common/built-in.o
                0x00000000eff6725c                cmd_get_data_size
 .text.cmd_process
                0x00000000eff672d8      0x108 common/built-in.o
                0x00000000eff672d8                cmd_process
 .text.hex1_bin
                0x00000000eff673e0       0x48 common/built-in.o
 .text.hex2_bin
                0x00000000eff67428       0x50 common/built-in.o
 .text.srec_decode
                0x00000000eff67478      0x26c common/built-in.o
                0x00000000eff67478                srec_decode
 .text.CYGACC_COMM_IF_GETC_TIMEOUT.isra.0
                0x00000000eff676e4       0x6c common/built-in.o
 .text.xyzModem_flush
                0x00000000eff67750       0x2c common/built-in.o
 .text.xyzModem_get_hdr
                0x00000000eff6777c      0x274 common/built-in.o
 .text.xyzModem_stream_open
                0x00000000eff679f0      0x264 common/built-in.o
                0x00000000eff679f0                xyzModem_stream_open
 .text.xyzModem_stream_read
                0x00000000eff67c54      0x278 common/built-in.o
                0x00000000eff67c54                xyzModem_stream_read
 .text.xyzModem_stream_close
                0x00000000eff67ecc       0x58 common/built-in.o
                0x00000000eff67ecc                xyzModem_stream_close
 .text.xyzModem_stream_terminate
                0x00000000eff67f24       0xb4 common/built-in.o
                0x00000000eff67f24                xyzModem_stream_terminate
 .text.xyzModem_error
                0x00000000eff67fd8       0x94 common/built-in.o
                0x00000000eff67fd8                xyzModem_error
 .text.dev_print
                0x00000000eff6806c      0x1f8 disk/built-in.o
                0x00000000eff6806c                dev_print
 .text.part_init
                0x00000000eff68264       0x70 disk/built-in.o
                0x00000000eff68264                part_init
 .text.part_print
                0x00000000eff682d4      0x114 disk/built-in.o
                0x00000000eff682d4                part_print
 .text.part_get_info
                0x00000000eff683e8       0x88 disk/built-in.o
                0x00000000eff683e8                part_get_info
 .text.part_get_info_whole_disk
                0x00000000eff68470       0x64 disk/built-in.o
                0x00000000eff68470                part_get_info_whole_disk
 .text.blk_get_device_by_str
                0x00000000eff684d4      0x168 disk/built-in.o
                0x00000000eff684d4                blk_get_device_by_str
 .text.blk_get_device_part_str
                0x00000000eff6863c      0x3cc disk/built-in.o
                0x00000000eff6863c                blk_get_device_part_str
 .text.part_set_generic_name
                0x00000000eff68a08       0x94 disk/built-in.o
                0x00000000eff68a08                part_set_generic_name
 .text.test_block_type
                0x00000000eff68a9c       0x9c disk/built-in.o
 .text.print_partition_extended
                0x00000000eff68b38      0x298 disk/built-in.o
 .text.part_print_dos
                0x00000000eff68dd0       0x54 disk/built-in.o
                0x00000000eff68dd0                part_print_dos
 .text.part_test_dos
                0x00000000eff68e24       0x98 disk/built-in.o
 .text.part_get_info_extended.constprop.1
                0x00000000eff68ebc      0x2c4 disk/built-in.o
 .text.part_get_info_dos
                0x00000000eff69180       0x18 disk/built-in.o
                0x00000000eff69180                part_get_info_dos
 .text.ata_id_n_sectors
                0x00000000eff69198       0x74 drivers/built-in.o
                0x00000000eff69198                ata_id_n_sectors
 .text.ata_id_c_string
                0x00000000eff6920c       0xb8 drivers/built-in.o
                0x00000000eff6920c                ata_id_c_string
 .text.ata_swap_buf_le16
                0x00000000eff692c4       0x28 drivers/built-in.o
                0x00000000eff692c4                ata_swap_buf_le16
 .text.sata_bwrite
                0x00000000eff692ec       0x30 drivers/built-in.o
 .text.sata_bread
                0x00000000eff6931c       0x30 drivers/built-in.o
 .text.__sata_initialize
                0x00000000eff6934c       0xdc drivers/built-in.o
                0x00000000eff6934c                sata_initialize
                0x00000000eff6934c                __sata_initialize
 .text.__sata_stop
                0x00000000eff69428       0x50 drivers/built-in.o
                0x00000000eff69428                __sata_stop
                0x00000000eff69428                sata_stop
 .text.sil_sata_dump_fis
                0x00000000eff69478       0xdc drivers/built-in.o
 .text.ata_wait_register
                0x00000000eff69554       0x6c drivers/built-in.o
 .text.sil_init_port
                0x00000000eff695c0       0x68 drivers/built-in.o
 .text.sil_exec_cmd.constprop.0
                0x00000000eff69628       0xd4 drivers/built-in.o
 .text.sil_read_fis.constprop.1
                0x00000000eff696fc       0x74 drivers/built-in.o
 .text.sil_sata_rw_cmd
                0x00000000eff69770      0x16c drivers/built-in.o
 .text.sil_sata_rw_lba28
                0x00000000eff698dc       0x6c drivers/built-in.o
 .text.sil_sata_rw_cmd_ext
                0x00000000eff69948      0x184 drivers/built-in.o
 .text.sil_sata_rw_lba48
                0x00000000eff69acc       0x78 drivers/built-in.o
 .text.sata_read
                0x00000000eff69b44       0x58 drivers/built-in.o
                0x00000000eff69b44                sata_read
 .text.sata_write
                0x00000000eff69b9c       0xfc drivers/built-in.o
                0x00000000eff69b9c                sata_write
 .text.init_sata
                0x00000000eff69c98      0x16c drivers/built-in.o
                0x00000000eff69c98                init_sata
 .text.reset_sata
                0x00000000eff69e04        0x8 drivers/built-in.o
                0x00000000eff69e04                reset_sata
 .text.scan_sata
                0x00000000eff69e0c      0x698 drivers/built-in.o
                0x00000000eff69e0c                scan_sata
 .text.get_desc
                0x00000000eff6a4a4       0x7c drivers/built-in.o
 .text.blk_driver_lookup_type
                0x00000000eff6a520       0x5c drivers/built-in.o
                0x00000000eff6a520                blk_driver_lookup_type
 .text.blk_get_if_type_name
                0x00000000eff6a57c       0x40 drivers/built-in.o
                0x00000000eff6a57c                blk_get_if_type_name
 .text.blk_list_part
                0x00000000eff6a5bc       0xb8 drivers/built-in.o
                0x00000000eff6a5bc                blk_list_part
 .text.blk_print_part_devnum
                0x00000000eff6a674       0x70 drivers/built-in.o
                0x00000000eff6a674                blk_print_part_devnum
 .text.blk_list_devices
                0x00000000eff6a6e4       0x90 drivers/built-in.o
                0x00000000eff6a6e4                blk_list_devices
 .text.blk_print_device_num
                0x00000000eff6a774       0x6c drivers/built-in.o
                0x00000000eff6a774                blk_print_device_num
 .text.blk_show_device
                0x00000000eff6a7e0       0xa0 drivers/built-in.o
                0x00000000eff6a7e0                blk_show_device
 .text.blk_get_devnum_by_type
                0x00000000eff6a880       0x58 drivers/built-in.o
                0x00000000eff6a880                blk_get_devnum_by_type
 .text.blk_dselect_hwpart
                0x00000000eff6a8d8       0x68 drivers/built-in.o
                0x00000000eff6a8d8                blk_dselect_hwpart
 .text.blk_get_devnum_by_typename
                0x00000000eff6a940       0x88 drivers/built-in.o
                0x00000000eff6a940                blk_get_devnum_by_typename
 .text.blk_read_devnum
                0x00000000eff6a9c8       0x7c drivers/built-in.o
                0x00000000eff6a9c8                blk_read_devnum
 .text.blk_write_devnum
                0x00000000eff6aa44       0x7c drivers/built-in.o
                0x00000000eff6aa44                blk_write_devnum
 .text.blk_select_hwpart_devnum
                0x00000000eff6aac0       0x6c drivers/built-in.o
                0x00000000eff6aac0                blk_select_hwpart_devnum
 .text.fdt_fixup_crypto_node
                0x00000000eff6ab2c      0x214 drivers/built-in.o
                0x00000000eff6ab2c                fdt_fixup_crypto_node
 .text.mmc_set_ios
                0x00000000eff6ad40       0x40 drivers/built-in.o
 .text.mmc_set_capacity
                0x00000000eff6ad80       0xd8 drivers/built-in.o
 .text.board_mmc_getwp
                0x00000000eff6ae58        0x8 drivers/built-in.o
                0x00000000eff6ae58                board_mmc_getwp
 .text.mmc_getwp
                0x00000000eff6ae60       0x5c drivers/built-in.o
                0x00000000eff6ae60                mmc_getwp
 .text.board_mmc_getcd
                0x00000000eff6aebc        0x8 drivers/built-in.o
                0x00000000eff6aebc                board_mmc_getcd
 .text.mmc_mode_name
                0x00000000eff6aec4       0x48 drivers/built-in.o
                0x00000000eff6aec4                mmc_mode_name
 .text.mmc_send_cmd
                0x00000000eff6af0c       0x30 drivers/built-in.o
                0x00000000eff6af0c                mmc_send_cmd
 .text.mmc_send_ext_csd
                0x00000000eff6af3c       0x64 drivers/built-in.o
 .text.mmc_read_and_compare_ext_csd
                0x00000000eff6afa0       0xc4 drivers/built-in.o
 .text.mmc_go_idle
                0x00000000eff6b064       0x6c drivers/built-in.o
 .text.mmc_send_op_cond_iter
                0x00000000eff6b0d0       0x90 drivers/built-in.o
 .text.mmc_send_status